Archive member included because of file (symbol)

.\CortexM0\ARM_GCC_484\Debug\BLE Lab 4.a(cyfitter_cfg.o)
                              .\CortexM0\ARM_GCC_484\Debug\Cm0Start.o (cyfitter_cfg)
.\CortexM0\ARM_GCC_484\Debug\BLE Lab 4.a(GREEN.o)
                              .\CortexM0\ARM_GCC_484\Debug\main.o (GREEN_SetDriveMode)
.\CortexM0\ARM_GCC_484\Debug\BLE Lab 4.a(RED.o)
                              .\CortexM0\ARM_GCC_484\Debug\main.o (RED_SetDriveMode)
.\CortexM0\ARM_GCC_484\Debug\BLE Lab 4.a(PRS_2.o)
                              .\CortexM0\ARM_GCC_484\Debug\main.o (PRS_2_Start)
.\CortexM0\ARM_GCC_484\Debug\BLE Lab 4.a(PRS_1.o)
                              .\CortexM0\ARM_GCC_484\Debug\main.o (PRS_1_Start)
.\CortexM0\ARM_GCC_484\Debug\BLE Lab 4.a(BLUE.o)
                              .\CortexM0\ARM_GCC_484\Debug\main.o (BLUE_SetDriveMode)
.\CortexM0\ARM_GCC_484\Debug\BLE Lab 4.a(BLE_1.o)
                              .\CortexM0\ARM_GCC_484\Debug\main.o (CyBle_Start)
.\CortexM0\ARM_GCC_484\Debug\BLE Lab 4.a(BLE_1_gatt.o)
                              .\CortexM0\ARM_GCC_484\Debug\BLEApplications.o (cyBle_state)
.\CortexM0\ARM_GCC_484\Debug\BLE Lab 4.a(BLE_1_eventHandler.o)
                              .\CortexM0\ARM_GCC_484\Debug\BLEApplications.o (cyBle_connHandle)
.\CortexM0\ARM_GCC_484\Debug\BLE Lab 4.a(BLE_1_custom.o)
                              .\CortexM0\ARM_GCC_484\Debug\BLEApplications.o (cyBle_customs)
.\CortexM0\ARM_GCC_484\Debug\BLE Lab 4.a(CapSense.o)
                              .\CortexM0\ARM_GCC_484\Debug\main.o (CapSense_Start)
.\CortexM0\ARM_GCC_484\Debug\BLE Lab 4.a(CapSense_CSHL.o)
                              .\CortexM0\ARM_GCC_484\Debug\BLE Lab 4.a(CapSense.o) (CapSense_rawDataIndex)
.\CortexM0\ARM_GCC_484\Debug\BLE Lab 4.a(CapSense_INT.o)
                              .\CortexM0\ARM_GCC_484\Debug\BLE Lab 4.a(CapSense.o) (CapSense_ISR)
.\CortexM0\ARM_GCC_484\Debug\BLE Lab 4.a(CapSense_SMS.o)
                              .\CortexM0\ARM_GCC_484\Debug\BLE Lab 4.a(CapSense_CSHL.o) (CapSense_config)
.\CortexM0\ARM_GCC_484\Debug\BLE Lab 4.a(CapSense_SampleClk.o)
                              .\CortexM0\ARM_GCC_484\Debug\BLE Lab 4.a(CapSense.o) (CapSense_SampleClk_StartEx)
.\CortexM0\ARM_GCC_484\Debug\BLE Lab 4.a(CapSense_SenseClk.o)
                              .\CortexM0\ARM_GCC_484\Debug\BLE Lab 4.a(CapSense.o) (CapSense_SenseClk_StartEx)
.\CortexM0\ARM_GCC_484\Debug\BLE Lab 4.a(CyBootAsmGnu.o)
                              .\CortexM0\ARM_GCC_484\Debug\BLE Lab 4.a(cyfitter_cfg.o) (CyDelayCycles)
.\CortexM0\ARM_GCC_484\Debug\BLE Lab 4.a(CyLib.o)
                              .\CortexM0\ARM_GCC_484\Debug\BLE Lab 4.a(cyfitter_cfg.o) (CyDelayUs)
D:\Program Files (x86)\Cypress\PSoC Creator\3.1\PSoC Creator\psoc\content\cycomponentlibrary\CyComponentLibrary.cylib\BLE_v1_20\Library\gccCyBLEStack_BLE_SOC_PERIPHERAL.a(CyBle.o)
                              .\CortexM0\ARM_GCC_484\Debug\main.o (CyBle_ProcessEvents)
D:\Program Files (x86)\Cypress\PSoC Creator\3.1\PSoC Creator\psoc\content\cycomponentlibrary\CyComponentLibrary.cylib\BLE_v1_20\Library\gccCyBLEStack_BLE_SOC_PERIPHERAL.a(CyBleStackMgrIP_Interface.o)
                              D:\Program Files (x86)\Cypress\PSoC Creator\3.1\PSoC Creator\psoc\content\cycomponentlibrary\CyComponentLibrary.cylib\BLE_v1_20\Library\gccCyBLEStack_BLE_SOC_PERIPHERAL.a(CyBle.o) (CyBleStackMgr_BleGetConfigData)
D:\Program Files (x86)\Cypress\PSoC Creator\3.1\PSoC Creator\psoc\content\cycomponentlibrary\CyComponentLibrary.cylib\BLE_v1_20\Library\gccCyBLEStack_BLE_SOC_PERIPHERAL.a(BT_os.o)
                              D:\Program Files (x86)\Cypress\PSoC Creator\3.1\PSoC Creator\psoc\content\cycomponentlibrary\CyComponentLibrary.cylib\BLE_v1_20\Library\gccCyBLEStack_BLE_SOC_PERIPHERAL.a(CyBleStackMgrIP_Interface.o) (bt_stack_init_os)
D:\Program Files (x86)\Cypress\PSoC Creator\3.1\PSoC Creator\psoc\content\cycomponentlibrary\CyComponentLibrary.cylib\BLE_v1_20\Library\gccCyBLEStack_BLE_SOC_PERIPHERAL.a(CyBleStackMgr_StackTaskHandler.o)
                              D:\Program Files (x86)\Cypress\PSoC Creator\3.1\PSoC Creator\psoc\content\cycomponentlibrary\CyComponentLibrary.cylib\BLE_v1_20\Library\gccCyBLEStack_BLE_SOC_PERIPHERAL.a(CyBleStackMgrIP_Interface.o) (CyBle_CreateBleStackTask)
D:\Program Files (x86)\Cypress\PSoC Creator\3.1\PSoC Creator\psoc\content\cycomponentlibrary\CyComponentLibrary.cylib\BLE_v1_20\Library\gccCyBLEStack_BLE_SOC_PERIPHERAL.a(transport_sf.o)
                              D:\Program Files (x86)\Cypress\PSoC Creator\3.1\PSoC Creator\psoc\content\cycomponentlibrary\CyComponentLibrary.cylib\BLE_v1_20\Library\gccCyBLEStack_BLE_SOC_PERIPHERAL.a(CyBleStackMgr_StackTaskHandler.o) (hci_soft_transport_notify_data_received)
D:\Program Files (x86)\Cypress\PSoC Creator\3.1\PSoC Creator\psoc\content\cycomponentlibrary\CyComponentLibrary.cylib\BLE_v1_20\Library\gccCyBLEStack_BLE_SOC_PERIPHERAL.a(CyBleStackMgr_PSoCHal.o)
[...]
Memory Configuration

Name             Origin             Length             Attributes
rom              0x00000000         0x00020000         xr
ram              0x20000000         0x00004000         xrw
*default*        0x00000000         0xffffffff

Linker script and memory map

LOAD d:/program files (x86)/cypress/psoc creator/3.1/psoc creator/import/gnu_cs/arm/4.8.4/bin/../lib/gcc/arm-none-eabi/4.8.4/armv6-m/crti.o
LOAD d:/program files (x86)/cypress/psoc creator/3.1/psoc creator/import/gnu_cs/arm/4.8.4/bin/../lib/gcc/arm-none-eabi/4.8.4/armv6-m/crtbegin.o
LOAD d:/program files (x86)/cypress/psoc creator/3.1/psoc creator/import/gnu_cs/arm/4.8.4/bin/../lib/gcc/arm-none-eabi/4.8.4/../../../../arm-none-eabi/lib/armv6-m/crt0.o
START GROUP
LOAD .\CortexM0\ARM_GCC_484\Debug\main.o
LOAD .\CortexM0\ARM_GCC_484\Debug\BLEApplications.o
LOAD .\CortexM0\ARM_GCC_484\Debug\cymetadata.o
LOAD .\CortexM0\ARM_GCC_484\Debug\Cm0Start.o
LOAD .\CortexM0\ARM_GCC_484\Debug\BLE Lab 4.a
LOAD D:\Program Files (x86)\Cypress\PSoC Creator\3.1\PSoC Creator\psoc\content\cycomponentlibrary\CyComponentLibrary.cylib\BLE_v1_20\Library\gccCyBLEStack_BLE_SOC_PERIPHERAL.a
LOAD D:\Program Files (x86)\Cypress\PSoC Creator\3.1\PSoC Creator\psoc\content\cycomponentlibrary\CyComponentLibrary.cylib\CapSense_CSD_P4_v2_10\PSoC4\Library\CapsenseP4Library_GCC.a
LOAD D:\Program Files (x86)\Cypress\PSoC Creator\3.1\PSoC Creator\psoc\content\cycomponentlibrary\CyComponentLibrary.cylib\CortexM0\ARM_GCC_484\Debug\CyComponentLibrary.a
END GROUP
START GROUP
LOAD d:/program files (x86)/cypress/psoc creator/3.1/psoc creator/import/gnu_cs/arm/4.8.4/bin/../lib/gcc/arm-none-eabi/4.8.4/armv6-m\libgcc.a
LOAD d:/program files (x86)/cypress/psoc creator/3.1/psoc creator/import/gnu_cs/arm/4.8.4/bin/../lib/gcc/arm-none-eabi/4.8.4/../../../../arm-none-eabi/lib/armv6-m\libg_s.a
LOAD d:/program files (x86)/cypress/psoc creator/3.1/psoc creator/import/gnu_cs/arm/4.8.4/bin/../lib/gcc/arm-none-eabi/4.8.4/../../../../arm-none-eabi/lib/armv6-m\libc_s.a
END GROUP
START GROUP
LOAD d:/program files (x86)/cypress/psoc creator/3.1/psoc creator/import/gnu_cs/arm/4.8.4/bin/../lib/gcc/arm-none-eabi/4.8.4/armv6-m\libgcc.a
LOAD d:/program files (x86)/cypress/psoc creator/3.1/psoc creator/import/gnu_cs/arm/4.8.4/bin/../lib/gcc/arm-none-eabi/4.8.4/../../../../arm-none-eabi/lib/armv6-m\libc_s.a
END GROUP
LOAD d:/program files (x86)/cypress/psoc creator/3.1/psoc creator/import/gnu_cs/arm/4.8.4/bin/../lib/gcc/arm-none-eabi/4.8.4/armv6-m/crtend.o
LOAD d:/program files (x86)/cypress/psoc creator/3.1/psoc creator/import/gnu_cs/arm/4.8.4/bin/../lib/gcc/arm-none-eabi/4.8.4/armv6-m/crtn.o
START GROUP
LOAD d:/program files (x86)/cypress/psoc creator/3.1/psoc creator/import/gnu_cs/arm/4.8.4/bin/../lib/gcc/arm-none-eabi/4.8.4/armv6-m\libgcc.a
LOAD d:/program files (x86)/cypress/psoc creator/3.1/psoc creator/import/gnu_cs/arm/4.8.4/bin/../lib/gcc/arm-none-eabi/4.8.4/../../../../arm-none-eabi/lib/armv6-m\libc.a
LOAD d:/program files (x86)/cypress/psoc creator/3.1/psoc creator/import/gnu_cs/arm/4.8.4/bin/../lib/gcc/arm-none-eabi/4.8.4/../../../../arm-none-eabi/lib/armv6-m\libnosys.a
END GROUP
                0x00000000                CY_APPL_ORIGIN = 0x0
                0x00000080                CY_FLASH_ROW_SIZE = 0x80
                0x00000001                CY_APPL_NUM = 0x1
                0x00000040                CY_METADATA_SIZE = 0x40
                0x200025f8                PROVIDE (__cy_heap_start, _end)
                0x00000001                PROVIDE (__cy_region_num, ((__cy_regions_end - __cy_regions) / 0x10))
                0x20004000                PROVIDE (__cy_stack, (ORIGIN (ram) + 0x4000))
                0x20003800                PROVIDE (__cy_heap_end, (__cy_stack - 0x800))

.cybootloader   0x00000000        0x0
 *(.cybootloader)
                0x00000000                appl1_start = CY_APPL_ORIGIN?CY_APPL_ORIGIN:ALIGN (CY_FLASH_ROW_SIZE)
                0x0000ff80                appl2_start = (appl1_start + ALIGN ((((0x20000 - appl1_start) - (0x2 * CY_FLASH_ROW_SIZE)) / 0x2), CY_FLASH_ROW_SIZE))
                0x00000000                appl_start = (CY_APPL_NUM == 0x1)?appl1_start:appl2_start

.text           0x00000000     0x31e0
 CREATE_OBJECT_SYMBOLS
                0x00000000                PROVIDE (__cy_interrupt_vector, RomVectors)
 *(.romvectors)
 .romvectors    0x00000000       0x10 .\CortexM0\ARM_GCC_484\Debug\Cm0Start.o
                0x00000000                RomVectors
                0x00000001                ASSERT ((. != __cy_interrupt_vector), No interrupt vector)
                0x00000001                ASSERT (CY_APPL_ORIGIN?(SIZEOF (.cybootloader) <= CY_APPL_ORIGIN):0x1, Wrong image location)
                0x00000010                PROVIDE (__cy_reset, Reset)
 *(.text.Reset)
 .text.Reset    0x00000010        0x8 .\CortexM0\ARM_GCC_484\Debug\Cm0Start.o
                0x00000010                Reset
                0x00000001                ASSERT ((. != __cy_reset), No reset code)
 *(.psocinit)
 .psocinit      0x00000018      0x340 .\CortexM0\ARM_GCC_484\Debug\BLE Lab 4.a(cyfitter_cfg.o)
                0x000001c8                cyfitter_cfg
                0x00000358                . = MAX (., 0x100)
 *(.text .text.* .gnu.linkonce.t.*)
 .text          0x00000358       0x60 d:/program files (x86)/cypress/psoc creator/3.1/psoc creator/import/gnu_cs/arm/4.8.4/bin/../lib/gcc/arm-none-eabi/4.8.4/armv6-m/crtbegin.o
 .text.main     0x000003b8       0x30 .\CortexM0\ARM_GCC_484\Debug\main.o
                0x000003b8                main
 .text.InitializeSystem
                0x000003e8       0x4c .\CortexM0\ARM_GCC_484\Debug\main.o
 .text.HandleCapSenseSlider
                0x00000434       0x68 .\CortexM0\ARM_GCC_484\Debug\main.o
 .text.CustomEventHandler
                0x0000049c      0x114 .\CortexM0\ARM_GCC_484\Debug\BLEApplications.o
                0x0000049c                CustomEventHandler
 .text.SendCapSenseNotification
                0x000005b0       0x50 .\CortexM0\ARM_GCC_484\Debug\BLEApplications.o
                0x000005b0                SendCapSenseNotification
 .text.UpdateRGBled
                0x00000600       0xc0 .\CortexM0\ARM_GCC_484\Debug\BLEApplications.o
                0x00000600                UpdateRGBled
 .text.UpdateNotificationCCCD
                0x000006c0       0x60 .\CortexM0\ARM_GCC_484\Debug\BLEApplications.o
                0x000006c0                UpdateNotificationCCCD
 .text.IntDefaultHandler
                0x00000720        0x8 .\CortexM0\ARM_GCC_484\Debug\Cm0Start.o
                0x00000720                IntDefaultHandler
 .text.Start_c  0x00000728       0x98 .\CortexM0\ARM_GCC_484\Debug\Cm0Start.o
                0x00000728                Start_c
 .text.initialize_psoc
                0x000007c0       0x70 .\CortexM0\ARM_GCC_484\Debug\Cm0Start.o
                0x000007c0                initialize_psoc
 .text.CYMEMZERO
                0x00000830       0x20 .\CortexM0\ARM_GCC_484\Debug\BLE Lab 4.a(cyfitter_cfg.o)
 .text.cfg_write_bytes32
                0x00000850       0x80 .\CortexM0\ARM_GCC_484\Debug\BLE Lab 4.a(cyfitter_cfg.o)
 .text.AnalogSetDefault
                0x000008d0       0x2c .\CortexM0\ARM_GCC_484\Debug\BLE Lab 4.a(cyfitter_cfg.o)
 .text.SetAnalogRoutingPumps
                0x000008fc       0x70 .\CortexM0\ARM_GCC_484\Debug\BLE Lab 4.a(cyfitter_cfg.o)
                0x000008fc                SetAnalogRoutingPumps
 .text.GREEN_SetDriveMode
                0x0000096c       0x30 .\CortexM0\ARM_GCC_484\Debug\BLE Lab 4.a(GREEN.o)
                0x0000096c                GREEN_SetDriveMode
 .text.RED_SetDriveMode
                0x0000099c       0x30 .\CortexM0\ARM_GCC_484\Debug\BLE Lab 4.a(RED.o)
                0x0000099c                RED_SetDriveMode
 .text.PRS_2_Start
                0x000009cc       0x24 .\CortexM0\ARM_GCC_484\Debug\BLE Lab 4.a(PRS_2.o)
                0x000009cc                PRS_2_Start
 .text.PRS_2_Init
                0x000009f0       0x70 .\CortexM0\ARM_GCC_484\Debug\BLE Lab 4.a(PRS_2.o)
                0x000009f0                PRS_2_Init
 .text.PRS_2_Enable
                0x00000a60       0x1c .\CortexM0\ARM_GCC_484\Debug\BLE Lab 4.a(PRS_2.o)
                0x00000a60                PRS_2_Enable
 .text.PRS_2_WriteSeed
                0x00000a7c       0x34 .\CortexM0\ARM_GCC_484\Debug\BLE Lab 4.a(PRS_2.o)
                0x00000a7c                PRS_2_WriteSeed
 .text.PRS_2_WritePolynomial
                0x00000ab0       0x20 .\CortexM0\ARM_GCC_484\Debug\BLE Lab 4.a(PRS_2.o)
                0x00000ab0                PRS_2_WritePolynomial
 .text.PRS_2_WritePulse0
                0x00000ad0       0x20 .\CortexM0\ARM_GCC_484\Debug\BLE Lab 4.a(PRS_2.o)
                0x00000ad0                PRS_2_WritePulse0
 .text.PRS_2_WritePulse1
                0x00000af0       0x20 .\CortexM0\ARM_GCC_484\Debug\BLE Lab 4.a(PRS_2.o)
                0x00000af0                PRS_2_WritePulse1
 .text.PRS_1_Start
                0x00000b10       0x24 .\CortexM0\ARM_GCC_484\Debug\BLE Lab 4.a(PRS_1.o)
                0x00000b10                PRS_1_Start
 .text.PRS_1_Init
                0x00000b34       0x70 .\CortexM0\ARM_GCC_484\Debug\BLE Lab 4.a(PRS_1.o)
                0x00000b34                PRS_1_Init
 .text.PRS_1_Enable
                0x00000ba4       0x1c .\CortexM0\ARM_GCC_484\Debug\BLE Lab 4.a(PRS_1.o)
                0x00000ba4                PRS_1_Enable
 .text.PRS_1_WriteSeed
                0x00000bc0       0x34 .\CortexM0\ARM_GCC_484\Debug\BLE Lab 4.a(PRS_1.o)
                0x00000bc0                PRS_1_WriteSeed
 .text.PRS_1_WritePolynomial
                0x00000bf4       0x20 .\CortexM0\ARM_GCC_484\Debug\BLE Lab 4.a(PRS_1.o)
                0x00000bf4                PRS_1_WritePolynomial
 .text.PRS_1_WritePulse0
                0x00000c14       0x20 .\CortexM0\ARM_GCC_484\Debug\BLE Lab 4.a(PRS_1.o)
                0x00000c14                PRS_1_WritePulse0
 .text.PRS_1_WritePulse1
                0x00000c34       0x20 .\CortexM0\ARM_GCC_484\Debug\BLE Lab 4.a(PRS_1.o)
                0x00000c34                PRS_1_WritePulse1
 .text.BLUE_SetDriveMode
                0x00000c54       0x30 .\CortexM0\ARM_GCC_484\Debug\BLE Lab 4.a(BLUE.o)
                0x00000c54                BLUE_SetDriveMode
 .text.CyBle_Init
                0x00000c84       0x2c .\CortexM0\ARM_GCC_484\Debug\BLE Lab 4.a(BLE_1.o)
                0x00000c84                CyBle_Init
 .text.CyBle_ServiceInit
                0x00000cb0        0x8 .\CortexM0\ARM_GCC_484\Debug\BLE Lab 4.a(BLE_1.o)
                0x00000cb0                CyBle_ServiceInit
 .text.CyBle_Start
                0x00000cb8       0x90 .\CortexM0\ARM_GCC_484\Debug\BLE Lab 4.a(BLE_1.o)
                0x00000cb8                CyBle_Start
 .text.CyBle_GappStartAdvertisement
                0x00000d48       0xc4 .\CortexM0\ARM_GCC_484\Debug\BLE Lab 4.a(BLE_1.o)
                0x00000d48                CyBle_GappStartAdvertisement
 .text.CyBle_ChangeAdDeviceAddress
                0x00000e0c       0x60 .\CortexM0\ARM_GCC_484\Debug\BLE Lab 4.a(BLE_1.o)
                0x00000e0c                CyBle_ChangeAdDeviceAddress
 .text.CyBle_Get16ByPtr
                0x00000e6c       0x24 .\CortexM0\ARM_GCC_484\Debug\BLE Lab 4.a(BLE_1.o)
                0x00000e6c                CyBle_Get16ByPtr
 .text.CyBle_GattsWriteEventHandler
                0x00000e90       0xa0 .\CortexM0\ARM_GCC_484\Debug\BLE Lab 4.a(BLE_1_gatt.o)
                0x00000e90                CyBle_GattsWriteEventHandler
 .text.CyBle_WriteReqHandler
                0x00000f30       0x70 .\CortexM0\ARM_GCC_484\Debug\BLE Lab 4.a(BLE_1_eventHandler.o)
 .text.CyBle_ValueConfirmation
                0x00000fa0       0x10 .\CortexM0\ARM_GCC_484\Debug\BLE Lab 4.a(BLE_1_eventHandler.o)
 .text.CyBle_GattDisconnectEventHandler
                0x00000fb0       0x18 .\CortexM0\ARM_GCC_484\Debug\BLE Lab 4.a(BLE_1_eventHandler.o)
 .text.CyBle_TimeOutEventHandler
                0x00000fc8       0x10 .\CortexM0\ARM_GCC_484\Debug\BLE Lab 4.a(BLE_1_eventHandler.o)
 .text.CyBle_GattConnectReqHandler
                0x00000fd8        0x8 .\CortexM0\ARM_GCC_484\Debug\BLE Lab 4.a(BLE_1_eventHandler.o)
 .text.CyBle_IsDeviceAddressValid
                0x00000fe0       0x60 .\CortexM0\ARM_GCC_484\Debug\BLE Lab 4.a(BLE_1_eventHandler.o)
 .text.CyBle_L2Cap_ConnParamUpdateRspEventHandler
                0x00001040       0x14 .\CortexM0\ARM_GCC_484\Debug\BLE Lab 4.a(BLE_1_eventHandler.o)
 .text.CyBle_GapConnUpdateCompleteEventHandler
                0x00001054       0x10 .\CortexM0\ARM_GCC_484\Debug\BLE Lab 4.a(BLE_1_eventHandler.o)
 .text.CyBle_EventHandler
                0x00001064      0x2d8 .\CortexM0\ARM_GCC_484\Debug\BLE Lab 4.a(BLE_1_eventHandler.o)
                0x00001064                CyBle_EventHandler
 .text.CapSense_Init
                0x0000133c       0x3c .\CortexM0\ARM_GCC_484\Debug\BLE Lab 4.a(CapSense.o)
                0x0000133c                CapSense_Init
 .text.CapSense_CsdHwBlockInit
                0x00001378       0xbc .\CortexM0\ARM_GCC_484\Debug\BLE Lab 4.a(CapSense.o)
                0x00001378                CapSense_CsdHwBlockInit
 .text.CapSense_Enable
                0x00001434       0x54 .\CortexM0\ARM_GCC_484\Debug\BLE Lab 4.a(CapSense.o)
                0x00001434                CapSense_Enable
 .text.CapSense_Start
                0x00001488       0x44 .\CortexM0\ARM_GCC_484\Debug\BLE Lab 4.a(CapSense.o)
                0x00001488                CapSense_Start
 .text.CapSense_FindNextSensor
                0x000014cc       0x48 .\CortexM0\ARM_GCC_484\Debug\BLE Lab 4.a(CapSense.o)
                0x000014cc                CapSense_FindNextSensor
 .text.CapSense_ScanSensor
                0x00001514       0x34 .\CortexM0\ARM_GCC_484\Debug\BLE Lab 4.a(CapSense.o)
                0x00001514                CapSense_ScanSensor
 .text.CapSense_ScanEnabledWidgets
                0x00001548       0x58 .\CortexM0\ARM_GCC_484\Debug\BLE Lab 4.a(CapSense.o)
                0x00001548                CapSense_ScanEnabledWidgets
 .text.CapSense_IsBusy
                0x000015a0       0x1c .\CortexM0\ARM_GCC_484\Debug\BLE Lab 4.a(CapSense.o)
                0x000015a0                CapSense_IsBusy
 .text.CapSense_ReadSensorRaw
                0x000015bc       0x1c .\CortexM0\ARM_GCC_484\Debug\BLE Lab 4.a(CapSense.o)
                0x000015bc                CapSense_ReadSensorRaw
 .text.CapSense_ClearSensors
                0x000015d8       0x28 .\CortexM0\ARM_GCC_484\Debug\BLE Lab 4.a(CapSense.o)
                0x000015d8                CapSense_ClearSensors
 .text.CapSense_EnableSensor
                0x00001600       0xcc .\CortexM0\ARM_GCC_484\Debug\BLE Lab 4.a(CapSense.o)
                0x00001600                CapSense_EnableSensor
 .text.CapSense_DisableSensor
                0x000016cc      0x120 .\CortexM0\ARM_GCC_484\Debug\BLE Lab 4.a(CapSense.o)
                0x000016cc                CapSense_DisableSensor
 .text.CapSense_PreScan
                0x000017ec      0x180 .\CortexM0\ARM_GCC_484\Debug\BLE Lab 4.a(CapSense.o)
                0x000017ec                CapSense_PreScan
 .text.CapSense_PostScan
                0x0000196c       0xc8 .\CortexM0\ARM_GCC_484\Debug\BLE Lab 4.a(CapSense.o)
                0x0000196c                CapSense_PostScan
 .text.CapSense_SetShieldDelay
                0x00001a34       0x30 .\CortexM0\ARM_GCC_484\Debug\BLE Lab 4.a(CapSense.o)
                0x00001a34                CapSense_SetShieldDelay
 .text.CapSense_GetBitValue
                0x00001a64       0x44 .\CortexM0\ARM_GCC_484\Debug\BLE Lab 4.a(CapSense.o)
                0x00001a64                CapSense_GetBitValue
 .text.CapSense_SetBitValue
                0x00001aa8       0x68 .\CortexM0\ARM_GCC_484\Debug\BLE Lab 4.a(CapSense.o)
                0x00001aa8                CapSense_SetBitValue
 .text.CapSense_GetSensorRaw
                0x00001b10       0x50 .\CortexM0\ARM_GCC_484\Debug\BLE Lab 4.a(CapSense.o)
                0x00001b10                CapSense_GetSensorRaw
 .text.CapSense_NormalizeWidgets
                0x00001b60       0x9c .\CortexM0\ARM_GCC_484\Debug\BLE Lab 4.a(CapSense.o)
                0x00001b60                CapSense_NormalizeWidgets
 .text.CapSense_BaseInit
                0x00001bfc       0x58 .\CortexM0\ARM_GCC_484\Debug\BLE Lab 4.a(CapSense_CSHL.o)
                0x00001bfc                CapSense_BaseInit
 .text.CapSense_InitializeSensorBaseline
                0x00001c54       0x2c .\CortexM0\ARM_GCC_484\Debug\BLE Lab 4.a(CapSense_CSHL.o)
                0x00001c54                CapSense_InitializeSensorBaseline
 .text.CapSense_InitializeAllBaselines
                0x00001c80       0x28 .\CortexM0\ARM_GCC_484\Debug\BLE Lab 4.a(CapSense_CSHL.o)
                0x00001c80                CapSense_InitializeAllBaselines
 .text.CapSense_UpdateBaselineNoThreshold
                0x00001ca8      0x228 .\CortexM0\ARM_GCC_484\Debug\BLE Lab 4.a(CapSense_CSHL.o)
                0x00001ca8                CapSense_UpdateBaselineNoThreshold
 .text.CapSense_UpdateSensorBaseline
                0x00001ed0       0x20 .\CortexM0\ARM_GCC_484\Debug\BLE Lab 4.a(CapSense_CSHL.o)
                0x00001ed0                CapSense_UpdateSensorBaseline
 .text.CapSense_UpdateEnabledBaselines
                0x00001ef0       0x40 .\CortexM0\ARM_GCC_484\Debug\BLE Lab 4.a(CapSense_CSHL.o)
                0x00001ef0                CapSense_UpdateEnabledBaselines
 .text.CapSense_FindMaximum
                0x00001f30       0xac .\CortexM0\ARM_GCC_484\Debug\BLE Lab 4.a(CapSense_CSHL.o)
                0x00001f30                CapSense_FindMaximum
 .text.CapSense_CalcCentroid
                0x00001fdc      0x194 .\CortexM0\ARM_GCC_484\Debug\BLE Lab 4.a(CapSense_CSHL.o)
                0x00001fdc                CapSense_CalcCentroid
 .text.CapSense_GetCentroidPos
                0x00002170      0x15c .\CortexM0\ARM_GCC_484\Debug\BLE Lab 4.a(CapSense_CSHL.o)
                0x00002170                CapSense_GetCentroidPos
 .text.CapSense_IIR4Filter
                0x000022cc       0x3c .\CortexM0\ARM_GCC_484\Debug\BLE Lab 4.a(CapSense_CSHL.o)
                0x000022cc                CapSense_IIR4Filter
 .text.CapSense_ISR
                0x00002308       0xd4 .\CortexM0\ARM_GCC_484\Debug\BLE Lab 4.a(CapSense_INT.o)
                0x00002308                CapSense_ISR
 .text.CapSense_AutoTune
                0x000023dc      0x104 .\CortexM0\ARM_GCC_484\Debug\BLE Lab 4.a(CapSense_SMS.o)
                0x000023dc                CapSense_AutoTune
 .text.CapSense_UpdateThresholds
                0x000024e0       0xec .\CortexM0\ARM_GCC_484\Debug\BLE Lab 4.a(CapSense_SMS.o)
                0x000024e0                CapSense_UpdateThresholds
 .text.CapSense_SetAnalogSwitchesSrcDirect
                0x000025cc       0x18 .\CortexM0\ARM_GCC_484\Debug\BLE Lab 4.a(CapSense_SMS.o)
                0x000025cc                CapSense_SetAnalogSwitchesSrcDirect
 .text.CapSense_DisableBaselineIDAC
                0x000025e4       0x34 .\CortexM0\ARM_GCC_484\Debug\BLE Lab 4.a(CapSense_SMS.o)
                0x000025e4                CapSense_DisableBaselineIDAC
 .text.CapSense_EnableBaselineIDAC
                0x00002618       0x8c .\CortexM0\ARM_GCC_484\Debug\BLE Lab 4.a(CapSense_SMS.o)
                0x00002618                CapSense_EnableBaselineIDAC
 .text.CapSense_SampleClk_StartEx
                0x000026a4       0x2c .\CortexM0\ARM_GCC_484\Debug\BLE Lab 4.a(CapSense_SampleClk.o)
                0x000026a4                CapSense_SampleClk_StartEx
 .text.CapSense_SampleClk_Stop
                0x000026d0       0x20 .\CortexM0\ARM_GCC_484\Debug\BLE Lab 4.a(CapSense_SampleClk.o)
                0x000026d0                CapSense_SampleClk_Stop
 .text.CapSense_SampleClk_SetFractionalDividerRegister
                0x000026f0       0x44 .\CortexM0\ARM_GCC_484\Debug\BLE Lab 4.a(CapSense_SampleClk.o)
                0x000026f0                CapSense_SampleClk_SetFractionalDividerRegister
 .text.CapSense_SenseClk_StartEx
                0x00002734       0x2c .\CortexM0\ARM_GCC_484\Debug\BLE Lab 4.a(CapSense_SenseClk.o)
                0x00002734                CapSense_SenseClk_StartEx
 .text.CapSense_SenseClk_Stop
                0x00002760       0x20 .\CortexM0\ARM_GCC_484\Debug\BLE Lab 4.a(CapSense_SenseClk.o)
                0x00002760                CapSense_SenseClk_Stop
 .text.CapSense_SenseClk_SetFractionalDividerRegister
                0x00002780       0x44 .\CortexM0\ARM_GCC_484\Debug\BLE Lab 4.a(CapSense_SenseClk.o)
                0x00002780                CapSense_SenseClk_SetFractionalDividerRegister
 *fill*         0x000027c4        0x4 
 .text          0x000027c8       0x20 .\CortexM0\ARM_GCC_484\Debug\BLE Lab 4.a(CyBootAsmGnu.o)
                0x000027c8                CyDelayCycles
                0x000027da                CyEnterCriticalSection
                0x000027e2                CyExitCriticalSection
 .text.CySysClkWcoSetHighPowerMode
                0x000027e8       0x3c .\CortexM0\ARM_GCC_484\Debug\BLE Lab 4.a(CyLib.o)
 .text.CySysClkWcoSetLowPowerMode
                0x00002824       0x48 .\CortexM0\ARM_GCC_484\Debug\BLE Lab 4.a(CyLib.o)
 .text.CySysClkEcoStart
                0x0000286c       0x74 .\CortexM0\ARM_GCC_484\Debug\BLE Lab 4.a(CyLib.o)
                0x0000286c                CySysClkEcoStart
 .text.CySysClkEcoReadStatus
                0x000028e0       0x18 .\CortexM0\ARM_GCC_484\Debug\BLE Lab 4.a(CyLib.o)
                0x000028e0                CySysClkEcoReadStatus
 .text.CySysClkWcoStart
                0x000028f8       0x20 .\CortexM0\ARM_GCC_484\Debug\BLE Lab 4.a(CyLib.o)
                0x000028f8                CySysClkWcoStart
 .text.CySysClkWcoSetPowerMode
                0x00002918       0x40 .\CortexM0\ARM_GCC_484\Debug\BLE Lab 4.a(CyLib.o)
                0x00002918                CySysClkWcoSetPowerMode
 .text.CyIntSetVector
                0x00002958       0x4c .\CortexM0\ARM_GCC_484\Debug\BLE Lab 4.a(CyLib.o)
                0x00002958                CyIntSetVector
 .text.CyIntSetPriority
                0x000029a4       0xa8 .\CortexM0\ARM_GCC_484\Debug\BLE Lab 4.a(CyLib.o)
                0x000029a4                CyIntSetPriority
 .text.CyIntEnable
                0x00002a4c       0x2c .\CortexM0\ARM_GCC_484\Debug\BLE Lab 4.a(CyLib.o)
                0x00002a4c                CyIntEnable
 .text.CyIntDisable
                0x00002a78       0x2c .\CortexM0\ARM_GCC_484\Debug\BLE Lab 4.a(CyLib.o)
                0x00002a78                CyIntDisable
 .text.CyIntClearPending
                0x00002aa4       0x2c .\CortexM0\ARM_GCC_484\Debug\BLE Lab 4.a(CyLib.o)
                0x00002aa4                CyIntClearPending
 .text.CyHalt   0x00002ad0       0x14 .\CortexM0\ARM_GCC_484\Debug\BLE Lab 4.a(CyLib.o)
                0x00002ad0                CyHalt
 .text.CyDelay  0x00002ae4       0x48 .\CortexM0\ARM_GCC_484\Debug\BLE Lab 4.a(CyLib.o)
                0x00002ae4                CyDelay
 .text.CyDelayUs
                0x00002b2c       0x28 .\CortexM0\ARM_GCC_484\Debug\BLE Lab 4.a(CyLib.o)
                0x00002b2c                CyDelayUs
 .text.CalibrateOneDAC_P4_v2_10
                0x00002b54       0x44 D:\Program Files (x86)\Cypress\PSoC Creator\3.1\PSoC Creator\psoc\content\cycomponentlibrary\CyComponentLibrary.cylib\CapSense_CSD_P4_v2_10\PSoC4\Library\CapsenseP4Library_GCC.a(CSD_P4_SmartSense_v2_10.o)
                0x00002b54                CalibrateOneDAC_P4_v2_10
 .text.CalibrateSensors_P4_v2_10
                0x00002b98       0x22 D:\Program Files (x86)\Cypress\PSoC Creator\3.1\PSoC Creator\psoc\content\cycomponentlibrary\CyComponentLibrary.cylib\CapSense_CSD_P4_v2_10\PSoC4\Library\CapsenseP4Library_GCC.a(CSD_P4_SmartSense_v2_10.o)
                0x00002b98                CalibrateSensors_P4_v2_10
 *fill*         0x00002bba        0x2 
 .text.TunePrescalers_P4_v2_10
                0x00002bbc       0x48 D:\Program Files (x86)\Cypress\PSoC Creator\3.1\PSoC Creator\psoc\content\cycomponentlibrary\CyComponentLibrary.cylib\CapSense_CSD_P4_v2_10\PSoC4\Library\CapsenseP4Library_GCC.a(CSD_P4_SmartSense_v2_10.o)
                0x00002bbc                TunePrescalers_P4_v2_10
 .text.TuneSensitivity_P4_v2_10
                0x00002c04      0x100 D:\Program Files (x86)\Cypress\PSoC Creator\3.1\PSoC Creator\psoc\content\cycomponentlibrary\CyComponentLibrary.cylib\CapSense_CSD_P4_v2_10\PSoC4\Library\CapsenseP4Library_GCC.a(CSD_P4_SmartSense_v2_10.o)
                0x00002c04                TuneSensitivity_P4_v2_10
 .text.MeasureNoiseEnvelope_P4_v2_10
                0x00002d04      0x118 D:\Program Files (x86)\Cypress\PSoC Creator\3.1\PSoC Creator\psoc\content\cycomponentlibrary\CyComponentLibrary.cylib\CapSense_CSD_P4_v2_10\PSoC4\Library\CapsenseP4Library_GCC.a(CSD_P4_SmartSense_v2_10.o)
                0x00002d04                MeasureNoiseEnvelope_P4_v2_10
 .text.CalculateThresholds_P4_v2_10
                0x00002e1c       0x44 D:\Program Files (x86)\Cypress\PSoC Creator\3.1\PSoC Creator\psoc\content\cycomponentlibrary\CyComponentLibrary.cylib\CapSense_CSD_P4_v2_10\PSoC4\Library\CapsenseP4Library_GCC.a(CSD_P4_SmartSense_v2_10.o)
                0x00002e1c                CalculateThresholds_P4_v2_10
 .text.CyBLE_Bless_LlRegWrite
                0x00002e60       0x1c .\CortexM0\ARM_GCC_484\Debug\BLE Lab 4.a(BLE_1_HAL_PVT.o)
                0x00002e60                CyBLE_Bless_LlRegWrite
 .text.CyBLE_Bless_RfRegWrite
                0x00002e7c       0x1c .\CortexM0\ARM_GCC_484\Debug\BLE Lab 4.a(BLE_1_HAL_PVT.o)
                0x00002e7c                CyBLE_Bless_RfRegWrite
 .text.CyBleHal_DelayUs
                0x00002e98       0x1c .\CortexM0\ARM_GCC_484\Debug\BLE Lab 4.a(BLE_1_HAL_PVT.o)
                0x00002e98                CyBleHal_DelayUs
 .text.CyBleHal_EnableGlobalInterrupts
                0x00002eb4        0xc .\CortexM0\ARM_GCC_484\Debug\BLE Lab 4.a(BLE_1_HAL_PVT.o)
                0x00002eb4                CyBleHal_EnableGlobalInterrupts
 .text.CyBleHal_DisableGlobalInterrupts
                0x00002ec0        0xc .\CortexM0\ARM_GCC_484\Debug\BLE Lab 4.a(BLE_1_HAL_PVT.o)
                0x00002ec0                CyBleHal_DisableGlobalInterrupts
 .text.CyBle_HalInit
                0x00002ecc       0x20 .\CortexM0\ARM_GCC_484\Debug\BLE Lab 4.a(BLE_1_HAL_PVT.o)
                0x00002ecc                CyBle_HalInit
 .text.CYBLE_BlessStart
                0x00002eec       0x14 .\CortexM0\ARM_GCC_484\Debug\BLE Lab 4.a(BLE_1_HAL_PVT.o)
                0x00002eec                CYBLE_BlessStart
 .text.BLE_1_bless_isr_StartEx
                0x00002f00       0x24 .\CortexM0\ARM_GCC_484\Debug\BLE Lab 4.a(BLE_1_bless_isr.o)
                0x00002f00                BLE_1_bless_isr_StartEx
 .text.BLE_1_bless_isr_SetVector
                0x00002f24       0x18 .\CortexM0\ARM_GCC_484\Debug\BLE Lab 4.a(BLE_1_bless_isr.o)
                0x00002f24                BLE_1_bless_isr_SetVector
 .text.BLE_1_bless_isr_SetPriority
                0x00002f3c       0x50 .\CortexM0\ARM_GCC_484\Debug\BLE Lab 4.a(BLE_1_bless_isr.o)
                0x00002f3c                BLE_1_bless_isr_SetPriority
 .text.BLE_1_bless_isr_Enable
                0x00002f8c       0x14 .\CortexM0\ARM_GCC_484\Debug\BLE Lab 4.a(BLE_1_bless_isr.o)
                0x00002f8c                BLE_1_bless_isr_Enable
 .text.BLE_1_bless_isr_Disable
                0x00002fa0       0x14 .\CortexM0\ARM_GCC_484\Debug\BLE Lab 4.a(BLE_1_bless_isr.o)
                0x00002fa0                BLE_1_bless_isr_Disable
 .text.CySysPmSleep
                0x00002fb4       0x34 .\CortexM0\ARM_GCC_484\Debug\BLE Lab 4.a(cyPm.o)
                0x00002fb4                CySysPmSleep
 .text.CyBLE_Bless_Interrupt
                0x00002fe8        0xc .\CortexM0\ARM_GCC_484\Debug\BLE Lab 4.a(BLE_1_HAL_INT.o)
                0x00002fe8                CyBLE_Bless_Interrupt
 .text          0x00002ff4       0x9c d:/program files (x86)/cypress/psoc creator/3.1/psoc creator/import/gnu_cs/arm/4.8.4/bin/../lib/gcc/arm-none-eabi/4.8.4/armv6-m\libgcc.a(_udivsi3.o)
                0x00002ff4                __aeabi_uidiv
                0x00002ff4                __udivsi3
                0x0000307c                __aeabi_uidivmod
 .text          0x00003090       0xc0 d:/program files (x86)/cypress/psoc creator/3.1/psoc creator/import/gnu_cs/arm/4.8.4/bin/../lib/gcc/arm-none-eabi/4.8.4/armv6-m\libgcc.a(_divsi3.o)
                0x00003090                __divsi3
                0x00003090                __aeabi_idiv
                0x0000313c                __aeabi_idivmod
 .text          0x00003150        0x4 d:/program files (x86)/cypress/psoc creator/3.1/psoc creator/import/gnu_cs/arm/4.8.4/bin/../lib/gcc/arm-none-eabi/4.8.4/armv6-m\libgcc.a(_dvmd_tls.o)
                0x00003150                __aeabi_idiv0
                0x00003150                __aeabi_ldiv0
 .text.__libc_init_array
                0x00003154       0x4c d:/program files (x86)/cypress/psoc creator/3.1/psoc creator/import/gnu_cs/arm/4.8.4/bin/../lib/gcc/arm-none-eabi/4.8.4/../../../../arm-none-eabi/lib/armv6-m\libg_s.a(lib_a-init.o)
                0x00003154                __libc_init_array
 .text.memcmp   0x000031a0       0x1e d:/program files (x86)/cypress/psoc creator/3.1/psoc creator/import/gnu_cs/arm/4.8.4/bin/../lib/gcc/arm-none-eabi/4.8.4/../../../../arm-none-eabi/lib/armv6-m\libg_s.a(lib_a-memcmp.o)
                0x000031a0                memcmp
 .text.memcpy   0x000031be       0x12 d:/program files (x86)/cypress/psoc creator/3.1/psoc creator/import/gnu_cs/arm/4.8.4/bin/../lib/gcc/arm-none-eabi/4.8.4/../../../../arm-none-eabi/lib/armv6-m\libg_s.a(lib_a-memcpy-stub.o)
                0x000031be                memcpy
 .text.memset   0x000031d0       0x10 d:/program files (x86)/cypress/psoc creator/3.1/psoc creator/import/gnu_cs/arm/4.8.4/bin/../lib/gcc/arm-none-eabi/4.8.4/../../../../arm-none-eabi/lib/armv6-m\libg_s.a(lib_a-memset.o)
                0x000031d0                memset
 *(.plt)
 *(.gnu.warning)
 *(.glue_7t)
 .glue_7t       0x00000000        0x0 linker stubs
 *(.glue_7)
 .glue_7        0x00000000        0x0 linker stubs
 *(.vfp11_veneer)
 .vfp11_veneer  0x00000000        0x0 linker stubs
 *(.bootloader)
 *(.ARM.extab* .gnu.linkonce.armextab.*)
 *(.gcc_except_table)

.v4_bx          0x000031e0        0x0
 .v4_bx         0x00000000        0x0 linker stubs

.iplt           0x000031e0        0x0
 .iplt          0x00000000        0x0 d:/program files (x86)/cypress/psoc creator/3.1/psoc creator/import/gnu_cs/arm/4.8.4/bin/../lib/gcc/arm-none-eabi/4.8.4/armv6-m/crtbegin.o

i.CyBle_ExitLPM
                0x000031e0        0x8
 i.CyBle_ExitLPM
                0x000031e0        0x8 D:\Program Files (x86)\Cypress\PSoC Creator\3.1\PSoC Creator\psoc\content\cycomponentlibrary\CyComponentLibrary.cylib\BLE_v1_20\Library\gccCyBLEStack_BLE_SOC_PERIPHERAL.a(CyBle.o)
                0x000031e0                CyBle_ExitLPM

i.CyBle_ProcessEvents
                0x000031e8        0x8
 i.CyBle_ProcessEvents
                0x000031e8        0x8 D:\Program Files (x86)\Cypress\PSoC Creator\3.1\PSoC Creator\psoc\content\cycomponentlibrary\CyComponentLibrary.cylib\BLE_v1_20\Library\gccCyBLEStack_BLE_SOC_PERIPHERAL.a(CyBle.o)
                0x000031e8                CyBle_ProcessEvents

i.CyBle_SetDeviceAddress
                0x000031f0       0x24
 i.CyBle_SetDeviceAddress
                0x000031f0       0x24 D:\Program Files (x86)\Cypress\PSoC Creator\3.1\PSoC Creator\psoc\content\cycomponentlibrary\CyComponentLibrary.cylib\BLE_v1_20\Library\gccCyBLEStack_BLE_SOC_PERIPHERAL.a(CyBle.o)
                0x000031f0                CyBle_SetDeviceAddress

i.CyBle_StackInit
                0x00003214       0x84
 i.CyBle_StackInit
                0x00003214       0x84 D:\Program Files (x86)\Cypress\PSoC Creator\3.1\PSoC Creator\psoc\content\cycomponentlibrary\CyComponentLibrary.cylib\BLE_v1_20\Library\gccCyBLEStack_BLE_SOC_PERIPHERAL.a(CyBle.o)
                0x00003214                CyBle_StackInit

i.CyBleStackMgr_BleGetConfigData
                0x00003298        0x4
 i.CyBleStackMgr_BleGetConfigData
                0x00003298        0x4 D:\Program Files (x86)\Cypress\PSoC Creator\3.1\PSoC Creator\psoc\content\cycomponentlibrary\CyComponentLibrary.cylib\BLE_v1_20\Library\gccCyBLEStack_BLE_SOC_PERIPHERAL.a(CyBleStackMgrIP_Interface.o)
                0x00003298                CyBleStackMgr_BleGetConfigData

i.CyBleStackMgr_BleSetConfigData
                0x0000329c        0x4
 i.CyBleStackMgr_BleSetConfigData
                0x0000329c        0x4 D:\Program Files (x86)\Cypress\PSoC Creator\3.1\PSoC Creator\psoc\content\cycomponentlibrary\CyComponentLibrary.cylib\BLE_v1_20\Library\gccCyBLEStack_BLE_SOC_PERIPHERAL.a(CyBleStackMgrIP_Interface.o)
                0x0000329c                CyBleStackMgr_BleSetConfigData

i.CyBleStackMgr_Init
                0x000032a0      0x104
 i.CyBleStackMgr_Init
                0x000032a0      0x104 D:\Program Files (x86)\Cypress\PSoC Creator\3.1\PSoC Creator\psoc\content\cycomponentlibrary\CyComponentLibrary.cylib\BLE_v1_20\Library\gccCyBLEStack_BLE_SOC_PERIPHERAL.a(CyBleStackMgrIP_Interface.o)
                0x000032a0                CyBleStackMgr_Init

i.CyBleStackMgr_ProcessBleEvents
                0x000033a4       0x14
 i.CyBleStackMgr_ProcessBleEvents
                0x000033a4       0x14 D:\Program Files (x86)\Cypress\PSoC Creator\3.1\PSoC Creator\psoc\content\cycomponentlibrary\CyComponentLibrary.cylib\BLE_v1_20\Library\gccCyBLEStack_BLE_SOC_PERIPHERAL.a(CyBleStackMgrIP_Interface.o)
                0x000033a4                CyBleStackMgr_ProcessBleEvents

i.ble_stack_idle_task_callback
                0x000033b8        0x2
 i.ble_stack_idle_task_callback
                0x000033b8        0x2 D:\Program Files (x86)\Cypress\PSoC Creator\3.1\PSoC Creator\psoc\content\cycomponentlibrary\CyComponentLibrary.cylib\BLE_v1_20\Library\gccCyBLEStack_BLE_SOC_PERIPHERAL.a(CyBleStackMgrIP_Interface.o)
                0x000033b8                ble_stack_idle_task_callback

i.BT_OSFreeBuf  0x000033bc       0x18
 i.BT_OSFreeBuf
                0x000033bc       0x18 D:\Program Files (x86)\Cypress\PSoC Creator\3.1\PSoC Creator\psoc\content\cycomponentlibrary\CyComponentLibrary.cylib\BLE_v1_20\Library\gccCyBLEStack_BLE_SOC_PERIPHERAL.a(BT_os.o)
                0x000033bc                BT_OSFreeBuf

i.BT_OSGetBuF   0x000033d4       0x1c
 i.BT_OSGetBuF  0x000033d4       0x1c D:\Program Files (x86)\Cypress\PSoC Creator\3.1\PSoC Creator\psoc\content\cycomponentlibrary\CyComponentLibrary.cylib\BLE_v1_20\Library\gccCyBLEStack_BLE_SOC_PERIPHERAL.a(BT_os.o)
                0x000033d4                BT_OSGetBuF

i.BT_OSMemCreate
                0x000033f0       0x1c
 i.BT_OSMemCreate
                0x000033f0       0x1c D:\Program Files (x86)\Cypress\PSoC Creator\3.1\PSoC Creator\psoc\content\cycomponentlibrary\CyComponentLibrary.cylib\BLE_v1_20\Library\gccCyBLEStack_BLE_SOC_PERIPHERAL.a(BT_os.o)
                0x000033f0                BT_OSMemCreate

i.BT_alloc_mem_ext
                0x0000340c       0x34
 i.BT_alloc_mem_ext
                0x0000340c       0x34 D:\Program Files (x86)\Cypress\PSoC Creator\3.1\PSoC Creator\psoc\content\cycomponentlibrary\CyComponentLibrary.cylib\BLE_v1_20\Library\gccCyBLEStack_BLE_SOC_PERIPHERAL.a(BT_os.o)
                0x0000340c                BT_alloc_mem_ext

i.BT_free_mem   0x00003440        0xc
 i.BT_free_mem  0x00003440        0xc D:\Program Files (x86)\Cypress\PSoC Creator\3.1\PSoC Creator\psoc\content\cycomponentlibrary\CyComponentLibrary.cylib\BLE_v1_20\Library\gccCyBLEStack_BLE_SOC_PERIPHERAL.a(BT_os.o)
                0x00003440                BT_free_mem

i.bt_stack_init_os
                0x0000344c       0x34
 i.bt_stack_init_os
                0x0000344c       0x34 D:\Program Files (x86)\Cypress\PSoC Creator\3.1\PSoC Creator\psoc\content\cycomponentlibrary\CyComponentLibrary.cylib\BLE_v1_20\Library\gccCyBLEStack_BLE_SOC_PERIPHERAL.a(BT_os.o)
                0x0000344c                bt_stack_init_os

i.CyBle_CheckBleStackTaskStatus
                0x00003480        0x4
 i.CyBle_CheckBleStackTaskStatus
                0x00003480        0x4 D:\Program Files (x86)\Cypress\PSoC Creator\3.1\PSoC Creator\psoc\content\cycomponentlibrary\CyComponentLibrary.cylib\BLE_v1_20\Library\gccCyBLEStack_BLE_SOC_PERIPHERAL.a(CyBleStackMgr_StackTaskHandler.o)
                0x00003480                CyBle_CheckBleStackTaskStatus

i.CyBle_CreateBleStackTask
                0x00003484       0x2c
 i.CyBle_CreateBleStackTask
                0x00003484       0x2c D:\Program Files (x86)\Cypress\PSoC Creator\3.1\PSoC Creator\psoc\content\cycomponentlibrary\CyComponentLibrary.cylib\BLE_v1_20\Library\gccCyBLEStack_BLE_SOC_PERIPHERAL.a(CyBleStackMgr_StackTaskHandler.o)
                0x00003484                CyBle_CreateBleStackTask

i.CyBle_SignalBleStackTask
                0x000034b0       0x50
 i.CyBle_SignalBleStackTask
                0x000034b0       0x50 D:\Program Files (x86)\Cypress\PSoC Creator\3.1\PSoC Creator\psoc\content\cycomponentlibrary\CyComponentLibrary.cylib\BLE_v1_20\Library\gccCyBLEStack_BLE_SOC_PERIPHERAL.a(CyBleStackMgr_StackTaskHandler.o)
                0x000034b0                CyBle_SignalBleStackTask

i.CyBle_StackTaskHandler
                0x00003500       0x5c
 i.CyBle_StackTaskHandler
                0x00003500       0x5c D:\Program Files (x86)\Cypress\PSoC Creator\3.1\PSoC Creator\psoc\content\cycomponentlibrary\CyComponentLibrary.cylib\BLE_v1_20\Library\gccCyBLEStack_BLE_SOC_PERIPHERAL.a(CyBleStackMgr_StackTaskHandler.o)
                0x00003500                CyBle_StackTaskHandler

i.__ARM_common_switch8
                0x0000355c       0x1a
 i.__ARM_common_switch8
                0x0000355c       0x1a D:\Program Files (x86)\Cypress\PSoC Creator\3.1\PSoC Creator\psoc\content\cycomponentlibrary\CyComponentLibrary.cylib\BLE_v1_20\Library\gccCyBLEStack_BLE_SOC_PERIPHERAL.a(CyBleStackMgr_StackTaskHandler.o)
                0x0000355c                __ARM_common_switch8

i.hci_soft_transport_notify_data_received
                0x00003578        0xc
 i.hci_soft_transport_notify_data_received
                0x00003578        0xc D:\Program Files (x86)\Cypress\PSoC Creator\3.1\PSoC Creator\psoc\content\cycomponentlibrary\CyComponentLibrary.cylib\BLE_v1_20\Library\gccCyBLEStack_BLE_SOC_PERIPHERAL.a(transport_sf.o)
                0x00003578                hci_soft_transport_notify_data_received

i.hci_soft_transport_rx_data
                0x00003584       0x40
 i.hci_soft_transport_rx_data
                0x00003584       0x40 D:\Program Files (x86)\Cypress\PSoC Creator\3.1\PSoC Creator\psoc\content\cycomponentlibrary\CyComponentLibrary.cylib\BLE_v1_20\Library\gccCyBLEStack_BLE_SOC_PERIPHERAL.a(transport_sf.o)
                0x00003584                hci_soft_transport_rx_data

i.hci_transport_bt_init
                0x000035c4        0x2
 i.hci_transport_bt_init
                0x000035c4        0x2 D:\Program Files (x86)\Cypress\PSoC Creator\3.1\PSoC Creator\psoc\content\cycomponentlibrary\CyComponentLibrary.cylib\BLE_v1_20\Library\gccCyBLEStack_BLE_SOC_PERIPHERAL.a(transport_sf.o)
                0x000035c4                hci_transport_bt_init

i.hci_transport_init
                0x000035c8       0x10
 i.hci_transport_init
                0x000035c8       0x10 D:\Program Files (x86)\Cypress\PSoC Creator\3.1\PSoC Creator\psoc\content\cycomponentlibrary\CyComponentLibrary.cylib\BLE_v1_20\Library\gccCyBLEStack_BLE_SOC_PERIPHERAL.a(transport_sf.o)
                0x000035c8                hci_transport_init

i.hci_transport_write_data
                0x000035d8       0xd4
 i.hci_transport_write_data
                0x000035d8       0xd4 D:\Program Files (x86)\Cypress\PSoC Creator\3.1\PSoC Creator\psoc\content\cycomponentlibrary\CyComponentLibrary.cylib\BLE_v1_20\Library\gccCyBLEStack_BLE_SOC_PERIPHERAL.a(transport_sf.o)
                0x000035d8                hci_transport_write_data

i.pf_hci_soft_transport_write
                0x000036ac       0x44
 i.pf_hci_soft_transport_write
                0x000036ac       0x44 D:\Program Files (x86)\Cypress\PSoC Creator\3.1\PSoC Creator\psoc\content\cycomponentlibrary\CyComponentLibrary.cylib\BLE_v1_20\Library\gccCyBLEStack_BLE_SOC_PERIPHERAL.a(transport_sf.o)
                0x000036ac                pf_hci_soft_transport_write

i.pf_soft_hci_transport_init
                0x000036f0        0xc
 i.pf_soft_hci_transport_init
                0x000036f0        0xc D:\Program Files (x86)\Cypress\PSoC Creator\3.1\PSoC Creator\psoc\content\cycomponentlibrary\CyComponentLibrary.cylib\BLE_v1_20\Library\gccCyBLEStack_BLE_SOC_PERIPHERAL.a(transport_sf.o)
                0x000036f0                pf_soft_hci_transport_init

i.CyBleStackMgr_GetTime
                0x000036fc       0x14
 i.CyBleStackMgr_GetTime
                0x000036fc       0x14 D:\Program Files (x86)\Cypress\PSoC Creator\3.1\PSoC Creator\psoc\content\cycomponentlibrary\CyComponentLibrary.cylib\BLE_v1_20\Library\gccCyBLEStack_BLE_SOC_PERIPHERAL.a(CyBleStackMgr_PSoCHal.o)
                0x000036fc                CyBleStackMgr_GetTime

i.CyBleStackMgr_HalInit
                0x00003710       0x24
 i.CyBleStackMgr_HalInit
                0x00003710       0x24 D:\Program Files (x86)\Cypress\PSoC Creator\3.1\PSoC Creator\psoc\content\cycomponentlibrary\CyComponentLibrary.cylib\BLE_v1_20\Library\gccCyBLEStack_BLE_SOC_PERIPHERAL.a(CyBleStackMgr_PSoCHal.o)
                0x00003710                CyBleStackMgr_HalInit

i.CyBleStackMgr_HalIntrEnable
                0x00003734        0x8
 i.CyBleStackMgr_HalIntrEnable
                0x00003734        0x8 D:\Program Files (x86)\Cypress\PSoC Creator\3.1\PSoC Creator\psoc\content\cycomponentlibrary\CyComponentLibrary.cylib\BLE_v1_20\Library\gccCyBLEStack_BLE_SOC_PERIPHERAL.a(CyBleStackMgr_PSoCHal.o)
                0x00003734                CyBleStackMgr_HalIntrEnable

i.CyBleStackMgr_HandleLinkLayerTick
                0x0000373c       0x5c
 i.CyBleStackMgr_HandleLinkLayerTick
                0x0000373c       0x5c D:\Program Files (x86)\Cypress\PSoC Creator\3.1\PSoC Creator\psoc\content\cycomponentlibrary\CyComponentLibrary.cylib\BLE_v1_20\Library\gccCyBLEStack_BLE_SOC_PERIPHERAL.a(CyBleStackMgr_PSoCHal.o)
                0x0000373c                CyBleStackMgr_HandleLinkLayerTick

i.CyBleStackMgr_HciPortInit
                0x00003798        0xc
 i.CyBleStackMgr_HciPortInit
                0x00003798        0xc D:\Program Files (x86)\Cypress\PSoC Creator\3.1\PSoC Creator\psoc\content\cycomponentlibrary\CyComponentLibrary.cylib\BLE_v1_20\Library\gccCyBLEStack_BLE_SOC_PERIPHERAL.a(CyBleStackMgr_PSoCHal.o)
                0x00003798                CyBleStackMgr_HciPortInit

i.CyBleStackMgr_HciPortReset
                0x000037a4        0x2
 i.CyBleStackMgr_HciPortReset
                0x000037a4        0x2 D:\Program Files (x86)\Cypress\PSoC Creator\3.1\PSoC Creator\psoc\content\cycomponentlibrary\CyComponentLibrary.cylib\BLE_v1_20\Library\gccCyBLEStack_BLE_SOC_PERIPHERAL.a(CyBleStackMgr_PSoCHal.o)
                0x000037a4                CyBleStackMgr_HciPortReset

i.CyBleStackMgr_HciPortWrite
                0x000037a6        0x8
 i.CyBleStackMgr_HciPortWrite
                0x000037a6        0x8 D:\Program Files (x86)\Cypress\PSoC Creator\3.1\PSoC Creator\psoc\content\cycomponentlibrary\CyComponentLibrary.cylib\BLE_v1_20\Library\gccCyBLEStack_BLE_SOC_PERIPHERAL.a(CyBleStackMgr_PSoCHal.o)
                0x000037a6                CyBleStackMgr_HciPortWrite

i.CyBleStackMgr_ResetLinkLayerTimerEntity
                0x000037b0       0x14
 i.CyBleStackMgr_ResetLinkLayerTimerEntity
                0x000037b0       0x14 D:\Program Files (x86)\Cypress\PSoC Creator\3.1\PSoC Creator\psoc\content\cycomponentlibrary\CyComponentLibrary.cylib\BLE_v1_20\Library\gccCyBLEStack_BLE_SOC_PERIPHERAL.a(CyBleStackMgr_PSoCHal.o)
                0x000037b0                CyBleStackMgr_ResetLinkLayerTimerEntity

i.CyBleStackMgr_TimerStart
                0x000037c4       0x2c
 i.CyBleStackMgr_TimerStart
                0x000037c4       0x2c D:\Program Files (x86)\Cypress\PSoC Creator\3.1\PSoC Creator\psoc\content\cycomponentlibrary\CyComponentLibrary.cylib\BLE_v1_20\Library\gccCyBLEStack_BLE_SOC_PERIPHERAL.a(CyBleStackMgr_PSoCHal.o)
                0x000037c4                CyBleStackMgr_TimerStart

i.CyBleStackMgr_TimerStop
                0x000037f0       0x18
 i.CyBleStackMgr_TimerStop
                0x000037f0       0x18 D:\Program Files (x86)\Cypress\PSoC Creator\3.1\PSoC Creator\psoc\content\cycomponentlibrary\CyComponentLibrary.cylib\BLE_v1_20\Library\gccCyBLEStack_BLE_SOC_PERIPHERAL.a(CyBleStackMgr_PSoCHal.o)
                0x000037f0                CyBleStackMgr_TimerStop

i.CyBleStackMgr_isTimerRunning
                0x00003808       0x10
 i.CyBleStackMgr_isTimerRunning
                0x00003808       0x10 D:\Program Files (x86)\Cypress\PSoC Creator\3.1\PSoC Creator\psoc\content\cycomponentlibrary\CyComponentLibrary.cylib\BLE_v1_20\Library\gccCyBLEStack_BLE_SOC_PERIPHERAL.a(CyBleStackMgr_PSoCHal.o)
                0x00003808                CyBleStackMgr_isTimerRunning

i.CyBleAtlantisRadioInit
                0x00003818      0x1ac
 i.CyBleAtlantisRadioInit
                0x00003818      0x1ac D:\Program Files (x86)\Cypress\PSoC Creator\3.1\PSoC Creator\psoc\content\cycomponentlibrary\CyComponentLibrary.cylib\BLE_v1_20\Library\gccCyBLEStack_BLE_SOC_PERIPHERAL.a(CyBleStackMgr_BleSSDriver.o)

i.CyBleStackMgr_BleSSFifoRead
                0x000039c4       0x38
 i.CyBleStackMgr_BleSSFifoRead
                0x000039c4       0x38 D:\Program Files (x86)\Cypress\PSoC Creator\3.1\PSoC Creator\psoc\content\cycomponentlibrary\CyComponentLibrary.cylib\BLE_v1_20\Library\gccCyBLEStack_BLE_SOC_PERIPHERAL.a(CyBleStackMgr_BleSSDriver.o)
                0x000039c4                CyBleStackMgr_BleSSFifoRead

i.CyBleStackMgr_BleSSFifoWrite
                0x000039fc       0x30
 i.CyBleStackMgr_BleSSFifoWrite
                0x000039fc       0x30 D:\Program Files (x86)\Cypress\PSoC Creator\3.1\PSoC Creator\psoc\content\cycomponentlibrary\CyComponentLibrary.cylib\BLE_v1_20\Library\gccCyBLEStack_BLE_SOC_PERIPHERAL.a(CyBleStackMgr_BleSSDriver.o)
                0x000039fc                CyBleStackMgr_BleSSFifoWrite

i.CyBleStackMgr_BleSSInit
                0x00003a2c       0x50
 i.CyBleStackMgr_BleSSInit
                0x00003a2c       0x50 D:\Program Files (x86)\Cypress\PSoC Creator\3.1\PSoC Creator\psoc\content\cycomponentlibrary\CyComponentLibrary.cylib\BLE_v1_20\Library\gccCyBLEStack_BLE_SOC_PERIPHERAL.a(CyBleStackMgr_BleSSDriver.o)
                0x00003a2c                CyBleStackMgr_BleSSInit

i.CyBleStackMgr_BleSSMemRead
                0x00003a7c       0x26
 i.CyBleStackMgr_BleSSMemRead
                0x00003a7c       0x26 D:\Program Files (x86)\Cypress\PSoC Creator\3.1\PSoC Creator\psoc\content\cycomponentlibrary\CyComponentLibrary.cylib\BLE_v1_20\Library\gccCyBLEStack_BLE_SOC_PERIPHERAL.a(CyBleStackMgr_BleSSDriver.o)
                0x00003a7c                CyBleStackMgr_BleSSMemRead

i.CyBleStackMgr_BleSSMemWrite
                0x00003aa4       0x34
 i.CyBleStackMgr_BleSSMemWrite
                0x00003aa4       0x34 D:\Program Files (x86)\Cypress\PSoC Creator\3.1\PSoC Creator\psoc\content\cycomponentlibrary\CyComponentLibrary.cylib\BLE_v1_20\Library\gccCyBLEStack_BLE_SOC_PERIPHERAL.a(CyBleStackMgr_BleSSDriver.o)
                0x00003aa4                CyBleStackMgr_BleSSMemWrite

i.CyBleStackMgr_BleSSRegRead
                0x00003ad8        0xc
 i.CyBleStackMgr_BleSSRegRead
                0x00003ad8        0xc D:\Program Files (x86)\Cypress\PSoC Creator\3.1\PSoC Creator\psoc\content\cycomponentlibrary\CyComponentLibrary.cylib\BLE_v1_20\Library\gccCyBLEStack_BLE_SOC_PERIPHERAL.a(CyBleStackMgr_BleSSDriver.o)
                0x00003ad8                CyBleStackMgr_BleSSRegRead

i.CyBleStackMgr_BleSSRegWrite
                0x00003ae4        0xc
 i.CyBleStackMgr_BleSSRegWrite
                0x00003ae4        0xc D:\Program Files (x86)\Cypress\PSoC Creator\3.1\PSoC Creator\psoc\content\cycomponentlibrary\CyComponentLibrary.cylib\BLE_v1_20\Library\gccCyBLEStack_BLE_SOC_PERIPHERAL.a(CyBleStackMgr_BleSSDriver.o)
                0x00003ae4                CyBleStackMgr_BleSSRegWrite

i.CyBleStackMgr_BleSSReset
                0x00003af0       0x38
 i.CyBleStackMgr_BleSSReset
                0x00003af0       0x38 D:\Program Files (x86)\Cypress\PSoC Creator\3.1\PSoC Creator\psoc\content\cycomponentlibrary\CyComponentLibrary.cylib\BLE_v1_20\Library\gccCyBLEStack_BLE_SOC_PERIPHERAL.a(CyBleStackMgr_BleSSDriver.o)
                0x00003af0                CyBleStackMgr_BleSSReset

i.CyBleStackMgr_GenericIface
                0x00003b28       0x3c
 i.CyBleStackMgr_GenericIface
                0x00003b28       0x3c D:\Program Files (x86)\Cypress\PSoC Creator\3.1\PSoC Creator\psoc\content\cycomponentlibrary\CyComponentLibrary.cylib\BLE_v1_20\Library\gccCyBLEStack_BLE_SOC_PERIPHERAL.a(CyBleStackMgr_BleSSDriver.o)
                0x00003b28                CyBleStackMgr_GenericIface

i.CyBleStackMgr_HandleBleSSIntr
                0x00003b64       0x90
 i.CyBleStackMgr_HandleBleSSIntr
                0x00003b64       0x90 D:\Program Files (x86)\Cypress\PSoC Creator\3.1\PSoC Creator\psoc\content\cycomponentlibrary\CyComponentLibrary.cylib\BLE_v1_20\Library\gccCyBLEStack_BLE_SOC_PERIPHERAL.a(CyBleStackMgr_BleSSDriver.o)
                0x00003b64                CyBleStackMgr_HandleBleSSIntr

i.CyBleStackMgr_SetClockParam
                0x00003bf4       0xb4
 i.CyBleStackMgr_SetClockParam
                0x00003bf4       0xb4 D:\Program Files (x86)\Cypress\PSoC Creator\3.1\PSoC Creator\psoc\content\cycomponentlibrary\CyComponentLibrary.cylib\BLE_v1_20\Library\gccCyBLEStack_BLE_SOC_PERIPHERAL.a(CyBleStackMgr_BleSSDriver.o)

i.CyBle_ExitDsmMode
                0x00003ca8       0x2c
 i.CyBle_ExitDsmMode
                0x00003ca8       0x2c D:\Program Files (x86)\Cypress\PSoC Creator\3.1\PSoC Creator\psoc\content\cycomponentlibrary\CyComponentLibrary.cylib\BLE_v1_20\Library\gccCyBLEStack_BLE_SOC_PERIPHERAL.a(CyBleStackMgr_BleSSDriver.o)
                0x00003ca8                CyBle_ExitDsmMode

i.CyBle_GetBleSsOperationalMode
                0x00003cd4        0xc
 i.CyBle_GetBleSsOperationalMode
                0x00003cd4        0xc D:\Program Files (x86)\Cypress\PSoC Creator\3.1\PSoC Creator\psoc\content\cycomponentlibrary\CyComponentLibrary.cylib\BLE_v1_20\Library\gccCyBLEStack_BLE_SOC_PERIPHERAL.a(CyBleStackMgr_BleSSDriver.o)
                0x00003cd4                CyBle_GetBleSsOperationalMode

i.CyBle_GetLpMode
                0x00003ce0       0x26
 i.CyBle_GetLpMode
                0x00003ce0       0x26 D:\Program Files (x86)\Cypress\PSoC Creator\3.1\PSoC Creator\psoc\content\cycomponentlibrary\CyComponentLibrary.cylib\BLE_v1_20\Library\gccCyBLEStack_BLE_SOC_PERIPHERAL.a(CyBleStackMgr_BleSSDriver.o)
                0x00003ce0                CyBle_GetLpMode

i.CyBle_GetTxGainMode
                0x00003d08       0x2c
 i.CyBle_GetTxGainMode
                0x00003d08       0x2c D:\Program Files (x86)\Cypress\PSoC Creator\3.1\PSoC Creator\psoc\content\cycomponentlibrary\CyComponentLibrary.cylib\BLE_v1_20\Library\gccCyBLEStack_BLE_SOC_PERIPHERAL.a(CyBleStackMgr_BleSSDriver.o)
                0x00003d08                CyBle_GetTxGainMode

i.CyBle_SetBleSsOperationalMode
                0x00003d34       0x20
 i.CyBle_SetBleSsOperationalMode
                0x00003d34       0x20 D:\Program Files (x86)\Cypress\PSoC Creator\3.1\PSoC Creator\psoc\content\cycomponentlibrary\CyComponentLibrary.cylib\BLE_v1_20\Library\gccCyBLEStack_BLE_SOC_PERIPHERAL.a(CyBleStackMgr_BleSSDriver.o)
                0x00003d34                CyBle_SetBleSsOperationalMode

i.CyBle_SetEventCloseState
                0x00003d54        0xc
 i.CyBle_SetEventCloseState
                0x00003d54        0xc D:\Program Files (x86)\Cypress\PSoC Creator\3.1\PSoC Creator\psoc\content\cycomponentlibrary\CyComponentLibrary.cylib\BLE_v1_20\Library\gccCyBLEStack_BLE_SOC_PERIPHERAL.a(CyBleStackMgr_BleSSDriver.o)
                0x00003d54                CyBle_SetEventCloseState

i.CyBle_SetRxGainMode
                0x00003d60       0x20
 i.CyBle_SetRxGainMode
                0x00003d60       0x20 D:\Program Files (x86)\Cypress\PSoC Creator\3.1\PSoC Creator\psoc\content\cycomponentlibrary\CyComponentLibrary.cylib\BLE_v1_20\Library\gccCyBLEStack_BLE_SOC_PERIPHERAL.a(CyBleStackMgr_BleSSDriver.o)
                0x00003d60                CyBle_SetRxGainMode

i.CyBle_SetTxGainMode
                0x00003d80       0x38
 i.CyBle_SetTxGainMode
                0x00003d80       0x38 D:\Program Files (x86)\Cypress\PSoC Creator\3.1\PSoC Creator\psoc\content\cycomponentlibrary\CyComponentLibrary.cylib\BLE_v1_20\Library\gccCyBLEStack_BLE_SOC_PERIPHERAL.a(CyBleStackMgr_BleSSDriver.o)
                0x00003d80                CyBle_SetTxGainMode

i.pf_rf_get_abs_rssi
                0x00003db8       0x24
 i.pf_rf_get_abs_rssi
                0x00003db8       0x24 D:\Program Files (x86)\Cypress\PSoC Creator\3.1\PSoC Creator\psoc\content\cycomponentlibrary\CyComponentLibrary.cylib\BLE_v1_20\Library\gccCyBLEStack_BLE_SOC_PERIPHERAL.a(CyBleStackMgr_BleSSDriver.o)
                0x00003db8                pf_rf_get_abs_rssi

i.OS_init       0x00003ddc       0x64
 i.OS_init      0x00003ddc       0x64 D:\Program Files (x86)\Cypress\PSoC Creator\3.1\PSoC Creator\psoc\content\cycomponentlibrary\CyComponentLibrary.cylib\BLE_v1_20\Library\gccCyBLEStack_BLE_SOC_PERIPHERAL.a(mint_os.o)
                0x00003ddc                OS_init

i.mintos_malloc
                0x00003e40       0x34
 i.mintos_malloc
                0x00003e40       0x34 D:\Program Files (x86)\Cypress\PSoC Creator\3.1\PSoC Creator\psoc\content\cycomponentlibrary\CyComponentLibrary.cylib\BLE_v1_20\Library\gccCyBLEStack_BLE_SOC_PERIPHERAL.a(mint_os.o)
                0x00003e40                mintos_malloc

i.OS_create_queue
                0x00003e74       0x64
 i.OS_create_queue
                0x00003e74       0x64 D:\Program Files (x86)\Cypress\PSoC Creator\3.1\PSoC Creator\psoc\content\cycomponentlibrary\CyComponentLibrary.cylib\BLE_v1_20\Library\gccCyBLEStack_BLE_SOC_PERIPHERAL.a(mint_os_queue.o)
                0x00003e74                OS_create_queue

i.OS_enqueue_item
                0x00003ed8       0x8c
 i.OS_enqueue_item
                0x00003ed8       0x8c D:\Program Files (x86)\Cypress\PSoC Creator\3.1\PSoC Creator\psoc\content\cycomponentlibrary\CyComponentLibrary.cylib\BLE_v1_20\Library\gccCyBLEStack_BLE_SOC_PERIPHERAL.a(mint_os_queue.o)
                0x00003ed8                OS_enqueue_item

i.OS_queue_get_num_of_items
                0x00003f64       0x28
 i.OS_queue_get_num_of_items
                0x00003f64       0x28 D:\Program Files (x86)\Cypress\PSoC Creator\3.1\PSoC Creator\psoc\content\cycomponentlibrary\CyComponentLibrary.cylib\BLE_v1_20\Library\gccCyBLEStack_BLE_SOC_PERIPHERAL.a(mint_os_queue.o)
                0x00003f64                OS_queue_get_num_of_items

i.OS_queue_mgmt_init
                0x00003f8c       0x40
 i.OS_queue_mgmt_init
                0x00003f8c       0x40 D:\Program Files (x86)\Cypress\PSoC Creator\3.1\PSoC Creator\psoc\content\cycomponentlibrary\CyComponentLibrary.cylib\BLE_v1_20\Library\gccCyBLEStack_BLE_SOC_PERIPHERAL.a(mint_os_queue.o)
                0x00003f8c                OS_queue_mgmt_init

i.OS_remove_item
                0x00003fcc       0xa0
 i.OS_remove_item
                0x00003fcc       0xa0 D:\Program Files (x86)\Cypress\PSoC Creator\3.1\PSoC Creator\psoc\content\cycomponentlibrary\CyComponentLibrary.cylib\BLE_v1_20\Library\gccCyBLEStack_BLE_SOC_PERIPHERAL.a(mint_os_queue.o)
                0x00003fcc                OS_remove_item

i.OS_create_task
                0x0000406c       0x88
 i.OS_create_task
                0x0000406c       0x88 D:\Program Files (x86)\Cypress\PSoC Creator\3.1\PSoC Creator\psoc\content\cycomponentlibrary\CyComponentLibrary.cylib\BLE_v1_20\Library\gccCyBLEStack_BLE_SOC_PERIPHERAL.a(mint_os_task.o)
                0x0000406c                OS_create_task

i.OS_isr_send_signal_to_task
                0x000040f4        0xc
 i.OS_isr_send_signal_to_task
                0x000040f4        0xc D:\Program Files (x86)\Cypress\PSoC Creator\3.1\PSoC Creator\psoc\content\cycomponentlibrary\CyComponentLibrary.cylib\BLE_v1_20\Library\gccCyBLEStack_BLE_SOC_PERIPHERAL.a(mint_os_task.o)
                0x000040f4                OS_isr_send_signal_to_task

i.OS_scheduler  0x00004100       0x64
 i.OS_scheduler
                0x00004100       0x64 D:\Program Files (x86)\Cypress\PSoC Creator\3.1\PSoC Creator\psoc\content\cycomponentlibrary\CyComponentLibrary.cylib\BLE_v1_20\Library\gccCyBLEStack_BLE_SOC_PERIPHERAL.a(mint_os_task.o)
                0x00004100                OS_scheduler

i.OS_send_signal_to_task
                0x00004164        0xc
 i.OS_send_signal_to_task
                0x00004164        0xc D:\Program Files (x86)\Cypress\PSoC Creator\3.1\PSoC Creator\psoc\content\cycomponentlibrary\CyComponentLibrary.cylib\BLE_v1_20\Library\gccCyBLEStack_BLE_SOC_PERIPHERAL.a(mint_os_task.o)
                0x00004164                OS_send_signal_to_task

i.OS_send_signal_to_task_context
                0x00004170       0x3c
 i.OS_send_signal_to_task_context
                0x00004170       0x3c D:\Program Files (x86)\Cypress\PSoC Creator\3.1\PSoC Creator\psoc\content\cycomponentlibrary\CyComponentLibrary.cylib\BLE_v1_20\Library\gccCyBLEStack_BLE_SOC_PERIPHERAL.a(mint_os_task.o)

i.OS_task_mgmt_init
                0x000041ac       0x50
 i.OS_task_mgmt_init
                0x000041ac       0x50 D:\Program Files (x86)\Cypress\PSoC Creator\3.1\PSoC Creator\psoc\content\cycomponentlibrary\CyComponentLibrary.cylib\BLE_v1_20\Library\gccCyBLEStack_BLE_SOC_PERIPHERAL.a(mint_os_task.o)
                0x000041ac                OS_task_mgmt_init

i.mint_buf_mgmt_allocate_buffer
                0x000041fc       0x4c
 i.mint_buf_mgmt_allocate_buffer
                0x000041fc       0x4c D:\Program Files (x86)\Cypress\PSoC Creator\3.1\PSoC Creator\psoc\content\cycomponentlibrary\CyComponentLibrary.cylib\BLE_v1_20\Library\gccCyBLEStack_BLE_SOC_PERIPHERAL.a(mint_buf_mgmt.o)
                0x000041fc                mint_buf_mgmt_allocate_buffer

i.mint_buf_mgmt_create_pool
                0x00004248       0xd8
 i.mint_buf_mgmt_create_pool
                0x00004248       0xd8 D:\Program Files (x86)\Cypress\PSoC Creator\3.1\PSoC Creator\psoc\content\cycomponentlibrary\CyComponentLibrary.cylib\BLE_v1_20\Library\gccCyBLEStack_BLE_SOC_PERIPHERAL.a(mint_buf_mgmt.o)
                0x00004248                mint_buf_mgmt_create_pool

i.mint_buf_mgmt_free_buffer
                0x00004320       0xa4
 i.mint_buf_mgmt_free_buffer
                0x00004320       0xa4 D:\Program Files (x86)\Cypress\PSoC Creator\3.1\PSoC Creator\psoc\content\cycomponentlibrary\CyComponentLibrary.cylib\BLE_v1_20\Library\gccCyBLEStack_BLE_SOC_PERIPHERAL.a(mint_buf_mgmt.o)
                0x00004320                mint_buf_mgmt_free_buffer

i.mint_buf_mgmt_get_free_heap
                0x000043c4       0x1c
 i.mint_buf_mgmt_get_free_heap
                0x000043c4       0x1c D:\Program Files (x86)\Cypress\PSoC Creator\3.1\PSoC Creator\psoc\content\cycomponentlibrary\CyComponentLibrary.cylib\BLE_v1_20\Library\gccCyBLEStack_BLE_SOC_PERIPHERAL.a(mint_buf_mgmt.o)
                0x000043c4                mint_buf_mgmt_get_free_heap

i.mint_buf_mgmt_init
                0x000043e0       0x44
 i.mint_buf_mgmt_init
                0x000043e0       0x44 D:\Program Files (x86)\Cypress\PSoC Creator\3.1\PSoC Creator\psoc\content\cycomponentlibrary\CyComponentLibrary.cylib\BLE_v1_20\Library\gccCyBLEStack_BLE_SOC_PERIPHERAL.a(mint_buf_mgmt.o)
                0x000043e0                mint_buf_mgmt_init

i.mint_buf_mgmt_malloc
                0x00004424       0x2c
 i.mint_buf_mgmt_malloc
                0x00004424       0x2c D:\Program Files (x86)\Cypress\PSoC Creator\3.1\PSoC Creator\psoc\content\cycomponentlibrary\CyComponentLibrary.cylib\BLE_v1_20\Library\gccCyBLEStack_BLE_SOC_PERIPHERAL.a(mint_buf_mgmt.o)
                0x00004424                mint_buf_mgmt_malloc

i.mint_buf_mgmt_reset_pool
                0x00004450       0x70
 i.mint_buf_mgmt_reset_pool
                0x00004450       0x70 D:\Program Files (x86)\Cypress\PSoC Creator\3.1\PSoC Creator\psoc\content\cycomponentlibrary\CyComponentLibrary.cylib\BLE_v1_20\Library\gccCyBLEStack_BLE_SOC_PERIPHERAL.a(mint_buf_mgmt.o)
                0x00004450                mint_buf_mgmt_reset_pool

i.mint_buf_mgmt_stack_init
                0x000044c0       0x24
 i.mint_buf_mgmt_stack_init
                0x000044c0       0x24 D:\Program Files (x86)\Cypress\PSoC Creator\3.1\PSoC Creator\psoc\content\cycomponentlibrary\CyComponentLibrary.cylib\BLE_v1_20\Library\gccCyBLEStack_BLE_SOC_PERIPHERAL.a(mint_buf_mgmt.o)
                0x000044c0                mint_buf_mgmt_stack_init

i.mint_buf_mgmt_stack_pop
                0x000044e4       0x36
 i.mint_buf_mgmt_stack_pop
                0x000044e4       0x36 D:\Program Files (x86)\Cypress\PSoC Creator\3.1\PSoC Creator\psoc\content\cycomponentlibrary\CyComponentLibrary.cylib\BLE_v1_20\Library\gccCyBLEStack_BLE_SOC_PERIPHERAL.a(mint_buf_mgmt.o)
                0x000044e4                mint_buf_mgmt_stack_pop

i.mint_buf_mgmt_stack_push
                0x0000451a       0x36
 i.mint_buf_mgmt_stack_push
                0x0000451a       0x36 D:\Program Files (x86)\Cypress\PSoC Creator\3.1\PSoC Creator\psoc\content\cycomponentlibrary\CyComponentLibrary.cylib\BLE_v1_20\Library\gccCyBLEStack_BLE_SOC_PERIPHERAL.a(mint_buf_mgmt.o)
                0x0000451a                mint_buf_mgmt_stack_push

i.mint_buf_mgmt_stack_reset
                0x00004550       0x1e
 i.mint_buf_mgmt_stack_reset
                0x00004550       0x1e D:\Program Files (x86)\Cypress\PSoC Creator\3.1\PSoC Creator\psoc\content\cycomponentlibrary\CyComponentLibrary.cylib\BLE_v1_20\Library\gccCyBLEStack_BLE_SOC_PERIPHERAL.a(mint_buf_mgmt.o)
                0x00004550                mint_buf_mgmt_stack_reset

i.mint_buf_mgmt_stack_search_item
                0x0000456e       0x30
 i.mint_buf_mgmt_stack_search_item
                0x0000456e       0x30 D:\Program Files (x86)\Cypress\PSoC Creator\3.1\PSoC Creator\psoc\content\cycomponentlibrary\CyComponentLibrary.cylib\BLE_v1_20\Library\gccCyBLEStack_BLE_SOC_PERIPHERAL.a(mint_buf_mgmt.o)
                0x0000456e                mint_buf_mgmt_stack_search_item

i.mint_buf_mgmt_pl_init
                0x000045a0       0x2c
 i.mint_buf_mgmt_pl_init
                0x000045a0       0x2c D:\Program Files (x86)\Cypress\PSoC Creator\3.1\PSoC Creator\psoc\content\cycomponentlibrary\CyComponentLibrary.cylib\BLE_v1_20\Library\gccCyBLEStack_BLE_SOC_PERIPHERAL.a(mint_buf_mgmt_pl.o)
                0x000045a0                mint_buf_mgmt_pl_init

i.CyBleControllerIP_GetPingState
                0x000045cc        0xc
 i.CyBleControllerIP_GetPingState
                0x000045cc        0xc D:\Program Files (x86)\Cypress\PSoC Creator\3.1\PSoC Creator\psoc\content\cycomponentlibrary\CyComponentLibrary.cylib\BLE_v1_20\Library\gccCyBLEStack_BLE_SOC_PERIPHERAL.a(CyBleControllerIP_Interface.o)
                0x000045cc                CyBleControllerIP_GetPingState

i.CyBleController_AddDeviceToWhiteList
                0x000045d8       0x40
 i.CyBleController_AddDeviceToWhiteList
                0x000045d8       0x40 D:\Program Files (x86)\Cypress\PSoC Creator\3.1\PSoC Creator\psoc\content\cycomponentlibrary\CyComponentLibrary.cylib\BLE_v1_20\Library\gccCyBLEStack_BLE_SOC_PERIPHERAL.a(CyBleControllerIP_Interface.o)
                0x000045d8                CyBleController_AddDeviceToWhiteList

i.CyBleController_ExitLowPowerMode
                0x00004618       0x10
 i.CyBleController_ExitLowPowerMode
                0x00004618       0x10 D:\Program Files (x86)\Cypress\PSoC Creator\3.1\PSoC Creator\psoc\content\cycomponentlibrary\CyComponentLibrary.cylib\BLE_v1_20\Library\gccCyBLEStack_BLE_SOC_PERIPHERAL.a(CyBleControllerIP_Interface.o)
                0x00004618                CyBleController_ExitLowPowerMode

i.CyBleController_Init
                0x00004628       0x3c
 i.CyBleController_Init
                0x00004628       0x3c D:\Program Files (x86)\Cypress\PSoC Creator\3.1\PSoC Creator\psoc\content\cycomponentlibrary\CyComponentLibrary.cylib\BLE_v1_20\Library\gccCyBLEStack_BLE_SOC_PERIPHERAL.a(CyBleControllerIP_Interface.o)
                0x00004628                CyBleController_Init

i.CyBleController_SetDeviceAddress
                0x00004664       0x2e
 i.CyBleController_SetDeviceAddress
                0x00004664       0x2e D:\Program Files (x86)\Cypress\PSoC Creator\3.1\PSoC Creator\psoc\content\cycomponentlibrary\CyComponentLibrary.cylib\BLE_v1_20\Library\gccCyBLEStack_BLE_SOC_PERIPHERAL.a(CyBleControllerIP_Interface.o)
                0x00004664                CyBleController_SetDeviceAddress

i.CyBle_GetTxPowerLevel
                0x00004692       0x4e
 i.CyBle_GetTxPowerLevel
                0x00004692       0x4e D:\Program Files (x86)\Cypress\PSoC Creator\3.1\PSoC Creator\psoc\content\cycomponentlibrary\CyComponentLibrary.cylib\BLE_v1_20\Library\gccCyBLEStack_BLE_SOC_PERIPHERAL.a(CyBleControllerIP_Interface.o)
                0x00004692                CyBle_GetTxPowerLevel

i.CyBle_SetTxPowerLevel
                0x000046e0       0x56
 i.CyBle_SetTxPowerLevel
                0x000046e0       0x56 D:\Program Files (x86)\Cypress\PSoC Creator\3.1\PSoC Creator\psoc\content\cycomponentlibrary\CyComponentLibrary.cylib\BLE_v1_20\Library\gccCyBLEStack_BLE_SOC_PERIPHERAL.a(CyBleControllerIP_Interface.o)
                0x000046e0                CyBle_SetTxPowerLevel

i.ll_check_and_mark_packet_ready_for_transmission
                0x00004738       0x28
 i.ll_check_and_mark_packet_ready_for_transmission
                0x00004738       0x28 D:\Program Files (x86)\Cypress\PSoC Creator\3.1\PSoC Creator\psoc\content\cycomponentlibrary\CyComponentLibrary.cylib\BLE_v1_20\Library\gccCyBLEStack_BLE_SOC_PERIPHERAL.a(ll.o)
                0x00004738                ll_check_and_mark_packet_ready_for_transmission

i.ll_cleanup_pending_data_pdu
                0x00004760       0x38
 i.ll_cleanup_pending_data_pdu
                0x00004760       0x38 D:\Program Files (x86)\Cypress\PSoC Creator\3.1\PSoC Creator\psoc\content\cycomponentlibrary\CyComponentLibrary.cylib\BLE_v1_20\Library\gccCyBLEStack_BLE_SOC_PERIPHERAL.a(ll.o)
                0x00004760                ll_cleanup_pending_data_pdu

i.ll_exit_low_power_mode
                0x00004798       0xac
 i.ll_exit_low_power_mode
                0x00004798       0xac D:\Program Files (x86)\Cypress\PSoC Creator\3.1\PSoC Creator\psoc\content\cycomponentlibrary\CyComponentLibrary.cylib\BLE_v1_20\Library\gccCyBLEStack_BLE_SOC_PERIPHERAL.a(ll.o)
                0x00004798                ll_exit_low_power_mode

i.ll_get_ack_status
                0x00004844       0x3c
 i.ll_get_ack_status
                0x00004844       0x3c D:\Program Files (x86)\Cypress\PSoC Creator\3.1\PSoC Creator\psoc\content\cycomponentlibrary\CyComponentLibrary.cylib\BLE_v1_20\Library\gccCyBLEStack_BLE_SOC_PERIPHERAL.a(ll.o)
                0x00004844                ll_get_ack_status

i.ll_get_adv_ch_tx_power
                0x00004880       0x20
 i.ll_get_adv_ch_tx_power
                0x00004880       0x20 D:\Program Files (x86)\Cypress\PSoC Creator\3.1\PSoC Creator\psoc\content\cycomponentlibrary\CyComponentLibrary.cylib\BLE_v1_20\Library\gccCyBLEStack_BLE_SOC_PERIPHERAL.a(ll.o)
                0x00004880                ll_get_adv_ch_tx_power

i.ll_get_data_channel_map
                0x000048a0       0x24
 i.ll_get_data_channel_map
                0x000048a0       0x24 D:\Program Files (x86)\Cypress\PSoC Creator\3.1\PSoC Creator\psoc\content\cycomponentlibrary\CyComponentLibrary.cylib\BLE_v1_20\Library\gccCyBLEStack_BLE_SOC_PERIPHERAL.a(ll.o)
                0x000048a0                ll_get_data_channel_map

i.ll_get_max_white_list_size
                0x000048c4        0xc
 i.ll_get_max_white_list_size
                0x000048c4        0xc D:\Program Files (x86)\Cypress\PSoC Creator\3.1\PSoC Creator\psoc\content\cycomponentlibrary\CyComponentLibrary.cylib\BLE_v1_20\Library\gccCyBLEStack_BLE_SOC_PERIPHERAL.a(ll.o)
                0x000048c4                ll_get_max_white_list_size

i.ll_get_my_role
                0x000048d0        0xc
 i.ll_get_my_role
                0x000048d0        0xc D:\Program Files (x86)\Cypress\PSoC Creator\3.1\PSoC Creator\psoc\content\cycomponentlibrary\CyComponentLibrary.cylib\BLE_v1_20\Library\gccCyBLEStack_BLE_SOC_PERIPHERAL.a(ll.o)
                0x000048d0                ll_get_my_role

i.ll_get_next_available_fifo_for_data_pdu
                0x000048dc        0x8
 i.ll_get_next_available_fifo_for_data_pdu
                0x000048dc        0x8 D:\Program Files (x86)\Cypress\PSoC Creator\3.1\PSoC Creator\psoc\content\cycomponentlibrary\CyComponentLibrary.cylib\BLE_v1_20\Library\gccCyBLEStack_BLE_SOC_PERIPHERAL.a(ll.o)
                0x000048dc                ll_get_next_available_fifo_for_data_pdu

i.ll_get_next_available_fifo_for_ll_pdu
                0x000048e4       0x24
 i.ll_get_next_available_fifo_for_ll_pdu
                0x000048e4       0x24 D:\Program Files (x86)\Cypress\PSoC Creator\3.1\PSoC Creator\psoc\content\cycomponentlibrary\CyComponentLibrary.cylib\BLE_v1_20\Library\gccCyBLEStack_BLE_SOC_PERIPHERAL.a(ll.o)
                0x000048e4                ll_get_next_available_fifo_for_ll_pdu

i.ll_get_rssi_value
                0x00004908       0x26
 i.ll_get_rssi_value
                0x00004908       0x26 D:\Program Files (x86)\Cypress\PSoC Creator\3.1\PSoC Creator\psoc\content\cycomponentlibrary\CyComponentLibrary.cylib\BLE_v1_20\Library\gccCyBLEStack_BLE_SOC_PERIPHERAL.a(ll.o)
                0x00004908                ll_get_rssi_value

i.ll_get_transmit_power_level
                0x00004930       0x2c
 i.ll_get_transmit_power_level
                0x00004930       0x2c D:\Program Files (x86)\Cypress\PSoC Creator\3.1\PSoC Creator\psoc\content\cycomponentlibrary\CyComponentLibrary.cylib\BLE_v1_20\Library\gccCyBLEStack_BLE_SOC_PERIPHERAL.a(ll.o)
                0x00004930                ll_get_transmit_power_level

i.ll_handle_ack_received
                0x0000495c       0x74
 i.ll_handle_ack_received
                0x0000495c       0x74 D:\Program Files (x86)\Cypress\PSoC Creator\3.1\PSoC Creator\psoc\content\cycomponentlibrary\CyComponentLibrary.cylib\BLE_v1_20\Library\gccCyBLEStack_BLE_SOC_PERIPHERAL.a(ll.o)
                0x0000495c                ll_handle_ack_received

i.ll_handle_add_device_in_whitelist
                0x000049d0       0x3a
 i.ll_handle_add_device_in_whitelist
                0x000049d0       0x3a D:\Program Files (x86)\Cypress\PSoC Creator\3.1\PSoC Creator\psoc\content\cycomponentlibrary\CyComponentLibrary.cylib\BLE_v1_20\Library\gccCyBLEStack_BLE_SOC_PERIPHERAL.a(ll.o)
                0x000049d0                ll_handle_add_device_in_whitelist

i.ll_handle_clear_whitelist
                0x00004a0a       0x16
 i.ll_handle_clear_whitelist
                0x00004a0a       0x16 D:\Program Files (x86)\Cypress\PSoC Creator\3.1\PSoC Creator\psoc\content\cycomponentlibrary\CyComponentLibrary.cylib\BLE_v1_20\Library\gccCyBLEStack_BLE_SOC_PERIPHERAL.a(ll.o)
                0x00004a0a                ll_handle_clear_whitelist

i.ll_handle_encrypt_host_data
                0x00004a20       0x36
 i.ll_handle_encrypt_host_data
                0x00004a20       0x36 D:\Program Files (x86)\Cypress\PSoC Creator\3.1\PSoC Creator\psoc\content\cycomponentlibrary\CyComponentLibrary.cylib\BLE_v1_20\Library\gccCyBLEStack_BLE_SOC_PERIPHERAL.a(ll.o)
                0x00004a20                ll_handle_encrypt_host_data

i.ll_handle_host_data_packet
                0x00004a56       0x54
 i.ll_handle_host_data_packet
                0x00004a56       0x54 D:\Program Files (x86)\Cypress\PSoC Creator\3.1\PSoC Creator\psoc\content\cycomponentlibrary\CyComponentLibrary.cylib\BLE_v1_20\Library\gccCyBLEStack_BLE_SOC_PERIPHERAL.a(ll.o)
                0x00004a56                ll_handle_host_data_packet

i.ll_handle_read_host_channel_map
                0x00004aaa        0x4
 i.ll_handle_read_host_channel_map
                0x00004aaa        0x4 D:\Program Files (x86)\Cypress\PSoC Creator\3.1\PSoC Creator\psoc\content\cycomponentlibrary\CyComponentLibrary.cylib\BLE_v1_20\Library\gccCyBLEStack_BLE_SOC_PERIPHERAL.a(ll.o)
                0x00004aaa                ll_handle_read_host_channel_map

i.ll_handle_remove_device_in_whitelist
                0x00004aae       0x2a
 i.ll_handle_remove_device_in_whitelist
                0x00004aae       0x2a D:\Program Files (x86)\Cypress\PSoC Creator\3.1\PSoC Creator\psoc\content\cycomponentlibrary\CyComponentLibrary.cylib\BLE_v1_20\Library\gccCyBLEStack_BLE_SOC_PERIPHERAL.a(ll.o)
                0x00004aae                ll_handle_remove_device_in_whitelist

i.ll_handle_reset
                0x00004ad8        0xe
 i.ll_handle_reset
                0x00004ad8        0xe D:\Program Files (x86)\Cypress\PSoC Creator\3.1\PSoC Creator\psoc\content\cycomponentlibrary\CyComponentLibrary.cylib\BLE_v1_20\Library\gccCyBLEStack_BLE_SOC_PERIPHERAL.a(ll.o)
                0x00004ad8                ll_handle_reset

i.ll_handle_set_random_address
                0x00004ae6       0x36
 i.ll_handle_set_random_address
                0x00004ae6       0x36 D:\Program Files (x86)\Cypress\PSoC Creator\3.1\PSoC Creator\psoc\content\cycomponentlibrary\CyComponentLibrary.cylib\BLE_v1_20\Library\gccCyBLEStack_BLE_SOC_PERIPHERAL.a(ll.o)
                0x00004ae6                ll_handle_set_random_address

i.ll_init       0x00004b1c       0x18
 i.ll_init      0x00004b1c       0x18 D:\Program Files (x86)\Cypress\PSoC Creator\3.1\PSoC Creator\psoc\content\cycomponentlibrary\CyComponentLibrary.cylib\BLE_v1_20\Library\gccCyBLEStack_BLE_SOC_PERIPHERAL.a(ll.o)
                0x00004b1c                ll_init

i.ll_initialize_device_attributes
                0x00004b34       0x4c
 i.ll_initialize_device_attributes
                0x00004b34       0x4c D:\Program Files (x86)\Cypress\PSoC Creator\3.1\PSoC Creator\psoc\content\cycomponentlibrary\CyComponentLibrary.cylib\BLE_v1_20\Library\gccCyBLEStack_BLE_SOC_PERIPHERAL.a(ll.o)
                0x00004b34                ll_initialize_device_attributes

i.ll_is_pkt_pending
                0x00004b80       0x2a
 i.ll_is_pkt_pending
                0x00004b80       0x2a D:\Program Files (x86)\Cypress\PSoC Creator\3.1\PSoC Creator\psoc\content\cycomponentlibrary\CyComponentLibrary.cylib\BLE_v1_20\Library\gccCyBLEStack_BLE_SOC_PERIPHERAL.a(ll.o)
                0x00004b80                ll_is_pkt_pending

i.ll_is_sent_pkt_pending
                0x00004baa       0x1a
 i.ll_is_sent_pkt_pending
                0x00004baa       0x1a D:\Program Files (x86)\Cypress\PSoC Creator\3.1\PSoC Creator\psoc\content\cycomponentlibrary\CyComponentLibrary.cylib\BLE_v1_20\Library\gccCyBLEStack_BLE_SOC_PERIPHERAL.a(ll.o)
                0x00004baa                ll_is_sent_pkt_pending

i.ll_isr_exit_low_power_mode
                0x00004bc4       0x16
 i.ll_isr_exit_low_power_mode
                0x00004bc4       0x16 D:\Program Files (x86)\Cypress\PSoC Creator\3.1\PSoC Creator\psoc\content\cycomponentlibrary\CyComponentLibrary.cylib\BLE_v1_20\Library\gccCyBLEStack_BLE_SOC_PERIPHERAL.a(ll.o)
                0x00004bc4                ll_isr_exit_low_power_mode

i.ll_load_host_data_packet
                0x00004bda       0x4a
 i.ll_load_host_data_packet
                0x00004bda       0x4a D:\Program Files (x86)\Cypress\PSoC Creator\3.1\PSoC Creator\psoc\content\cycomponentlibrary\CyComponentLibrary.cylib\BLE_v1_20\Library\gccCyBLEStack_BLE_SOC_PERIPHERAL.a(ll.o)
                0x00004bda                ll_load_host_data_packet

i.ll_load_packet_to_fifo
                0x00004c24       0x6e
 i.ll_load_packet_to_fifo
                0x00004c24       0x6e D:\Program Files (x86)\Cypress\PSoC Creator\3.1\PSoC Creator\psoc\content\cycomponentlibrary\CyComponentLibrary.cylib\BLE_v1_20\Library\gccCyBLEStack_BLE_SOC_PERIPHERAL.a(ll.o)
                0x00004c24                ll_load_packet_to_fifo

i.ll_process_acks
                0x00004c92       0x3c
 i.ll_process_acks
                0x00004c92       0x3c D:\Program Files (x86)\Cypress\PSoC Creator\3.1\PSoC Creator\psoc\content\cycomponentlibrary\CyComponentLibrary.cylib\BLE_v1_20\Library\gccCyBLEStack_BLE_SOC_PERIPHERAL.a(ll.o)
                0x00004c92                ll_process_acks

i.ll_reset      0x00004cce       0x12
 i.ll_reset     0x00004cce       0x12 D:\Program Files (x86)\Cypress\PSoC Creator\3.1\PSoC Creator\psoc\content\cycomponentlibrary\CyComponentLibrary.cylib\BLE_v1_20\Library\gccCyBLEStack_BLE_SOC_PERIPHERAL.a(ll.o)
                0x00004cce                ll_reset

i.ll_update_active_features
                0x00004ce0       0x58
 i.ll_update_active_features
                0x00004ce0       0x58 D:\Program Files (x86)\Cypress\PSoC Creator\3.1\PSoC Creator\psoc\content\cycomponentlibrary\CyComponentLibrary.cylib\BLE_v1_20\Library\gccCyBLEStack_BLE_SOC_PERIPHERAL.a(ll.o)
                0x00004ce0                ll_update_active_features

i.ll_update_device_fsm
                0x00004d38        0x8
 i.ll_update_device_fsm
                0x00004d38        0x8 D:\Program Files (x86)\Cypress\PSoC Creator\3.1\PSoC Creator\psoc\content\cycomponentlibrary\CyComponentLibrary.cylib\BLE_v1_20\Library\gccCyBLEStack_BLE_SOC_PERIPHERAL.a(ll.o)
                0x00004d38                ll_update_device_fsm

i.pf_le_start_timer
                0x00004d40       0x16
 i.pf_le_start_timer
                0x00004d40       0x16 D:\Program Files (x86)\Cypress\PSoC Creator\3.1\PSoC Creator\psoc\content\cycomponentlibrary\CyComponentLibrary.cylib\BLE_v1_20\Library\gccCyBLEStack_BLE_SOC_PERIPHERAL.a(ll.o)
                0x00004d40                pf_le_start_timer

i.pf_le_stop_timer
                0x00004d56       0x12
 i.pf_le_stop_timer
                0x00004d56       0x12 D:\Program Files (x86)\Cypress\PSoC Creator\3.1\PSoC Creator\psoc\content\cycomponentlibrary\CyComponentLibrary.cylib\BLE_v1_20\Library\gccCyBLEStack_BLE_SOC_PERIPHERAL.a(ll.o)
                0x00004d56                pf_le_stop_timer

i.CyBleControllerIP_TuneAdvEventInterPktSlots
                0x00004d68       0x44
 i.CyBleControllerIP_TuneAdvEventInterPktSlots
                0x00004d68       0x44 D:\Program Files (x86)\Cypress\PSoC Creator\3.1\PSoC Creator\psoc\content\cycomponentlibrary\CyComponentLibrary.cylib\BLE_v1_20\Library\gccCyBLEStack_BLE_SOC_PERIPHERAL.a(ll_advertiser.o)
                0x00004d68                CyBleControllerIP_TuneAdvEventInterPktSlots

i.ll_adv_is_configured_connection_adv
                0x00004dac       0x1e
 i.ll_adv_is_configured_connection_adv
                0x00004dac       0x1e D:\Program Files (x86)\Cypress\PSoC Creator\3.1\PSoC Creator\psoc\content\cycomponentlibrary\CyComponentLibrary.cylib\BLE_v1_20\Library\gccCyBLEStack_BLE_SOC_PERIPHERAL.a(ll_advertiser.o)
                0x00004dac                ll_adv_is_configured_connection_adv

i.ll_check_random_address_in_use_by_advertiser
                0x00004dca       0x10
 i.ll_check_random_address_in_use_by_advertiser
                0x00004dca       0x10 D:\Program Files (x86)\Cypress\PSoC Creator\3.1\PSoC Creator\psoc\content\cycomponentlibrary\CyComponentLibrary.cylib\BLE_v1_20\Library\gccCyBLEStack_BLE_SOC_PERIPHERAL.a(ll_advertiser.o)
                0x00004dca                ll_check_random_address_in_use_by_advertiser

i.ll_check_whitelist_in_use_by_advertiser
                0x00004dda       0x10
 i.ll_check_whitelist_in_use_by_advertiser
                0x00004dda       0x10 D:\Program Files (x86)\Cypress\PSoC Creator\3.1\PSoC Creator\psoc\content\cycomponentlibrary\CyComponentLibrary.cylib\BLE_v1_20\Library\gccCyBLEStack_BLE_SOC_PERIPHERAL.a(ll_advertiser.o)
                0x00004dda                ll_check_whitelist_in_use_by_advertiser

i.ll_get_adv_status
                0x00004dea        0xc
 i.ll_get_adv_status
                0x00004dea        0xc D:\Program Files (x86)\Cypress\PSoC Creator\3.1\PSoC Creator\psoc\content\cycomponentlibrary\CyComponentLibrary.cylib\BLE_v1_20\Library\gccCyBLEStack_BLE_SOC_PERIPHERAL.a(ll_advertiser.o)
                0x00004dea                ll_get_adv_status

i.ll_get_adv_type
                0x00004df6       0x16
 i.ll_get_adv_type
                0x00004df6       0x16 D:\Program Files (x86)\Cypress\PSoC Creator\3.1\PSoC Creator\psoc\content\cycomponentlibrary\CyComponentLibrary.cylib\BLE_v1_20\Library\gccCyBLEStack_BLE_SOC_PERIPHERAL.a(ll_advertiser.o)
                0x00004df6                ll_get_adv_type

i.ll_handle_adv_intr
                0x00004e0c       0x50
 i.ll_handle_adv_intr
                0x00004e0c       0x50 D:\Program Files (x86)\Cypress\PSoC Creator\3.1\PSoC Creator\psoc\content\cycomponentlibrary\CyComponentLibrary.cylib\BLE_v1_20\Library\gccCyBLEStack_BLE_SOC_PERIPHERAL.a(ll_advertiser.o)
                0x00004e0c                ll_handle_adv_intr

i.ll_handle_set_adv_data
                0x00004e5c       0x14
 i.ll_handle_set_adv_data
                0x00004e5c       0x14 D:\Program Files (x86)\Cypress\PSoC Creator\3.1\PSoC Creator\psoc\content\cycomponentlibrary\CyComponentLibrary.cylib\BLE_v1_20\Library\gccCyBLEStack_BLE_SOC_PERIPHERAL.a(ll_advertiser.o)
                0x00004e5c                ll_handle_set_adv_data

i.ll_handle_set_adv_parameters
                0x00004e70       0x84
 i.ll_handle_set_adv_parameters
                0x00004e70       0x84 D:\Program Files (x86)\Cypress\PSoC Creator\3.1\PSoC Creator\psoc\content\cycomponentlibrary\CyComponentLibrary.cylib\BLE_v1_20\Library\gccCyBLEStack_BLE_SOC_PERIPHERAL.a(ll_advertiser.o)
                0x00004e70                ll_handle_set_adv_parameters

i.ll_handle_set_advertise_enable
                0x00004ef4       0x70
 i.ll_handle_set_advertise_enable
                0x00004ef4       0x70 D:\Program Files (x86)\Cypress\PSoC Creator\3.1\PSoC Creator\psoc\content\cycomponentlibrary\CyComponentLibrary.cylib\BLE_v1_20\Library\gccCyBLEStack_BLE_SOC_PERIPHERAL.a(ll_advertiser.o)
                0x00004ef4                ll_handle_set_advertise_enable

i.ll_handle_set_scan_resp_data
                0x00004f64       0x14
 i.ll_handle_set_scan_resp_data
                0x00004f64       0x14 D:\Program Files (x86)\Cypress\PSoC Creator\3.1\PSoC Creator\psoc\content\cycomponentlibrary\CyComponentLibrary.cylib\BLE_v1_20\Library\gccCyBLEStack_BLE_SOC_PERIPHERAL.a(ll_advertiser.o)
                0x00004f64                ll_handle_set_scan_resp_data

i.ll_init_advertiser
                0x00004f78       0x68
 i.ll_init_advertiser
                0x00004f78       0x68 D:\Program Files (x86)\Cypress\PSoC Creator\3.1\PSoC Creator\psoc\content\cycomponentlibrary\CyComponentLibrary.cylib\BLE_v1_20\Library\gccCyBLEStack_BLE_SOC_PERIPHERAL.a(ll_advertiser.o)
                0x00004f78                ll_init_advertiser

i.is_le_connection_handle
                0x00004fe0       0x28
 i.is_le_connection_handle
                0x00004fe0       0x28 D:\Program Files (x86)\Cypress\PSoC Creator\3.1\PSoC Creator\psoc\content\cycomponentlibrary\CyComponentLibrary.cylib\BLE_v1_20\Library\gccCyBLEStack_BLE_SOC_PERIPHERAL.a(ll_connection.o)
                0x00004fe0                is_le_connection_handle

i.le_assign_connection_handle
                0x00005008       0x28
 i.le_assign_connection_handle
                0x00005008       0x28 D:\Program Files (x86)\Cypress\PSoC Creator\3.1\PSoC Creator\psoc\content\cycomponentlibrary\CyComponentLibrary.cylib\BLE_v1_20\Library\gccCyBLEStack_BLE_SOC_PERIPHERAL.a(ll_connection.o)
                0x00005008                le_assign_connection_handle

i.le_get_connection_index
                0x00005030        0x6
 i.le_get_connection_index
                0x00005030        0x6 D:\Program Files (x86)\Cypress\PSoC Creator\3.1\PSoC Creator\psoc\content\cycomponentlibrary\CyComponentLibrary.cylib\BLE_v1_20\Library\gccCyBLEStack_BLE_SOC_PERIPHERAL.a(ll_connection.o)
                0x00005030                le_get_connection_index

i.ll_allocate_connection
                0x00005038       0x44
 i.ll_allocate_connection
                0x00005038       0x44 D:\Program Files (x86)\Cypress\PSoC Creator\3.1\PSoC Creator\psoc\content\cycomponentlibrary\CyComponentLibrary.cylib\BLE_v1_20\Library\gccCyBLEStack_BLE_SOC_PERIPHERAL.a(ll_connection.o)
                0x00005038                ll_allocate_connection

i.ll_calculate_and_program_def_win_widen_drift
                0x0000507c       0x14
 i.ll_calculate_and_program_def_win_widen_drift
                0x0000507c       0x14 D:\Program Files (x86)\Cypress\PSoC Creator\3.1\PSoC Creator\psoc\content\cycomponentlibrary\CyComponentLibrary.cylib\BLE_v1_20\Library\gccCyBLEStack_BLE_SOC_PERIPHERAL.a(ll_connection.o)
                0x0000507c                ll_calculate_and_program_def_win_widen_drift

i.ll_calculate_drift
                0x00005090       0x2c
 i.ll_calculate_drift
                0x00005090       0x2c D:\Program Files (x86)\Cypress\PSoC Creator\3.1\PSoC Creator\psoc\content\cycomponentlibrary\CyComponentLibrary.cylib\BLE_v1_20\Library\gccCyBLEStack_BLE_SOC_PERIPHERAL.a(ll_connection.o)
                0x00005090                ll_calculate_drift

i.ll_check_and_decrypt_ll_pdu
                0x000050bc       0x68
 i.ll_check_and_decrypt_ll_pdu
                0x000050bc       0x68 D:\Program Files (x86)\Cypress\PSoC Creator\3.1\PSoC Creator\psoc\content\cycomponentlibrary\CyComponentLibrary.cylib\BLE_v1_20\Library\gccCyBLEStack_BLE_SOC_PERIPHERAL.a(ll_connection.o)
                0x000050bc                ll_check_and_decrypt_ll_pdu

i.ll_check_and_decrypt_packet
                0x00005124       0x6a
 i.ll_check_and_decrypt_packet
                0x00005124       0x6a D:\Program Files (x86)\Cypress\PSoC Creator\3.1\PSoC Creator\psoc\content\cycomponentlibrary\CyComponentLibrary.cylib\BLE_v1_20\Library\gccCyBLEStack_BLE_SOC_PERIPHERAL.a(ll_connection.o)
                0x00005124                ll_check_and_decrypt_packet

i.ll_check_and_encrypt_ll_pdu
                0x0000518e       0x72
 i.ll_check_and_encrypt_ll_pdu
                0x0000518e       0x72 D:\Program Files (x86)\Cypress\PSoC Creator\3.1\PSoC Creator\psoc\content\cycomponentlibrary\CyComponentLibrary.cylib\BLE_v1_20\Library\gccCyBLEStack_BLE_SOC_PERIPHERAL.a(ll_connection.o)
                0x0000518e                ll_check_and_encrypt_ll_pdu

i.ll_check_and_encrypt_packet
                0x00005200       0x8a
 i.ll_check_and_encrypt_packet
                0x00005200       0x8a D:\Program Files (x86)\Cypress\PSoC Creator\3.1\PSoC Creator\psoc\content\cycomponentlibrary\CyComponentLibrary.cylib\BLE_v1_20\Library\gccCyBLEStack_BLE_SOC_PERIPHERAL.a(ll_connection.o)
                0x00005200                ll_check_and_encrypt_packet

i.ll_check_for_allowing_incoming_connection_update
                0x0000528a       0x42
 i.ll_check_for_allowing_incoming_connection_update
                0x0000528a       0x42 D:\Program Files (x86)\Cypress\PSoC Creator\3.1\PSoC Creator\psoc\content\cycomponentlibrary\CyComponentLibrary.cylib\BLE_v1_20\Library\gccCyBLEStack_BLE_SOC_PERIPHERAL.a(ll_connection.o)
                0x0000528a                ll_check_for_allowing_incoming_connection_update

i.ll_check_if_pdu_is_loaded_to_hardware
                0x000052cc       0x1c
 i.ll_check_if_pdu_is_loaded_to_hardware
                0x000052cc       0x1c D:\Program Files (x86)\Cypress\PSoC Creator\3.1\PSoC Creator\psoc\content\cycomponentlibrary\CyComponentLibrary.cylib\BLE_v1_20\Library\gccCyBLEStack_BLE_SOC_PERIPHERAL.a(ll_connection.o)
                0x000052cc                ll_check_if_pdu_is_loaded_to_hardware

i.ll_check_random_address_in_use_by_initiator
                0x000052e8       0x30
 i.ll_check_random_address_in_use_by_initiator
                0x000052e8       0x30 D:\Program Files (x86)\Cypress\PSoC Creator\3.1\PSoC Creator\psoc\content\cycomponentlibrary\CyComponentLibrary.cylib\BLE_v1_20\Library\gccCyBLEStack_BLE_SOC_PERIPHERAL.a(ll_connection.o)
                0x000052e8                ll_check_random_address_in_use_by_initiator

i.ll_check_white_list_in_use_by_initiator
                0x00005318       0x30
 i.ll_check_white_list_in_use_by_initiator
                0x00005318       0x30 D:\Program Files (x86)\Cypress\PSoC Creator\3.1\PSoC Creator\psoc\content\cycomponentlibrary\CyComponentLibrary.cylib\BLE_v1_20\Library\gccCyBLEStack_BLE_SOC_PERIPHERAL.a(ll_connection.o)
                0x00005318                ll_check_white_list_in_use_by_initiator

i.ll_conn_free_enc_txn_buffer
                0x00005348       0x16
 i.ll_conn_free_enc_txn_buffer
                0x00005348       0x16 D:\Program Files (x86)\Cypress\PSoC Creator\3.1\PSoC Creator\psoc\content\cycomponentlibrary\CyComponentLibrary.cylib\BLE_v1_20\Library\gccCyBLEStack_BLE_SOC_PERIPHERAL.a(ll_connection.o)
                0x00005348                ll_conn_free_enc_txn_buffer

i.ll_conn_fsm_update_channel_state
                0x0000535e        0x6
 i.ll_conn_fsm_update_channel_state
                0x0000535e        0x6 D:\Program Files (x86)\Cypress\PSoC Creator\3.1\PSoC Creator\psoc\content\cycomponentlibrary\CyComponentLibrary.cylib\BLE_v1_20\Library\gccCyBLEStack_BLE_SOC_PERIPHERAL.a(ll_connection.o)
                0x0000535e                ll_conn_fsm_update_channel_state

i.ll_conn_fsm_update_conn_update_state
                0x00005364        0x6
 i.ll_conn_fsm_update_conn_update_state
                0x00005364        0x6 D:\Program Files (x86)\Cypress\PSoC Creator\3.1\PSoC Creator\psoc\content\cycomponentlibrary\CyComponentLibrary.cylib\BLE_v1_20\Library\gccCyBLEStack_BLE_SOC_PERIPHERAL.a(ll_connection.o)
                0x00005364                ll_conn_fsm_update_conn_update_state

i.ll_conn_fsm_update_enc_state
                0x0000536a        0x6
 i.ll_conn_fsm_update_enc_state
                0x0000536a        0x6 D:\Program Files (x86)\Cypress\PSoC Creator\3.1\PSoC Creator\psoc\content\cycomponentlibrary\CyComponentLibrary.cylib\BLE_v1_20\Library\gccCyBLEStack_BLE_SOC_PERIPHERAL.a(ll_connection.o)
                0x0000536a                ll_conn_fsm_update_enc_state

i.ll_conn_fsm_update_state
                0x00005370        0x4
 i.ll_conn_fsm_update_state
                0x00005370        0x4 D:\Program Files (x86)\Cypress\PSoC Creator\3.1\PSoC Creator\psoc\content\cycomponentlibrary\CyComponentLibrary.cylib\BLE_v1_20\Library\gccCyBLEStack_BLE_SOC_PERIPHERAL.a(ll_connection.o)
                0x00005370                ll_conn_fsm_update_state

i.ll_conn_handle_data_pdu_from_host_when_data_paused
                0x00005374        0x8
 i.ll_conn_handle_data_pdu_from_host_when_data_paused
                0x00005374        0x8 D:\Program Files (x86)\Cypress\PSoC Creator\3.1\PSoC Creator\psoc\content\cycomponentlibrary\CyComponentLibrary.cylib\BLE_v1_20\Library\gccCyBLEStack_BLE_SOC_PERIPHERAL.a(ll_connection.o)
                0x00005374                ll_conn_handle_data_pdu_from_host_when_data_paused

i.ll_conn_handle_direct_adv_timeout
                0x0000537c       0x2a
 i.ll_conn_handle_direct_adv_timeout
                0x0000537c       0x2a D:\Program Files (x86)\Cypress\PSoC Creator\3.1\PSoC Creator\psoc\content\cycomponentlibrary\CyComponentLibrary.cylib\BLE_v1_20\Library\gccCyBLEStack_BLE_SOC_PERIPHERAL.a(ll_connection.o)
                0x0000537c                ll_conn_handle_direct_adv_timeout

i.ll_conn_handle_ping_timer_expired_interrupt
                0x000053a8       0x1c
 i.ll_conn_handle_ping_timer_expired_interrupt
                0x000053a8       0x1c D:\Program Files (x86)\Cypress\PSoC Creator\3.1\PSoC Creator\psoc\content\cycomponentlibrary\CyComponentLibrary.cylib\BLE_v1_20\Library\gccCyBLEStack_BLE_SOC_PERIPHERAL.a(ll_connection.o)
                0x000053a8                ll_conn_handle_ping_timer_expired_interrupt

i.ll_conn_handle_ping_timer_nearly_expired_interrupt
                0x000053c4       0x20
 i.ll_conn_handle_ping_timer_nearly_expired_interrupt
                0x000053c4       0x20 D:\Program Files (x86)\Cypress\PSoC Creator\3.1\PSoC Creator\psoc\content\cycomponentlibrary\CyComponentLibrary.cylib\BLE_v1_20\Library\gccCyBLEStack_BLE_SOC_PERIPHERAL.a(ll_connection.o)
                0x000053c4                ll_conn_handle_ping_timer_nearly_expired_interrupt

i.ll_conn_handle_stop_connectable_adv
                0x000053e4       0x12
 i.ll_conn_handle_stop_connectable_adv
                0x000053e4       0x12 D:\Program Files (x86)\Cypress\PSoC Creator\3.1\PSoC Creator\psoc\content\cycomponentlibrary\CyComponentLibrary.cylib\BLE_v1_20\Library\gccCyBLEStack_BLE_SOC_PERIPHERAL.a(ll_connection.o)
                0x000053e4                ll_conn_handle_stop_connectable_adv

i.ll_conn_process_pending_transactions
                0x000053f6        0x4
 i.ll_conn_process_pending_transactions
                0x000053f6        0x4 D:\Program Files (x86)\Cypress\PSoC Creator\3.1\PSoC Creator\psoc\content\cycomponentlibrary\CyComponentLibrary.cylib\BLE_v1_20\Library\gccCyBLEStack_BLE_SOC_PERIPHERAL.a(ll_connection.o)
                0x000053f6                ll_conn_process_pending_transactions

i.ll_conn_program_authenticated_payload_timer
                0x000053fc       0x50
 i.ll_conn_program_authenticated_payload_timer
                0x000053fc       0x50 D:\Program Files (x86)\Cypress\PSoC Creator\3.1\PSoC Creator\psoc\content\cycomponentlibrary\CyComponentLibrary.cylib\BLE_v1_20\Library\gccCyBLEStack_BLE_SOC_PERIPHERAL.a(ll_connection.o)
                0x000053fc                ll_conn_program_authenticated_payload_timer

i.ll_conn_read_data_pdu_from_hardware
                0x0000544c       0x14
 i.ll_conn_read_data_pdu_from_hardware
                0x0000544c       0x14 D:\Program Files (x86)\Cypress\PSoC Creator\3.1\PSoC Creator\psoc\content\cycomponentlibrary\CyComponentLibrary.cylib\BLE_v1_20\Library\gccCyBLEStack_BLE_SOC_PERIPHERAL.a(ll_connection.o)