ARM GAS  C:\Users\jsing\AppData\Local\Temp\ccOC0XF5.s 			page 1


   1              		.cpu cortex-m0
   2              		.fpu softvfp
   3              		.eabi_attribute 20, 1
   4              		.eabi_attribute 21, 1
   5              		.eabi_attribute 23, 3
   6              		.eabi_attribute 24, 1
   7              		.eabi_attribute 25, 1
   8              		.eabi_attribute 26, 1
   9              		.eabi_attribute 30, 6
  10              		.eabi_attribute 34, 0
  11              		.eabi_attribute 18, 4
  12              		.code	16
  13              		.file	"main.c"
  14              		.text
  15              	.Ltext0:
  16              		.cfi_sections	.debug_frame
  17              		.section	.text.main,"ax",%progbits
  18              		.align	2
  19              		.global	main
  20              		.code	16
  21              		.thumb_func
  22              		.type	main, %function
  23              	main:
  24              	.LFB35:
  25              		.file 1 ".\\main.c"
   1:.\main.c      **** /*****************************************************************************
   2:.\main.c      **** * File Name: main.c
   3:.\main.c      **** *
   4:.\main.c      **** * Version: 1.0
   5:.\main.c      **** *
   6:.\main.c      **** * Description:
   7:.\main.c      **** * This is the top level application for the PSoC 4 BLE Lab 4.
   8:.\main.c      **** *
   9:.\main.c      **** * Hardware Dependency:
  10:.\main.c      **** * CY8CKIT-042 BLE Pioneer Kit
  11:.\main.c      **** *
  12:.\main.c      **** ******************************************************************************
  13:.\main.c      **** * Copyright (2014), Cypress Semiconductor Corporation.
  14:.\main.c      **** ******************************************************************************
  15:.\main.c      **** * This software is owned by Cypress Semiconductor Corporation (Cypress) and is
  16:.\main.c      **** * protected by and subject to worldwide patent protection (United States and
  17:.\main.c      **** * foreign), United States copyright laws and international treaty provisions.
  18:.\main.c      **** * Cypress hereby grants to licensee a personal, non-exclusive, non-transferable
  19:.\main.c      **** * license to copy, use, modify, create derivative works of, and compile the
  20:.\main.c      **** * Cypress Source Code and derivative works for the sole purpose of creating
  21:.\main.c      **** * custom software in support of licensee product to be used only in conjunction
  22:.\main.c      **** * with a Cypress integrated circuit as specified in the applicable agreement.
  23:.\main.c      **** * Any reproduction, modification, translation, compilation, or representation of
  24:.\main.c      **** * this software except as specified above is prohibited without the express
  25:.\main.c      **** * written permission of Cypress.
  26:.\main.c      **** *
  27:.\main.c      **** * Disclaimer: CYPRESS MAKES NO WARRANTY OF ANY KIND, EXPRESS OR IMPLIED, WITH
  28:.\main.c      **** * REGARD TO THIS MATERIAL, INCLUDING, BUT NOT LIMITED TO, THE IMPLIED
  29:.\main.c      **** * WARRANTIES OF MERCHANTABILITY AND FITNESS FOR A PARTICULAR PURPOSE.
  30:.\main.c      **** * Cypress reserves the right to make changes without further notice to the
  31:.\main.c      **** * materials described herein. Cypress does not assume any liability arising out
  32:.\main.c      **** * of the application or use of any product or circuit described herein. Cypress
ARM GAS  C:\Users\jsing\AppData\Local\Temp\ccOC0XF5.s 			page 2


  33:.\main.c      **** * does not authorize its products for use as critical components in life-support
  34:.\main.c      **** * systems where a malfunction or failure may reasonably be expected to result in
  35:.\main.c      **** * significant injury to the user. The inclusion of Cypress' product in a life-
  36:.\main.c      **** * support systems application implies that the manufacturer assumes all risk of
  37:.\main.c      **** * such use and in doing so indemnifies Cypress against all charges. Use may be
  38:.\main.c      **** * limited by and subject to the applicable Cypress software license agreement.
  39:.\main.c      **** *****************************************************************************/
  40:.\main.c      **** 
  41:.\main.c      **** 
  42:.\main.c      **** /*****************************************************************************
  43:.\main.c      **** * Included headers
  44:.\main.c      **** *****************************************************************************/
  45:.\main.c      **** #include <main.h>
  46:.\main.c      **** #include <BLEApplications.h>
  47:.\main.c      **** 
  48:.\main.c      **** 
  49:.\main.c      **** /*****************************************************************************
  50:.\main.c      **** * Function Prototypes
  51:.\main.c      **** *****************************************************************************/
  52:.\main.c      **** static void InitializeSystem(void);
  53:.\main.c      **** static void HandleCapSenseSlider(void);
  54:.\main.c      **** 
  55:.\main.c      **** 
  56:.\main.c      **** /*****************************************************************************
  57:.\main.c      **** * Public functions
  58:.\main.c      **** *****************************************************************************/
  59:.\main.c      **** 
  60:.\main.c      **** /*******************************************************************************
  61:.\main.c      **** * Function Name: main
  62:.\main.c      **** ********************************************************************************
  63:.\main.c      **** * Summary:
  64:.\main.c      **** * System entrance point. This calls the initializing function and continuously
  65:.\main.c      **** * process BLE and CapSense events.
  66:.\main.c      **** *
  67:.\main.c      **** * Parameters:
  68:.\main.c      **** *  void
  69:.\main.c      **** *
  70:.\main.c      **** * Return:
  71:.\main.c      **** *  int
  72:.\main.c      **** *
  73:.\main.c      **** *******************************************************************************/
  74:.\main.c      **** int main()
  75:.\main.c      **** {
  26              		.loc 1 75 0
  27              		.cfi_startproc
  28 0000 80B5     		push	{r7, lr}
  29              		.cfi_def_cfa_offset 8
  30              		.cfi_offset 7, -8
  31              		.cfi_offset 14, -4
  32 0002 00AF     		add	r7, sp, #0
  33              		.cfi_def_cfa_register 7
  76:.\main.c      **** 
  77:.\main.c      **** 	/* This function will initialize the system resources such as BLE and CapSense */
  78:.\main.c      ****     InitializeSystem();
  34              		.loc 1 78 0
  35 0004 FFF7FEFF 		bl	InitializeSystem
  79:.\main.c      ****     CapSense_EnableWidget(CapSense_PROXIMITYSENSOR0__PROX);
ARM GAS  C:\Users\jsing\AppData\Local\Temp\ccOC0XF5.s 			page 3


  36              		.loc 1 79 0
  37 0008 0020     		mov	r0, #0
  38 000a FFF7FEFF 		bl	CapSense_EnableWidget
  39              	.L3:
  80:.\main.c      **** 
  81:.\main.c      ****     for(;;)
  82:.\main.c      ****     {
  83:.\main.c      ****         /*Process event callback to handle BLE events. The events generated and 
  84:.\main.c      **** 		* used for this application are inside the 'CustomEventHandler' routine*/
  85:.\main.c      ****         CyBle_ProcessEvents();
  40              		.loc 1 85 0
  41 000e FFF7FEFF 		bl	CyBle_ProcessEvents
  86:.\main.c      **** 		
  87:.\main.c      **** 		if(TRUE == deviceConnected)
  42              		.loc 1 87 0
  43 0012 054B     		ldr	r3, .L4
  44 0014 1B78     		ldrb	r3, [r3]
  45 0016 012B     		cmp	r3, #1
  46 0018 04D1     		bne	.L2
  88:.\main.c      **** 		{
  89:.\main.c      ****             /* When the Client Characteristic Configuration descriptor (CCCD) is
  90:.\main.c      ****              * written by Central device for enabling/disabling notifications, 
  91:.\main.c      ****              * then the same descriptor value has to be explicitly updated in 
  92:.\main.c      ****              * application so that it reflects the correct value when the 
  93:.\main.c      ****              * descriptor is read */
  94:.\main.c      **** 			UpdateNotificationCCCD();
  47              		.loc 1 94 0
  48 001a FFF7FEFF 		bl	UpdateNotificationCCCD
  95:.\main.c      **** 			
  96:.\main.c      **** 			/* Send CapSense Slider data when respective notification is enabled */
  97:.\main.c      **** 			//if(TRUE == sendCapSenseSliderNotifications)
  98:.\main.c      **** 			//{
  99:.\main.c      **** 				/* Check for CapSense slider swipe and send data accordingly */
 100:.\main.c      **** 				HandleCapSenseSlider();
  49              		.loc 1 100 0
  50 001e FFF7FEFF 		bl	HandleCapSenseSlider
 101:.\main.c      **** 			//}
 102:.\main.c      **** 		}
 103:.\main.c      ****     }	
  51              		.loc 1 103 0
  52 0022 F4E7     		b	.L3
  53              	.L2:
  54 0024 F3E7     		b	.L3
  55              	.L5:
  56 0026 C046     		.align	2
  57              	.L4:
  58 0028 00000000 		.word	deviceConnected
  59              		.cfi_endproc
  60              	.LFE35:
  61              		.size	main, .-main
  62              		.section	.text.InitializeSystem,"ax",%progbits
  63              		.align	2
  64              		.code	16
  65              		.thumb_func
  66              		.type	InitializeSystem, %function
  67              	InitializeSystem:
  68              	.LFB36:
ARM GAS  C:\Users\jsing\AppData\Local\Temp\ccOC0XF5.s 			page 4


 104:.\main.c      **** }
 105:.\main.c      **** 
 106:.\main.c      **** 
 107:.\main.c      **** /*******************************************************************************
 108:.\main.c      **** * Function Name: InitializeSystem
 109:.\main.c      **** ********************************************************************************
 110:.\main.c      **** * Summary:
 111:.\main.c      **** * Start the components and initialize system.
 112:.\main.c      **** *
 113:.\main.c      **** * Parameters:
 114:.\main.c      **** *  void
 115:.\main.c      **** *
 116:.\main.c      **** * Return:
 117:.\main.c      **** *  void
 118:.\main.c      **** *
 119:.\main.c      **** *******************************************************************************/
 120:.\main.c      **** void InitializeSystem(void)
 121:.\main.c      **** {
  69              		.loc 1 121 0
  70              		.cfi_startproc
  71 0000 80B5     		push	{r7, lr}
  72              		.cfi_def_cfa_offset 8
  73              		.cfi_offset 7, -8
  74              		.cfi_offset 14, -4
  75 0002 00AF     		add	r7, sp, #0
  76              		.cfi_def_cfa_register 7
 122:.\main.c      **** 	/* Enable global interrupt mask */
 123:.\main.c      **** 	CyGlobalIntEnable; 
  77              		.loc 1 123 0
  78              	@ 123 ".\main.c" 1
  79 0004 62B6     		CPSIE   i
  80              	@ 0 "" 2
 124:.\main.c      ****    
 125:.\main.c      ****     /*enable the proximity sensor*/
 126:.\main.c      **** 
 127:.\main.c      **** 	/* Start BLE component and register the CustomEventHandler function. This 
 128:.\main.c      **** 	 * function exposes the events from BLE component for application use */
 129:.\main.c      ****     CyBle_Start(CustomEventHandler);	
  81              		.loc 1 129 0
  82              		.code	16
  83 0006 104B     		ldr	r3, .L7
  84 0008 181C     		mov	r0, r3
  85 000a FFF7FEFF 		bl	CyBle_Start
 130:.\main.c      ****     
 131:.\main.c      **** 	/* Start both the PrISM components for LED control*/
 132:.\main.c      ****     PRS_1_Start();
  86              		.loc 1 132 0
  87 000e FFF7FEFF 		bl	PRS_1_Start
 133:.\main.c      ****     PRS_2_Start();
  88              		.loc 1 133 0
  89 0012 FFF7FEFF 		bl	PRS_2_Start
 134:.\main.c      **** 	
 135:.\main.c      **** 	/* The RGB LED on BLE Pioneer kit are active low. Drive HIGH on 
 136:.\main.c      **** 	 * pin for OFF and drive LOW on pin for ON*/
 137:.\main.c      **** 	PRS_1_WritePulse0(RGB_LED_OFF);
  90              		.loc 1 137 0
  91 0016 FF20     		mov	r0, #255
ARM GAS  C:\Users\jsing\AppData\Local\Temp\ccOC0XF5.s 			page 5


  92 0018 FFF7FEFF 		bl	PRS_1_WritePulse0
 138:.\main.c      **** 	PRS_1_WritePulse1(RGB_LED_OFF);
  93              		.loc 1 138 0
  94 001c FF20     		mov	r0, #255
  95 001e FFF7FEFF 		bl	PRS_1_WritePulse1
 139:.\main.c      **** 	PRS_2_WritePulse0(RGB_LED_OFF);
  96              		.loc 1 139 0
  97 0022 FF20     		mov	r0, #255
  98 0024 FFF7FEFF 		bl	PRS_2_WritePulse0
 140:.\main.c      **** 	
 141:.\main.c      **** 	/* Set Drive mode of output pins from HiZ to Strong */
 142:.\main.c      **** 	RED_SetDriveMode(RED_DM_STRONG);
  99              		.loc 1 142 0
 100 0028 0620     		mov	r0, #6
 101 002a FFF7FEFF 		bl	RED_SetDriveMode
 143:.\main.c      **** 	GREEN_SetDriveMode(GREEN_DM_STRONG);
 102              		.loc 1 143 0
 103 002e 0620     		mov	r0, #6
 104 0030 FFF7FEFF 		bl	GREEN_SetDriveMode
 144:.\main.c      **** 	BLUE_SetDriveMode(BLUE_DM_STRONG);
 105              		.loc 1 144 0
 106 0034 0620     		mov	r0, #6
 107 0036 FFF7FEFF 		bl	BLUE_SetDriveMode
 145:.\main.c      **** 	
 146:.\main.c      **** 	/* Initialize CapSense component and initialize baselines*/
 147:.\main.c      **** 	CapSense_Start();
 108              		.loc 1 147 0
 109 003a FFF7FEFF 		bl	CapSense_Start
 148:.\main.c      **** 	CapSense_InitializeAllBaselines();
 110              		.loc 1 148 0
 111 003e FFF7FEFF 		bl	CapSense_InitializeAllBaselines
 149:.\main.c      **** }
 112              		.loc 1 149 0
 113 0042 BD46     		mov	sp, r7
 114              		@ sp needed
 115 0044 80BD     		pop	{r7, pc}
 116              	.L8:
 117 0046 C046     		.align	2
 118              	.L7:
 119 0048 00000000 		.word	CustomEventHandler
 120              		.cfi_endproc
 121              	.LFE36:
 122              		.size	InitializeSystem, .-InitializeSystem
 123              		.section	.text.HandleCapSenseSlider,"ax",%progbits
 124              		.align	2
 125              		.code	16
 126              		.thumb_func
 127              		.type	HandleCapSenseSlider, %function
 128              	HandleCapSenseSlider:
 129              	.LFB37:
 150:.\main.c      **** 
 151:.\main.c      **** 
 152:.\main.c      **** /*******************************************************************************
 153:.\main.c      **** * Function Name: HandleCapSenseSlider
 154:.\main.c      **** ********************************************************************************
 155:.\main.c      **** * Summary:
 156:.\main.c      **** * This function scans for finger position on CapSense slider, and if the  
ARM GAS  C:\Users\jsing\AppData\Local\Temp\ccOC0XF5.s 			page 6


 157:.\main.c      **** * position is different, triggers separate routine for BLE notification.
 158:.\main.c      **** *
 159:.\main.c      **** * Parameters:
 160:.\main.c      **** *  void
 161:.\main.c      **** *
 162:.\main.c      **** * Return:
 163:.\main.c      **** *  void
 164:.\main.c      **** *
 165:.\main.c      **** *******************************************************************************/
 166:.\main.c      **** void HandleCapSenseSlider(void)
 167:.\main.c      **** {
 130              		.loc 1 167 0
 131              		.cfi_startproc
 132 0000 90B5     		push	{r4, r7, lr}
 133              		.cfi_def_cfa_offset 12
 134              		.cfi_offset 4, -12
 135              		.cfi_offset 7, -8
 136              		.cfi_offset 14, -4
 137 0002 83B0     		sub	sp, sp, #12
 138              		.cfi_def_cfa_offset 24
 139 0004 00AF     		add	r7, sp, #0
 140              		.cfi_def_cfa_register 7
 168:.\main.c      **** 
 169:.\main.c      **** 	/* Last read CapSense slider position value */
 170:.\main.c      **** 	//static uint16 lastPosition;	
 171:.\main.c      **** 	
 172:.\main.c      **** 	/* Present slider position read by CapSense */
 173:.\main.c      **** 	uint8 sliderPosition;
 174:.\main.c      **** 		
 175:.\main.c      **** 	/* Update CapSense baseline for next reading*/
 176:.\main.c      **** 	CapSense_UpdateEnabledBaselines();	
 141              		.loc 1 176 0
 142 0006 FFF7FEFF 		bl	CapSense_UpdateEnabledBaselines
 177:.\main.c      **** 		
 178:.\main.c      **** 	/* Scan the slider widget */
 179:.\main.c      **** 	CapSense_ScanEnabledWidgets();			
 143              		.loc 1 179 0
 144 000a FFF7FEFF 		bl	CapSense_ScanEnabledWidgets
 180:.\main.c      **** 	
 181:.\main.c      **** 	/* Wait for CapSense scanning to be complete. This could take about 5 ms */
 182:.\main.c      **** 	while(CapSense_IsBusy());
 145              		.loc 1 182 0
 146 000e C046     		mov	r8, r8
 147              	.L10:
 148              		.loc 1 182 0 is_stmt 0 discriminator 1
 149 0010 FFF7FEFF 		bl	CapSense_IsBusy
 150 0014 031C     		mov	r3, r0
 151 0016 002B     		cmp	r3, #0
 152 0018 FAD1     		bne	.L10
 183:.\main.c      **** 	
 184:.\main.c      **** 	/* Read the finger position on the slider */
 185:.\main.c      **** 	sliderPosition = CapSense_GetDiffCountData(CapSense_PROXIMITYSENSOR0__PROX);	
 153              		.loc 1 185 0 is_stmt 1
 154 001a FC1D     		add	r4, r7, #7
 155 001c 0020     		mov	r0, #0
 156 001e FFF7FEFF 		bl	CapSense_GetDiffCountData
 157 0022 031C     		mov	r3, r0
ARM GAS  C:\Users\jsing\AppData\Local\Temp\ccOC0XF5.s 			page 7


 158 0024 2370     		strb	r3, [r4]
 186:.\main.c      ****     
 187:.\main.c      ****     CapSense_CheckIsWidgetActive(CapSense_PROXIMITYSENSOR0__PROX);
 159              		.loc 1 187 0
 160 0026 0020     		mov	r0, #0
 161 0028 FFF7FEFF 		bl	CapSense_CheckIsWidgetActive
 188:.\main.c      **** 	SendCapSenseNotification((uint8)sliderPosition);
 162              		.loc 1 188 0
 163 002c FB1D     		add	r3, r7, #7
 164 002e 1B78     		ldrb	r3, [r3]
 165 0030 181C     		mov	r0, r3
 166 0032 FFF7FEFF 		bl	SendCapSenseNotification
 189:.\main.c      **** 
 190:.\main.c      **** 	/*If finger is detected on the slider*/
 191:.\main.c      **** 	//if((sliderPosition != NO_FINGER) && (sliderPosition <= SLIDER_MAX_VALUE))
 192:.\main.c      **** 	//{
 193:.\main.c      ****         /* If finger position on the slider is changed then send data as BLE 
 194:.\main.c      ****          * notifications */
 195:.\main.c      ****        // if(sliderPosition != lastPosition)
 196:.\main.c      **** 		//{
 197:.\main.c      **** 			/* Update global variable with present finger position on slider*/
 198:.\main.c      **** 		//	lastPosition = sliderPosition;
 199:.\main.c      **** 
 200:.\main.c      **** 		//	SendCapSenseNotification((uint8)sliderPosition);
 201:.\main.c      **** 
 202:.\main.c      **** 		//}	
 203:.\main.c      **** 	//}	
 204:.\main.c      **** }
 167              		.loc 1 204 0
 168 0036 BD46     		mov	sp, r7
 169 0038 03B0     		add	sp, sp, #12
 170              		@ sp needed
 171 003a 90BD     		pop	{r4, r7, pc}
 172              		.cfi_endproc
 173              	.LFE37:
 174              		.size	HandleCapSenseSlider, .-HandleCapSenseSlider
 175              		.text
 176              	.Letext0:
 177              		.file 2 ".\\Generated_Source\\PSoC4/cytypes.h"
 178              		.file 3 "./BLEApplications.h"
 179              		.section	.debug_info,"",%progbits
 180              	.Ldebug_info0:
 181 0000 E4000000 		.4byte	0xe4
 182 0004 0400     		.2byte	0x4
 183 0006 00000000 		.4byte	.Ldebug_abbrev0
 184 000a 04       		.byte	0x4
 185 000b 01       		.uleb128 0x1
 186 000c 33010000 		.4byte	.LASF13
 187 0010 01       		.byte	0x1
 188 0011 BD000000 		.4byte	.LASF14
 189 0015 CD000000 		.4byte	.LASF15
 190 0019 00000000 		.4byte	.Ldebug_ranges0+0
 191 001d 00000000 		.4byte	0
 192 0021 00000000 		.4byte	.Ldebug_line0
 193 0025 02       		.uleb128 0x2
 194 0026 01       		.byte	0x1
 195 0027 06       		.byte	0x6
ARM GAS  C:\Users\jsing\AppData\Local\Temp\ccOC0XF5.s 			page 8


 196 0028 17010000 		.4byte	.LASF0
 197 002c 02       		.uleb128 0x2
 198 002d 01       		.byte	0x1
 199 002e 08       		.byte	0x8
 200 002f 91000000 		.4byte	.LASF1
 201 0033 02       		.uleb128 0x2
 202 0034 02       		.byte	0x2
 203 0035 05       		.byte	0x5
 204 0036 29010000 		.4byte	.LASF2
 205 003a 02       		.uleb128 0x2
 206 003b 02       		.byte	0x2
 207 003c 07       		.byte	0x7
 208 003d 0E000000 		.4byte	.LASF3
 209 0041 02       		.uleb128 0x2
 210 0042 04       		.byte	0x4
 211 0043 05       		.byte	0x5
 212 0044 B4000000 		.4byte	.LASF4
 213 0048 02       		.uleb128 0x2
 214 0049 04       		.byte	0x4
 215 004a 07       		.byte	0x7
 216 004b 52000000 		.4byte	.LASF5
 217 004f 02       		.uleb128 0x2
 218 0050 08       		.byte	0x8
 219 0051 05       		.byte	0x5
 220 0052 00000000 		.4byte	.LASF6
 221 0056 02       		.uleb128 0x2
 222 0057 08       		.byte	0x8
 223 0058 07       		.byte	0x7
 224 0059 64000000 		.4byte	.LASF7
 225 005d 03       		.uleb128 0x3
 226 005e 04       		.byte	0x4
 227 005f 05       		.byte	0x5
 228 0060 696E7400 		.ascii	"int\000"
 229 0064 02       		.uleb128 0x2
 230 0065 04       		.byte	0x4
 231 0066 07       		.byte	0x7
 232 0067 21000000 		.4byte	.LASF8
 233 006b 04       		.uleb128 0x4
 234 006c 11010000 		.4byte	.LASF16
 235 0070 02       		.byte	0x2
 236 0071 A1       		.byte	0xa1
 237 0072 2C000000 		.4byte	0x2c
 238 0076 02       		.uleb128 0x2
 239 0077 04       		.byte	0x4
 240 0078 04       		.byte	0x4
 241 0079 23010000 		.4byte	.LASF9
 242 007d 02       		.uleb128 0x2
 243 007e 08       		.byte	0x8
 244 007f 04       		.byte	0x4
 245 0080 C6000000 		.4byte	.LASF10
 246 0084 02       		.uleb128 0x2
 247 0085 01       		.byte	0x1
 248 0086 08       		.byte	0x8
 249 0087 8C000000 		.4byte	.LASF11
 250 008b 02       		.uleb128 0x2
 251 008c 04       		.byte	0x4
 252 008d 07       		.byte	0x7
ARM GAS  C:\Users\jsing\AppData\Local\Temp\ccOC0XF5.s 			page 9


 253 008e AF010000 		.4byte	.LASF12
 254 0092 05       		.uleb128 0x5
 255 0093 9F000000 		.4byte	.LASF17
 256 0097 01       		.byte	0x1
 257 0098 4A       		.byte	0x4a
 258 0099 5D000000 		.4byte	0x5d
 259 009d 00000000 		.4byte	.LFB35
 260 00a1 2C000000 		.4byte	.LFE35-.LFB35
 261 00a5 01       		.uleb128 0x1
 262 00a6 9C       		.byte	0x9c
 263 00a7 06       		.uleb128 0x6
 264 00a8 7B000000 		.4byte	.LASF18
 265 00ac 01       		.byte	0x1
 266 00ad 78       		.byte	0x78
 267 00ae 00000000 		.4byte	.LFB36
 268 00b2 4C000000 		.4byte	.LFE36-.LFB36
 269 00b6 01       		.uleb128 0x1
 270 00b7 9C       		.byte	0x9c
 271 00b8 07       		.uleb128 0x7
 272 00b9 3D000000 		.4byte	.LASF19
 273 00bd 01       		.byte	0x1
 274 00be A6       		.byte	0xa6
 275 00bf 00000000 		.4byte	.LFB37
 276 00c3 3C000000 		.4byte	.LFE37-.LFB37
 277 00c7 01       		.uleb128 0x1
 278 00c8 9C       		.byte	0x9c
 279 00c9 DC000000 		.4byte	0xdc
 280 00cd 08       		.uleb128 0x8
 281 00ce 2E000000 		.4byte	.LASF20
 282 00d2 01       		.byte	0x1
 283 00d3 AD       		.byte	0xad
 284 00d4 6B000000 		.4byte	0x6b
 285 00d8 02       		.uleb128 0x2
 286 00d9 91       		.byte	0x91
 287 00da 6F       		.sleb128 -17
 288 00db 00       		.byte	0
 289 00dc 09       		.uleb128 0x9
 290 00dd A4000000 		.4byte	.LASF21
 291 00e1 03       		.byte	0x3
 292 00e2 55       		.byte	0x55
 293 00e3 6B000000 		.4byte	0x6b
 294 00e7 00       		.byte	0
 295              		.section	.debug_abbrev,"",%progbits
 296              	.Ldebug_abbrev0:
 297 0000 01       		.uleb128 0x1
 298 0001 11       		.uleb128 0x11
 299 0002 01       		.byte	0x1
 300 0003 25       		.uleb128 0x25
 301 0004 0E       		.uleb128 0xe
 302 0005 13       		.uleb128 0x13
 303 0006 0B       		.uleb128 0xb
 304 0007 03       		.uleb128 0x3
 305 0008 0E       		.uleb128 0xe
 306 0009 1B       		.uleb128 0x1b
 307 000a 0E       		.uleb128 0xe
 308 000b 55       		.uleb128 0x55
 309 000c 17       		.uleb128 0x17
ARM GAS  C:\Users\jsing\AppData\Local\Temp\ccOC0XF5.s 			page 10


 310 000d 11       		.uleb128 0x11
 311 000e 01       		.uleb128 0x1
 312 000f 10       		.uleb128 0x10
 313 0010 17       		.uleb128 0x17
 314 0011 00       		.byte	0
 315 0012 00       		.byte	0
 316 0013 02       		.uleb128 0x2
 317 0014 24       		.uleb128 0x24
 318 0015 00       		.byte	0
 319 0016 0B       		.uleb128 0xb
 320 0017 0B       		.uleb128 0xb
 321 0018 3E       		.uleb128 0x3e
 322 0019 0B       		.uleb128 0xb
 323 001a 03       		.uleb128 0x3
 324 001b 0E       		.uleb128 0xe
 325 001c 00       		.byte	0
 326 001d 00       		.byte	0
 327 001e 03       		.uleb128 0x3
 328 001f 24       		.uleb128 0x24
 329 0020 00       		.byte	0
 330 0021 0B       		.uleb128 0xb
 331 0022 0B       		.uleb128 0xb
 332 0023 3E       		.uleb128 0x3e
 333 0024 0B       		.uleb128 0xb
 334 0025 03       		.uleb128 0x3
 335 0026 08       		.uleb128 0x8
 336 0027 00       		.byte	0
 337 0028 00       		.byte	0
 338 0029 04       		.uleb128 0x4
 339 002a 16       		.uleb128 0x16
 340 002b 00       		.byte	0
 341 002c 03       		.uleb128 0x3
 342 002d 0E       		.uleb128 0xe
 343 002e 3A       		.uleb128 0x3a
 344 002f 0B       		.uleb128 0xb
 345 0030 3B       		.uleb128 0x3b
 346 0031 0B       		.uleb128 0xb
 347 0032 49       		.uleb128 0x49
 348 0033 13       		.uleb128 0x13
 349 0034 00       		.byte	0
 350 0035 00       		.byte	0
 351 0036 05       		.uleb128 0x5
 352 0037 2E       		.uleb128 0x2e
 353 0038 00       		.byte	0
 354 0039 3F       		.uleb128 0x3f
 355 003a 19       		.uleb128 0x19
 356 003b 03       		.uleb128 0x3
 357 003c 0E       		.uleb128 0xe
 358 003d 3A       		.uleb128 0x3a
 359 003e 0B       		.uleb128 0xb
 360 003f 3B       		.uleb128 0x3b
 361 0040 0B       		.uleb128 0xb
 362 0041 49       		.uleb128 0x49
 363 0042 13       		.uleb128 0x13
 364 0043 11       		.uleb128 0x11
 365 0044 01       		.uleb128 0x1
 366 0045 12       		.uleb128 0x12
ARM GAS  C:\Users\jsing\AppData\Local\Temp\ccOC0XF5.s 			page 11


 367 0046 06       		.uleb128 0x6
 368 0047 40       		.uleb128 0x40
 369 0048 18       		.uleb128 0x18
 370 0049 9642     		.uleb128 0x2116
 371 004b 19       		.uleb128 0x19
 372 004c 00       		.byte	0
 373 004d 00       		.byte	0
 374 004e 06       		.uleb128 0x6
 375 004f 2E       		.uleb128 0x2e
 376 0050 00       		.byte	0
 377 0051 03       		.uleb128 0x3
 378 0052 0E       		.uleb128 0xe
 379 0053 3A       		.uleb128 0x3a
 380 0054 0B       		.uleb128 0xb
 381 0055 3B       		.uleb128 0x3b
 382 0056 0B       		.uleb128 0xb
 383 0057 27       		.uleb128 0x27
 384 0058 19       		.uleb128 0x19
 385 0059 11       		.uleb128 0x11
 386 005a 01       		.uleb128 0x1
 387 005b 12       		.uleb128 0x12
 388 005c 06       		.uleb128 0x6
 389 005d 40       		.uleb128 0x40
 390 005e 18       		.uleb128 0x18
 391 005f 9642     		.uleb128 0x2116
 392 0061 19       		.uleb128 0x19
 393 0062 00       		.byte	0
 394 0063 00       		.byte	0
 395 0064 07       		.uleb128 0x7
 396 0065 2E       		.uleb128 0x2e
 397 0066 01       		.byte	0x1
 398 0067 03       		.uleb128 0x3
 399 0068 0E       		.uleb128 0xe
 400 0069 3A       		.uleb128 0x3a
 401 006a 0B       		.uleb128 0xb
 402 006b 3B       		.uleb128 0x3b
 403 006c 0B       		.uleb128 0xb
 404 006d 27       		.uleb128 0x27
 405 006e 19       		.uleb128 0x19
 406 006f 11       		.uleb128 0x11
 407 0070 01       		.uleb128 0x1
 408 0071 12       		.uleb128 0x12
 409 0072 06       		.uleb128 0x6
 410 0073 40       		.uleb128 0x40
 411 0074 18       		.uleb128 0x18
 412 0075 9642     		.uleb128 0x2116
 413 0077 19       		.uleb128 0x19
 414 0078 01       		.uleb128 0x1
 415 0079 13       		.uleb128 0x13
 416 007a 00       		.byte	0
 417 007b 00       		.byte	0
 418 007c 08       		.uleb128 0x8
 419 007d 34       		.uleb128 0x34
 420 007e 00       		.byte	0
 421 007f 03       		.uleb128 0x3
 422 0080 0E       		.uleb128 0xe
 423 0081 3A       		.uleb128 0x3a
ARM GAS  C:\Users\jsing\AppData\Local\Temp\ccOC0XF5.s 			page 12


 424 0082 0B       		.uleb128 0xb
 425 0083 3B       		.uleb128 0x3b
 426 0084 0B       		.uleb128 0xb
 427 0085 49       		.uleb128 0x49
 428 0086 13       		.uleb128 0x13
 429 0087 02       		.uleb128 0x2
 430 0088 18       		.uleb128 0x18
 431 0089 00       		.byte	0
 432 008a 00       		.byte	0
 433 008b 09       		.uleb128 0x9
 434 008c 34       		.uleb128 0x34
 435 008d 00       		.byte	0
 436 008e 03       		.uleb128 0x3
 437 008f 0E       		.uleb128 0xe
 438 0090 3A       		.uleb128 0x3a
 439 0091 0B       		.uleb128 0xb
 440 0092 3B       		.uleb128 0x3b
 441 0093 0B       		.uleb128 0xb
 442 0094 49       		.uleb128 0x49
 443 0095 13       		.uleb128 0x13
 444 0096 3F       		.uleb128 0x3f
 445 0097 19       		.uleb128 0x19
 446 0098 3C       		.uleb128 0x3c
 447 0099 19       		.uleb128 0x19
 448 009a 00       		.byte	0
 449 009b 00       		.byte	0
 450 009c 00       		.byte	0
 451              		.section	.debug_aranges,"",%progbits
 452 0000 2C000000 		.4byte	0x2c
 453 0004 0200     		.2byte	0x2
 454 0006 00000000 		.4byte	.Ldebug_info0
 455 000a 04       		.byte	0x4
 456 000b 00       		.byte	0
 457 000c 0000     		.2byte	0
 458 000e 0000     		.2byte	0
 459 0010 00000000 		.4byte	.LFB35
 460 0014 2C000000 		.4byte	.LFE35-.LFB35
 461 0018 00000000 		.4byte	.LFB36
 462 001c 4C000000 		.4byte	.LFE36-.LFB36
 463 0020 00000000 		.4byte	.LFB37
 464 0024 3C000000 		.4byte	.LFE37-.LFB37
 465 0028 00000000 		.4byte	0
 466 002c 00000000 		.4byte	0
 467              		.section	.debug_ranges,"",%progbits
 468              	.Ldebug_ranges0:
 469 0000 00000000 		.4byte	.LFB35
 470 0004 2C000000 		.4byte	.LFE35
 471 0008 00000000 		.4byte	.LFB36
 472 000c 4C000000 		.4byte	.LFE36
 473 0010 00000000 		.4byte	.LFB37
 474 0014 3C000000 		.4byte	.LFE37
 475 0018 00000000 		.4byte	0
 476 001c 00000000 		.4byte	0
 477              		.section	.debug_line,"",%progbits
 478              	.Ldebug_line0:
 479 0000 B8000000 		.section	.debug_str,"MS",%progbits,1
 479      02005C00 
ARM GAS  C:\Users\jsing\AppData\Local\Temp\ccOC0XF5.s 			page 13


 479      00000201 
 479      FB0E0D00 
 479      01010101 
 480              	.LASF6:
 481 0000 6C6F6E67 		.ascii	"long long int\000"
 481      206C6F6E 
 481      6720696E 
 481      7400
 482              	.LASF3:
 483 000e 73686F72 		.ascii	"short unsigned int\000"
 483      7420756E 
 483      7369676E 
 483      65642069 
 483      6E7400
 484              	.LASF8:
 485 0021 756E7369 		.ascii	"unsigned int\000"
 485      676E6564 
 485      20696E74 
 485      00
 486              	.LASF20:
 487 002e 736C6964 		.ascii	"sliderPosition\000"
 487      6572506F 
 487      73697469 
 487      6F6E00
 488              	.LASF19:
 489 003d 48616E64 		.ascii	"HandleCapSenseSlider\000"
 489      6C654361 
 489      7053656E 
 489      7365536C 
 489      69646572 
 490              	.LASF5:
 491 0052 6C6F6E67 		.ascii	"long unsigned int\000"
 491      20756E73 
 491      69676E65 
 491      6420696E 
 491      7400
 492              	.LASF7:
 493 0064 6C6F6E67 		.ascii	"long long unsigned int\000"
 493      206C6F6E 
 493      6720756E 
 493      7369676E 
 493      65642069 
 494              	.LASF18:
 495 007b 496E6974 		.ascii	"InitializeSystem\000"
 495      69616C69 
 495      7A655379 
 495      7374656D 
 495      00
 496              	.LASF11:
 497 008c 63686172 		.ascii	"char\000"
 497      00
 498              	.LASF1:
 499 0091 756E7369 		.ascii	"unsigned char\000"
 499      676E6564 
 499      20636861 
 499      7200
 500              	.LASF17:
ARM GAS  C:\Users\jsing\AppData\Local\Temp\ccOC0XF5.s 			page 14


 501 009f 6D61696E 		.ascii	"main\000"
 501      00
 502              	.LASF21:
 503 00a4 64657669 		.ascii	"deviceConnected\000"
 503      6365436F 
 503      6E6E6563 
 503      74656400 
 504              	.LASF4:
 505 00b4 6C6F6E67 		.ascii	"long int\000"
 505      20696E74 
 505      00
 506              	.LASF14:
 507 00bd 2E5C6D61 		.ascii	".\\main.c\000"
 507      696E2E63 
 507      00
 508              	.LASF10:
 509 00c6 646F7562 		.ascii	"double\000"
 509      6C6500
 510              	.LASF15:
 511 00cd 443A5C55 		.ascii	"D:\\Users\\jsing\\Desktop\\BLE Lab 4\\Lab 4 Additio"
 511      73657273 
 511      5C6A7369 
 511      6E675C44 
 511      65736B74 
 512 00fb 6E616C20 		.ascii	"nal 1\\BLE Lab 4.cydsn\000"
 512      315C424C 
 512      45204C61 
 512      6220342E 
 512      63796473 
 513              	.LASF16:
 514 0111 75696E74 		.ascii	"uint8\000"
 514      3800
 515              	.LASF0:
 516 0117 7369676E 		.ascii	"signed char\000"
 516      65642063 
 516      68617200 
 517              	.LASF9:
 518 0123 666C6F61 		.ascii	"float\000"
 518      7400
 519              	.LASF2:
 520 0129 73686F72 		.ascii	"short int\000"
 520      7420696E 
 520      7400
 521              	.LASF13:
 522 0133 474E5520 		.ascii	"GNU C 4.8.4 20140526 (release) [ARM/embedded-4_8-br"
 522      4320342E 
 522      382E3420 
 522      32303134 
 522      30353236 
 523 0166 616E6368 		.ascii	"anch revision 211358] -mcpu=cortex-m0 -mthumb -g -O"
 523      20726576 
 523      6973696F 
 523      6E203231 
 523      31333538 
 524 0199 30202D66 		.ascii	"0 -ffunction-sections\000"
 524      66756E63 
 524      74696F6E 
ARM GAS  C:\Users\jsing\AppData\Local\Temp\ccOC0XF5.s 			page 15


 524      2D736563 
 524      74696F6E 
 525              	.LASF12:
 526 01af 73697A65 		.ascii	"sizetype\000"
 526      74797065 
 526      00
 527              		.ident	"GCC: (GNU Tools for ARM Embedded Processors) 4.8.4 20140526 (release) [ARM/embedded-4_8-br
