Archive member included because of file (symbol)

.\CortexM0\ARM_GCC_484\Debug\BLE Lab 4.a(BLE_1_custom.o)
                              .\CortexM0\ARM_GCC_484\Debug\BLEApplications.o (cyBle_customs)
.\CortexM0\ARM_GCC_484\Debug\BLE Lab 4.a(cyfitter_cfg.o)
                              .\CortexM0\ARM_GCC_484\Debug\Cm0Start.o (cyfitter_cfg)
.\CortexM0\ARM_GCC_484\Debug\BLE Lab 4.a(GREEN.o)
                              .\CortexM0\ARM_GCC_484\Debug\main.o (GREEN_SetDriveMode)
.\CortexM0\ARM_GCC_484\Debug\BLE Lab 4.a(RED.o)
                              .\CortexM0\ARM_GCC_484\Debug\main.o (RED_SetDriveMode)
.\CortexM0\ARM_GCC_484\Debug\BLE Lab 4.a(PRS_2.o)
                              .\CortexM0\ARM_GCC_484\Debug\main.o (PRS_2_Start)
.\CortexM0\ARM_GCC_484\Debug\BLE Lab 4.a(PRS_1.o)
                              .\CortexM0\ARM_GCC_484\Debug\main.o (PRS_1_Start)
.\CortexM0\ARM_GCC_484\Debug\BLE Lab 4.a(BLUE.o)
                              .\CortexM0\ARM_GCC_484\Debug\main.o (BLUE_SetDriveMode)
.\CortexM0\ARM_GCC_484\Debug\BLE Lab 4.a(BLE_1.o)
                              .\CortexM0\ARM_GCC_484\Debug\main.o (CyBle_Start)
.\CortexM0\ARM_GCC_484\Debug\BLE Lab 4.a(BLE_1_gatt.o)
                              .\CortexM0\ARM_GCC_484\Debug\BLE Lab 4.a(BLE_1.o) (cyBle_state)
.\CortexM0\ARM_GCC_484\Debug\BLE Lab 4.a(BLE_1_eventHandler.o)
                              .\CortexM0\ARM_GCC_484\Debug\BLEApplications.o (cyBle_connHandle)
.\CortexM0\ARM_GCC_484\Debug\BLE Lab 4.a(CapSense.o)
                              .\CortexM0\ARM_GCC_484\Debug\main.o (CapSense_Start)
.\CortexM0\ARM_GCC_484\Debug\BLE Lab 4.a(CapSense_CSHL.o)
                              .\CortexM0\ARM_GCC_484\Debug\BLE Lab 4.a(CapSense.o) (CapSense_rawDataIndex)
.\CortexM0\ARM_GCC_484\Debug\BLE Lab 4.a(CapSense_INT.o)
                              .\CortexM0\ARM_GCC_484\Debug\BLE Lab 4.a(CapSense.o) (CapSense_ISR)
.\CortexM0\ARM_GCC_484\Debug\BLE Lab 4.a(CapSense_SMS.o)
                              .\CortexM0\ARM_GCC_484\Debug\BLE Lab 4.a(CapSense_CSHL.o) (CapSense_config)
.\CortexM0\ARM_GCC_484\Debug\BLE Lab 4.a(CapSense_SampleClk.o)
                              .\CortexM0\ARM_GCC_484\Debug\BLE Lab 4.a(CapSense.o) (CapSense_SampleClk_StartEx)
.\CortexM0\ARM_GCC_484\Debug\BLE Lab 4.a(CapSense_SenseClk.o)
                              .\CortexM0\ARM_GCC_484\Debug\BLE Lab 4.a(CapSense.o) (CapSense_SenseClk_StartEx)
.\CortexM0\ARM_GCC_484\Debug\BLE Lab 4.a(CyBootAsmGnu.o)
                              .\CortexM0\ARM_GCC_484\Debug\BLE Lab 4.a(cyfitter_cfg.o) (CyDelayCycles)
.\CortexM0\ARM_GCC_484\Debug\BLE Lab 4.a(CyLib.o)
                              .\CortexM0\ARM_GCC_484\Debug\BLE Lab 4.a(cyfitter_cfg.o) (CyDelayUs)
.\CortexM0\ARM_GCC_484\Debug\BLE Lab 4.a(cyPm.o)
                              .\CortexM0\ARM_GCC_484\Debug\main.o (CySysPmSleep)
.\CortexM0\ARM_GCC_484\Debug\BLE Lab 4.a(SW_Int.o)
                              .\CortexM0\ARM_GCC_484\Debug\main.o (SW_Int_Start)
.\CortexM0\ARM_GCC_484\Debug\BLE Lab 4.a(SW.o)
                              .\CortexM0\ARM_GCC_484\Debug\main.o (SW_ClearInterrupt)
D:\Program Files (x86)\Cypress\PSoC Creator\3.1\PSoC Creator\psoc\content\cycomponentlibrary\CyComponentLibrary.cylib\BLE_v1_20\Library\gccCyBLEStack_BLE_SOC_PERIPHERAL.a(CyBle.o)
                              .\CortexM0\ARM_GCC_484\Debug\main.o (CyBle_ProcessEvents)
D:\Program Files (x86)\Cypress\PSoC Creator\3.1\PSoC Creator\psoc\content\cycomponentlibrary\CyComponentLibrary.cylib\BLE_v1_20\Library\gccCyBLEStack_BLE_SOC_PERIPHERAL.a(CyBleStackMgrIP_Interface.o)
                              D:\Program Files (x86)\Cypress\PSoC Creator\3.1\PSoC Creator\psoc\content\cycomponentlibrary\CyComponentLibrary.cylib\BLE_v1_20\Library\gccCyBLEStack_BLE_SOC_PERIPHERAL.a(CyBle.o) (CyBleStackMgr_BleGetConfigData)
D:\Program Files (x86)\Cypress\PSoC Creator\3.1\PSoC Creator\psoc\content\cycomponentlibrary\CyComponentLibrary.cylib\BLE_v1_20\Library\gccCyBLEStack_BLE_SOC_PERIPHERAL.a(BT_os.o)
                              D:\Program Files (x86)\Cypress\PSoC Creator\3.1\PSoC Creator\psoc\content\cycomponentlibrary\CyComponentLibrary.cylib\BLE_v1_20\Library\gccCyBLEStack_BLE_SOC_PERIPHERAL.a(CyBleStackMgrIP_Interface.o) (bt_stack_init_os)
D:\Program Files (x86)\Cypress\PSoC Creator\3.1\PSoC Creator\psoc\content\cycomponentlibrary\CyComponentLibrary.cylib\BLE_v1_20\Library\gccCyBLEStack_BLE_SOC_PERIPHERAL.a(CyBleStackMgr_StackTaskHandler.o)
                              D:\Program Files (x86)\Cypress\PSoC Creator\3.1\PSoC Creator\psoc\content\cycomponentlibrary\CyComponentLibrary.cylib\BLE_v1_20\Library\gccCyBLEStack_BLE_SOC_PERIPHERAL.a(CyBleStackMgrIP_Interface.o) (CyBle_CreateBleStackTask)
D:\Program Files (x86)\Cypress\PSoC Creator\3.1\PSoC Creator\psoc\content\cycomponentlibrary\CyComponentLibrary.cylib\BLE_v1_20\Library\gccCyBLEStack_BLE_SOC_PERIPHERAL.a(transport_sf.o)
[...]
Memory Configuration

Name             Origin             Length             Attributes
rom              0x00000000         0x00020000         xr
ram              0x20000000         0x00004000         xrw
*default*        0x00000000         0xffffffff

Linker script and memory map

LOAD d:/program files (x86)/cypress/psoc creator/3.1/psoc creator/import/gnu_cs/arm/4.8.4/bin/../lib/gcc/arm-none-eabi/4.8.4/armv6-m/crti.o
LOAD d:/program files (x86)/cypress/psoc creator/3.1/psoc creator/import/gnu_cs/arm/4.8.4/bin/../lib/gcc/arm-none-eabi/4.8.4/armv6-m/crtbegin.o
LOAD d:/program files (x86)/cypress/psoc creator/3.1/psoc creator/import/gnu_cs/arm/4.8.4/bin/../lib/gcc/arm-none-eabi/4.8.4/../../../../arm-none-eabi/lib/armv6-m/crt0.o
START GROUP
LOAD .\CortexM0\ARM_GCC_484\Debug\main.o
LOAD .\CortexM0\ARM_GCC_484\Debug\BLEApplications.o
LOAD .\CortexM0\ARM_GCC_484\Debug\cymetadata.o
LOAD .\CortexM0\ARM_GCC_484\Debug\Cm0Start.o
LOAD .\CortexM0\ARM_GCC_484\Debug\BLE Lab 4.a
LOAD D:\Program Files (x86)\Cypress\PSoC Creator\3.1\PSoC Creator\psoc\content\cycomponentlibrary\CyComponentLibrary.cylib\BLE_v1_20\Library\gccCyBLEStack_BLE_SOC_PERIPHERAL.a
LOAD D:\Program Files (x86)\Cypress\PSoC Creator\3.1\PSoC Creator\psoc\content\cycomponentlibrary\CyComponentLibrary.cylib\CapSense_CSD_P4_v2_10\PSoC4\Library\CapsenseP4Library_GCC.a
LOAD D:\Program Files (x86)\Cypress\PSoC Creator\3.1\PSoC Creator\psoc\content\cycomponentlibrary\CyComponentLibrary.cylib\CortexM0\ARM_GCC_484\Debug\CyComponentLibrary.a
END GROUP
START GROUP
LOAD d:/program files (x86)/cypress/psoc creator/3.1/psoc creator/import/gnu_cs/arm/4.8.4/bin/../lib/gcc/arm-none-eabi/4.8.4/armv6-m\libgcc.a
LOAD d:/program files (x86)/cypress/psoc creator/3.1/psoc creator/import/gnu_cs/arm/4.8.4/bin/../lib/gcc/arm-none-eabi/4.8.4/../../../../arm-none-eabi/lib/armv6-m\libg_s.a
LOAD d:/program files (x86)/cypress/psoc creator/3.1/psoc creator/import/gnu_cs/arm/4.8.4/bin/../lib/gcc/arm-none-eabi/4.8.4/../../../../arm-none-eabi/lib/armv6-m\libc_s.a
END GROUP
START GROUP
LOAD d:/program files (x86)/cypress/psoc creator/3.1/psoc creator/import/gnu_cs/arm/4.8.4/bin/../lib/gcc/arm-none-eabi/4.8.4/armv6-m\libgcc.a
LOAD d:/program files (x86)/cypress/psoc creator/3.1/psoc creator/import/gnu_cs/arm/4.8.4/bin/../lib/gcc/arm-none-eabi/4.8.4/../../../../arm-none-eabi/lib/armv6-m\libc_s.a
END GROUP
LOAD d:/program files (x86)/cypress/psoc creator/3.1/psoc creator/import/gnu_cs/arm/4.8.4/bin/../lib/gcc/arm-none-eabi/4.8.4/armv6-m/crtend.o
LOAD d:/program files (x86)/cypress/psoc creator/3.1/psoc creator/import/gnu_cs/arm/4.8.4/bin/../lib/gcc/arm-none-eabi/4.8.4/armv6-m/crtn.o
START GROUP
LOAD d:/program files (x86)/cypress/psoc creator/3.1/psoc creator/import/gnu_cs/arm/4.8.4/bin/../lib/gcc/arm-none-eabi/4.8.4/armv6-m\libgcc.a
LOAD d:/program files (x86)/cypress/psoc creator/3.1/psoc creator/import/gnu_cs/arm/4.8.4/bin/../lib/gcc/arm-none-eabi/4.8.4/../../../../arm-none-eabi/lib/armv6-m\libc.a
LOAD d:/program files (x86)/cypress/psoc creator/3.1/psoc creator/import/gnu_cs/arm/4.8.4/bin/../lib/gcc/arm-none-eabi/4.8.4/../../../../arm-none-eabi/lib/armv6-m\libnosys.a
END GROUP
                0x00000000                CY_APPL_ORIGIN = 0x0
                0x00000080                CY_FLASH_ROW_SIZE = 0x80
                0x00000001                CY_APPL_NUM = 0x1
                0x00000040                CY_METADATA_SIZE = 0x40
                0x20002580                PROVIDE (__cy_heap_start, _end)
                0x00000001                PROVIDE (__cy_region_num, ((__cy_regions_end - __cy_regions) / 0x10))
                0x20004000                PROVIDE (__cy_stack, (ORIGIN (ram) + 0x4000))
                0x20003800                PROVIDE (__cy_heap_end, (__cy_stack - 0x800))

.cybootloader   0x00000000        0x0
 *(.cybootloader)
                0x00000000                appl1_start = CY_APPL_ORIGIN?CY_APPL_ORIGIN:ALIGN (CY_FLASH_ROW_SIZE)
                0x0000ff80                appl2_start = (appl1_start + ALIGN ((((0x20000 - appl1_start) - (0x2 * CY_FLASH_ROW_SIZE)) / 0x2), CY_FLASH_ROW_SIZE))
                0x00000000                appl_start = (CY_APPL_NUM == 0x1)?appl1_start:appl2_start

.text           0x00000000     0x2fc0
 CREATE_OBJECT_SYMBOLS
                0x00000000                PROVIDE (__cy_interrupt_vector, RomVectors)
 *(.romvectors)
 .romvectors    0x00000000       0x10 .\CortexM0\ARM_GCC_484\Debug\Cm0Start.o
                0x00000000                RomVectors
                0x00000001                ASSERT ((. != __cy_interrupt_vector), No interrupt vector)
                0x00000001                ASSERT (CY_APPL_ORIGIN?(SIZEOF (.cybootloader) <= CY_APPL_ORIGIN):0x1, Wrong image location)
                0x00000010                PROVIDE (__cy_reset, Reset)
 *(.text.Reset)
 .text.Reset    0x00000010        0x8 .\CortexM0\ARM_GCC_484\Debug\Cm0Start.o
                0x00000010                Reset
                0x00000001                ASSERT ((. != __cy_reset), No reset code)
 *(.psocinit)
 .psocinit      0x00000018      0x370 .\CortexM0\ARM_GCC_484\Debug\BLE Lab 4.a(cyfitter_cfg.o)
                0x000001c8                cyfitter_cfg
                0x00000388                . = MAX (., 0x100)
 *(.text .text.* .gnu.linkonce.t.*)
 .text          0x00000388       0x60 d:/program files (x86)/cypress/psoc creator/3.1/psoc creator/import/gnu_cs/arm/4.8.4/bin/../lib/gcc/arm-none-eabi/4.8.4/armv6-m/crtbegin.o
 .text.main     0x000003e8       0x2c .\CortexM0\ARM_GCC_484\Debug\main.o
                0x000003e8                main
 .text.InitializeSystem
                0x00000414       0x4c .\CortexM0\ARM_GCC_484\Debug\main.o
 .text.HandleCapSenseSlider
                0x00000460       0x6c .\CortexM0\ARM_GCC_484\Debug\main.o
 .text.CustomEventHandler
                0x000004cc      0x114 .\CortexM0\ARM_GCC_484\Debug\BLEApplications.o
                0x000004cc                CustomEventHandler
 .text.SendCapSenseNotification
                0x000005e0       0x50 .\CortexM0\ARM_GCC_484\Debug\BLEApplications.o
                0x000005e0                SendCapSenseNotification
 .text.UpdateRGBled
                0x00000630       0xc0 .\CortexM0\ARM_GCC_484\Debug\BLEApplications.o
                0x00000630                UpdateRGBled
 .text.UpdateNotificationCCCD
                0x000006f0       0x60 .\CortexM0\ARM_GCC_484\Debug\BLEApplications.o
                0x000006f0                UpdateNotificationCCCD
 .text.IntDefaultHandler
                0x00000750        0x8 .\CortexM0\ARM_GCC_484\Debug\Cm0Start.o
                0x00000750                IntDefaultHandler
 .text.Start_c  0x00000758       0x98 .\CortexM0\ARM_GCC_484\Debug\Cm0Start.o
                0x00000758                Start_c
 .text.initialize_psoc
                0x000007f0       0x70 .\CortexM0\ARM_GCC_484\Debug\Cm0Start.o
                0x000007f0                initialize_psoc
 .text.CYMEMZERO
                0x00000860       0x20 .\CortexM0\ARM_GCC_484\Debug\BLE Lab 4.a(cyfitter_cfg.o)
 .text.cfg_write_bytes32
                0x00000880       0x80 .\CortexM0\ARM_GCC_484\Debug\BLE Lab 4.a(cyfitter_cfg.o)
 .text.AnalogSetDefault
                0x00000900       0x2c .\CortexM0\ARM_GCC_484\Debug\BLE Lab 4.a(cyfitter_cfg.o)
 .text.SetAnalogRoutingPumps
                0x0000092c       0x70 .\CortexM0\ARM_GCC_484\Debug\BLE Lab 4.a(cyfitter_cfg.o)
                0x0000092c                SetAnalogRoutingPumps
 .text.GREEN_SetDriveMode
                0x0000099c       0x30 .\CortexM0\ARM_GCC_484\Debug\BLE Lab 4.a(GREEN.o)
                0x0000099c                GREEN_SetDriveMode
 .text.RED_SetDriveMode
                0x000009cc       0x30 .\CortexM0\ARM_GCC_484\Debug\BLE Lab 4.a(RED.o)
                0x000009cc                RED_SetDriveMode
 .text.PRS_2_Start
                0x000009fc       0x24 .\CortexM0\ARM_GCC_484\Debug\BLE Lab 4.a(PRS_2.o)
                0x000009fc                PRS_2_Start
 .text.PRS_2_Init
                0x00000a20       0x70 .\CortexM0\ARM_GCC_484\Debug\BLE Lab 4.a(PRS_2.o)
                0x00000a20                PRS_2_Init
 .text.PRS_2_Enable
                0x00000a90       0x1c .\CortexM0\ARM_GCC_484\Debug\BLE Lab 4.a(PRS_2.o)
                0x00000a90                PRS_2_Enable
 .text.PRS_2_WriteSeed
                0x00000aac       0x34 .\CortexM0\ARM_GCC_484\Debug\BLE Lab 4.a(PRS_2.o)
                0x00000aac                PRS_2_WriteSeed
 .text.PRS_2_WritePolynomial
                0x00000ae0       0x20 .\CortexM0\ARM_GCC_484\Debug\BLE Lab 4.a(PRS_2.o)
                0x00000ae0                PRS_2_WritePolynomial
 .text.PRS_2_WritePulse0
                0x00000b00       0x20 .\CortexM0\ARM_GCC_484\Debug\BLE Lab 4.a(PRS_2.o)
                0x00000b00                PRS_2_WritePulse0
 .text.PRS_2_WritePulse1
                0x00000b20       0x20 .\CortexM0\ARM_GCC_484\Debug\BLE Lab 4.a(PRS_2.o)
                0x00000b20                PRS_2_WritePulse1
 .text.PRS_1_Start
                0x00000b40       0x24 .\CortexM0\ARM_GCC_484\Debug\BLE Lab 4.a(PRS_1.o)
                0x00000b40                PRS_1_Start
 .text.PRS_1_Init
                0x00000b64       0x70 .\CortexM0\ARM_GCC_484\Debug\BLE Lab 4.a(PRS_1.o)
                0x00000b64                PRS_1_Init
 .text.PRS_1_Enable
                0x00000bd4       0x1c .\CortexM0\ARM_GCC_484\Debug\BLE Lab 4.a(PRS_1.o)
                0x00000bd4                PRS_1_Enable
 .text.PRS_1_WriteSeed
                0x00000bf0       0x34 .\CortexM0\ARM_GCC_484\Debug\BLE Lab 4.a(PRS_1.o)
                0x00000bf0                PRS_1_WriteSeed
 .text.PRS_1_WritePolynomial
                0x00000c24       0x20 .\CortexM0\ARM_GCC_484\Debug\BLE Lab 4.a(PRS_1.o)
                0x00000c24                PRS_1_WritePolynomial
 .text.PRS_1_WritePulse0
                0x00000c44       0x20 .\CortexM0\ARM_GCC_484\Debug\BLE Lab 4.a(PRS_1.o)
                0x00000c44                PRS_1_WritePulse0
 .text.PRS_1_WritePulse1
                0x00000c64       0x20 .\CortexM0\ARM_GCC_484\Debug\BLE Lab 4.a(PRS_1.o)
                0x00000c64                PRS_1_WritePulse1
 .text.BLUE_SetDriveMode
                0x00000c84       0x30 .\CortexM0\ARM_GCC_484\Debug\BLE Lab 4.a(BLUE.o)
                0x00000c84                BLUE_SetDriveMode
 .text.CyBle_Init
                0x00000cb4       0x2c .\CortexM0\ARM_GCC_484\Debug\BLE Lab 4.a(BLE_1.o)
                0x00000cb4                CyBle_Init
 .text.CyBle_ServiceInit
                0x00000ce0        0x8 .\CortexM0\ARM_GCC_484\Debug\BLE Lab 4.a(BLE_1.o)
                0x00000ce0                CyBle_ServiceInit
 .text.CyBle_Start
                0x00000ce8       0x90 .\CortexM0\ARM_GCC_484\Debug\BLE Lab 4.a(BLE_1.o)
                0x00000ce8                CyBle_Start
 .text.CyBle_GappStartAdvertisement
                0x00000d78       0xc4 .\CortexM0\ARM_GCC_484\Debug\BLE Lab 4.a(BLE_1.o)
                0x00000d78                CyBle_GappStartAdvertisement
 .text.CyBle_ChangeAdDeviceAddress
                0x00000e3c       0x60 .\CortexM0\ARM_GCC_484\Debug\BLE Lab 4.a(BLE_1.o)
                0x00000e3c                CyBle_ChangeAdDeviceAddress
 .text.CyBle_Get16ByPtr
                0x00000e9c       0x24 .\CortexM0\ARM_GCC_484\Debug\BLE Lab 4.a(BLE_1.o)
                0x00000e9c                CyBle_Get16ByPtr
 .text.CyBle_GattsWriteEventHandler
                0x00000ec0       0xa0 .\CortexM0\ARM_GCC_484\Debug\BLE Lab 4.a(BLE_1_gatt.o)
                0x00000ec0                CyBle_GattsWriteEventHandler
 .text.CyBle_WriteReqHandler
                0x00000f60       0x70 .\CortexM0\ARM_GCC_484\Debug\BLE Lab 4.a(BLE_1_eventHandler.o)
 .text.CyBle_ValueConfirmation
                0x00000fd0       0x10 .\CortexM0\ARM_GCC_484\Debug\BLE Lab 4.a(BLE_1_eventHandler.o)
 .text.CyBle_GattDisconnectEventHandler
                0x00000fe0       0x18 .\CortexM0\ARM_GCC_484\Debug\BLE Lab 4.a(BLE_1_eventHandler.o)
 .text.CyBle_TimeOutEventHandler
                0x00000ff8       0x10 .\CortexM0\ARM_GCC_484\Debug\BLE Lab 4.a(BLE_1_eventHandler.o)
 .text.CyBle_GattConnectReqHandler
                0x00001008        0x8 .\CortexM0\ARM_GCC_484\Debug\BLE Lab 4.a(BLE_1_eventHandler.o)
 .text.CyBle_IsDeviceAddressValid
                0x00001010       0x60 .\CortexM0\ARM_GCC_484\Debug\BLE Lab 4.a(BLE_1_eventHandler.o)
 .text.CyBle_L2Cap_ConnParamUpdateRspEventHandler
                0x00001070       0x14 .\CortexM0\ARM_GCC_484\Debug\BLE Lab 4.a(BLE_1_eventHandler.o)
 .text.CyBle_GapConnUpdateCompleteEventHandler
                0x00001084       0x10 .\CortexM0\ARM_GCC_484\Debug\BLE Lab 4.a(BLE_1_eventHandler.o)
 .text.CyBle_EventHandler
                0x00001094      0x2d8 .\CortexM0\ARM_GCC_484\Debug\BLE Lab 4.a(BLE_1_eventHandler.o)
                0x00001094                CyBle_EventHandler
 .text.CapSense_Init
                0x0000136c       0x3c .\CortexM0\ARM_GCC_484\Debug\BLE Lab 4.a(CapSense.o)
                0x0000136c                CapSense_Init
 .text.CapSense_CsdHwBlockInit
                0x000013a8       0xbc .\CortexM0\ARM_GCC_484\Debug\BLE Lab 4.a(CapSense.o)
                0x000013a8                CapSense_CsdHwBlockInit
 .text.CapSense_Enable
                0x00001464       0x54 .\CortexM0\ARM_GCC_484\Debug\BLE Lab 4.a(CapSense.o)
                0x00001464                CapSense_Enable
 .text.CapSense_Start
                0x000014b8       0x44 .\CortexM0\ARM_GCC_484\Debug\BLE Lab 4.a(CapSense.o)
                0x000014b8                CapSense_Start
 .text.CapSense_FindNextSensor
                0x000014fc       0x48 .\CortexM0\ARM_GCC_484\Debug\BLE Lab 4.a(CapSense.o)
                0x000014fc                CapSense_FindNextSensor
 .text.CapSense_ScanSensor
                0x00001544       0x34 .\CortexM0\ARM_GCC_484\Debug\BLE Lab 4.a(CapSense.o)
                0x00001544                CapSense_ScanSensor
 .text.CapSense_ScanEnabledWidgets
                0x00001578       0x58 .\CortexM0\ARM_GCC_484\Debug\BLE Lab 4.a(CapSense.o)
                0x00001578                CapSense_ScanEnabledWidgets
 .text.CapSense_IsBusy
                0x000015d0       0x1c .\CortexM0\ARM_GCC_484\Debug\BLE Lab 4.a(CapSense.o)
                0x000015d0                CapSense_IsBusy
 .text.CapSense_ReadSensorRaw
                0x000015ec       0x1c .\CortexM0\ARM_GCC_484\Debug\BLE Lab 4.a(CapSense.o)
                0x000015ec                CapSense_ReadSensorRaw
 .text.CapSense_ClearSensors
                0x00001608       0x28 .\CortexM0\ARM_GCC_484\Debug\BLE Lab 4.a(CapSense.o)
                0x00001608                CapSense_ClearSensors
 .text.CapSense_EnableSensor
                0x00001630       0xb4 .\CortexM0\ARM_GCC_484\Debug\BLE Lab 4.a(CapSense.o)
                0x00001630                CapSense_EnableSensor
 .text.CapSense_DisableSensor
                0x000016e4      0x100 .\CortexM0\ARM_GCC_484\Debug\BLE Lab 4.a(CapSense.o)
                0x000016e4                CapSense_DisableSensor
 .text.CapSense_PreScan
                0x000017e4      0x178 .\CortexM0\ARM_GCC_484\Debug\BLE Lab 4.a(CapSense.o)
                0x000017e4                CapSense_PreScan
 .text.CapSense_PostScan
                0x0000195c       0xbc .\CortexM0\ARM_GCC_484\Debug\BLE Lab 4.a(CapSense.o)
                0x0000195c                CapSense_PostScan
 .text.CapSense_SetShieldDelay
                0x00001a18       0x30 .\CortexM0\ARM_GCC_484\Debug\BLE Lab 4.a(CapSense.o)
                0x00001a18                CapSense_SetShieldDelay
 .text.CapSense_GetBitValue
                0x00001a48       0x44 .\CortexM0\ARM_GCC_484\Debug\BLE Lab 4.a(CapSense.o)
                0x00001a48                CapSense_GetBitValue
 .text.CapSense_SetBitValue
                0x00001a8c       0x68 .\CortexM0\ARM_GCC_484\Debug\BLE Lab 4.a(CapSense.o)
                0x00001a8c                CapSense_SetBitValue
 .text.CapSense_GetSensorRaw
                0x00001af4       0x50 .\CortexM0\ARM_GCC_484\Debug\BLE Lab 4.a(CapSense.o)
                0x00001af4                CapSense_GetSensorRaw
 .text.CapSense_BaseInit
                0x00001b44       0x84 .\CortexM0\ARM_GCC_484\Debug\BLE Lab 4.a(CapSense_CSHL.o)
                0x00001b44                CapSense_BaseInit
 .text.CapSense_InitializeSensorBaseline
                0x00001bc8       0x2c .\CortexM0\ARM_GCC_484\Debug\BLE Lab 4.a(CapSense_CSHL.o)
                0x00001bc8                CapSense_InitializeSensorBaseline
 .text.CapSense_InitializeAllBaselines
                0x00001bf4       0x28 .\CortexM0\ARM_GCC_484\Debug\BLE Lab 4.a(CapSense_CSHL.o)
                0x00001bf4                CapSense_InitializeAllBaselines
 .text.CapSense_UpdateBaselineNoThreshold
                0x00001c1c      0x228 .\CortexM0\ARM_GCC_484\Debug\BLE Lab 4.a(CapSense_CSHL.o)
                0x00001c1c                CapSense_UpdateBaselineNoThreshold
 .text.CapSense_UpdateSensorBaseline
                0x00001e44       0x20 .\CortexM0\ARM_GCC_484\Debug\BLE Lab 4.a(CapSense_CSHL.o)
                0x00001e44                CapSense_UpdateSensorBaseline
 .text.CapSense_UpdateEnabledBaselines
                0x00001e64       0x40 .\CortexM0\ARM_GCC_484\Debug\BLE Lab 4.a(CapSense_CSHL.o)
                0x00001e64                CapSense_UpdateEnabledBaselines
 .text.CapSense_GetDiffCountData
                0x00001ea4       0x1c .\CortexM0\ARM_GCC_484\Debug\BLE Lab 4.a(CapSense_CSHL.o)
                0x00001ea4                CapSense_GetDiffCountData
 .text.CapSense_CheckIsSensorActive
                0x00001ec0      0x138 .\CortexM0\ARM_GCC_484\Debug\BLE Lab 4.a(CapSense_CSHL.o)
                0x00001ec0                CapSense_CheckIsSensorActive
 .text.CapSense_CheckIsWidgetActive
                0x00001ff8       0x44 .\CortexM0\ARM_GCC_484\Debug\BLE Lab 4.a(CapSense_CSHL.o)
                0x00001ff8                CapSense_CheckIsWidgetActive
 .text.CapSense_EnableWidget
                0x0000203c       0x5c .\CortexM0\ARM_GCC_484\Debug\BLE Lab 4.a(CapSense_CSHL.o)
                0x0000203c                CapSense_EnableWidget
 .text.CapSense_IIR4Filter
                0x00002098       0x3c .\CortexM0\ARM_GCC_484\Debug\BLE Lab 4.a(CapSense_CSHL.o)
                0x00002098                CapSense_IIR4Filter
 .text.CapSense_ISR
                0x000020d4       0xd4 .\CortexM0\ARM_GCC_484\Debug\BLE Lab 4.a(CapSense_INT.o)
                0x000020d4                CapSense_ISR
 .text.CapSense_AutoTune
                0x000021a8       0xec .\CortexM0\ARM_GCC_484\Debug\BLE Lab 4.a(CapSense_SMS.o)
                0x000021a8                CapSense_AutoTune
 .text.CapSense_UpdateThresholds
                0x00002294       0x70 .\CortexM0\ARM_GCC_484\Debug\BLE Lab 4.a(CapSense_SMS.o)
                0x00002294                CapSense_UpdateThresholds
 .text.CapSense_SetAnalogSwitchesSrcDirect
                0x00002304       0x18 .\CortexM0\ARM_GCC_484\Debug\BLE Lab 4.a(CapSense_SMS.o)
                0x00002304                CapSense_SetAnalogSwitchesSrcDirect
 .text.CapSense_DisableBaselineIDAC
                0x0000231c       0x34 .\CortexM0\ARM_GCC_484\Debug\BLE Lab 4.a(CapSense_SMS.o)
                0x0000231c                CapSense_DisableBaselineIDAC
 .text.CapSense_EnableBaselineIDAC
                0x00002350       0x8c .\CortexM0\ARM_GCC_484\Debug\BLE Lab 4.a(CapSense_SMS.o)
                0x00002350                CapSense_EnableBaselineIDAC
 .text.CapSense_SampleClk_StartEx
                0x000023dc       0x2c .\CortexM0\ARM_GCC_484\Debug\BLE Lab 4.a(CapSense_SampleClk.o)
                0x000023dc                CapSense_SampleClk_StartEx
 .text.CapSense_SampleClk_Stop
                0x00002408       0x20 .\CortexM0\ARM_GCC_484\Debug\BLE Lab 4.a(CapSense_SampleClk.o)
                0x00002408                CapSense_SampleClk_Stop
 .text.CapSense_SampleClk_SetFractionalDividerRegister
                0x00002428       0x44 .\CortexM0\ARM_GCC_484\Debug\BLE Lab 4.a(CapSense_SampleClk.o)
                0x00002428                CapSense_SampleClk_SetFractionalDividerRegister
 .text.CapSense_SenseClk_StartEx
                0x0000246c       0x2c .\CortexM0\ARM_GCC_484\Debug\BLE Lab 4.a(CapSense_SenseClk.o)
                0x0000246c                CapSense_SenseClk_StartEx
 .text.CapSense_SenseClk_Stop
                0x00002498       0x20 .\CortexM0\ARM_GCC_484\Debug\BLE Lab 4.a(CapSense_SenseClk.o)
                0x00002498                CapSense_SenseClk_Stop
 .text.CapSense_SenseClk_SetFractionalDividerRegister
                0x000024b8       0x44 .\CortexM0\ARM_GCC_484\Debug\BLE Lab 4.a(CapSense_SenseClk.o)
                0x000024b8                CapSense_SenseClk_SetFractionalDividerRegister
 *fill*         0x000024fc        0x4 
 .text          0x00002500       0x20 .\CortexM0\ARM_GCC_484\Debug\BLE Lab 4.a(CyBootAsmGnu.o)
                0x00002500                CyDelayCycles
                0x00002512                CyEnterCriticalSection
                0x0000251a                CyExitCriticalSection
 .text.CySysClkWcoSetHighPowerMode
                0x00002520       0x3c .\CortexM0\ARM_GCC_484\Debug\BLE Lab 4.a(CyLib.o)
 .text.CySysClkWcoSetLowPowerMode
                0x0000255c       0x48 .\CortexM0\ARM_GCC_484\Debug\BLE Lab 4.a(CyLib.o)
 .text.CySysClkEcoStart
                0x000025a4       0x74 .\CortexM0\ARM_GCC_484\Debug\BLE Lab 4.a(CyLib.o)
                0x000025a4                CySysClkEcoStart
 .text.CySysClkEcoReadStatus
                0x00002618       0x18 .\CortexM0\ARM_GCC_484\Debug\BLE Lab 4.a(CyLib.o)
                0x00002618                CySysClkEcoReadStatus
 .text.CySysClkWcoStart
                0x00002630       0x20 .\CortexM0\ARM_GCC_484\Debug\BLE Lab 4.a(CyLib.o)
                0x00002630                CySysClkWcoStart
 .text.CySysClkWcoSetPowerMode
                0x00002650       0x40 .\CortexM0\ARM_GCC_484\Debug\BLE Lab 4.a(CyLib.o)
                0x00002650                CySysClkWcoSetPowerMode
 .text.CyIntSetVector
                0x00002690       0x4c .\CortexM0\ARM_GCC_484\Debug\BLE Lab 4.a(CyLib.o)
                0x00002690                CyIntSetVector
 .text.CyIntSetPriority
                0x000026dc       0xa8 .\CortexM0\ARM_GCC_484\Debug\BLE Lab 4.a(CyLib.o)
                0x000026dc                CyIntSetPriority
 .text.CyIntEnable
                0x00002784       0x2c .\CortexM0\ARM_GCC_484\Debug\BLE Lab 4.a(CyLib.o)
                0x00002784                CyIntEnable
 .text.CyIntDisable
                0x000027b0       0x2c .\CortexM0\ARM_GCC_484\Debug\BLE Lab 4.a(CyLib.o)
                0x000027b0                CyIntDisable
 .text.CyIntClearPending
                0x000027dc       0x2c .\CortexM0\ARM_GCC_484\Debug\BLE Lab 4.a(CyLib.o)
                0x000027dc                CyIntClearPending
 .text.CyHalt   0x00002808       0x14 .\CortexM0\ARM_GCC_484\Debug\BLE Lab 4.a(CyLib.o)
                0x00002808                CyHalt
 .text.CyDelay  0x0000281c       0x48 .\CortexM0\ARM_GCC_484\Debug\BLE Lab 4.a(CyLib.o)
                0x0000281c                CyDelay
 .text.CyDelayUs
                0x00002864       0x28 .\CortexM0\ARM_GCC_484\Debug\BLE Lab 4.a(CyLib.o)
                0x00002864                CyDelayUs
 .text.CySysPmSleep
                0x0000288c       0x34 .\CortexM0\ARM_GCC_484\Debug\BLE Lab 4.a(cyPm.o)
                0x0000288c                CySysPmSleep
 .text.SW_Int_Start
                0x000028c0       0x24 .\CortexM0\ARM_GCC_484\Debug\BLE Lab 4.a(SW_Int.o)
                0x000028c0                SW_Int_Start
 .text.SW_Int_Interrupt
                0x000028e4        0x8 .\CortexM0\ARM_GCC_484\Debug\BLE Lab 4.a(SW_Int.o)
                0x000028e4                SW_Int_Interrupt
 .text.SW_Int_SetVector
                0x000028ec       0x18 .\CortexM0\ARM_GCC_484\Debug\BLE Lab 4.a(SW_Int.o)
                0x000028ec                SW_Int_SetVector
 .text.SW_Int_SetPriority
                0x00002904       0x50 .\CortexM0\ARM_GCC_484\Debug\BLE Lab 4.a(SW_Int.o)
                0x00002904                SW_Int_SetPriority
 .text.SW_Int_Enable
                0x00002954       0x14 .\CortexM0\ARM_GCC_484\Debug\BLE Lab 4.a(SW_Int.o)
                0x00002954                SW_Int_Enable
 .text.SW_Int_Disable
                0x00002968       0x14 .\CortexM0\ARM_GCC_484\Debug\BLE Lab 4.a(SW_Int.o)
                0x00002968                SW_Int_Disable
 .text.SW_ClearInterrupt
                0x0000297c       0x30 .\CortexM0\ARM_GCC_484\Debug\BLE Lab 4.a(SW.o)
                0x0000297c                SW_ClearInterrupt
 .text.CalibrateOneDAC_P4_v2_10
                0x000029ac       0x44 D:\Program Files (x86)\Cypress\PSoC Creator\3.1\PSoC Creator\psoc\content\cycomponentlibrary\CyComponentLibrary.cylib\CapSense_CSD_P4_v2_10\PSoC4\Library\CapsenseP4Library_GCC.a(CSD_P4_SmartSense_v2_10.o)
                0x000029ac                CalibrateOneDAC_P4_v2_10
 .text.CalibrateSensors_P4_v2_10
                0x000029f0       0x22 D:\Program Files (x86)\Cypress\PSoC Creator\3.1\PSoC Creator\psoc\content\cycomponentlibrary\CyComponentLibrary.cylib\CapSense_CSD_P4_v2_10\PSoC4\Library\CapsenseP4Library_GCC.a(CSD_P4_SmartSense_v2_10.o)
                0x000029f0                CalibrateSensors_P4_v2_10
 *fill*         0x00002a12        0x2 
 .text.TunePrescalers_P4_v2_10
                0x00002a14       0x48 D:\Program Files (x86)\Cypress\PSoC Creator\3.1\PSoC Creator\psoc\content\cycomponentlibrary\CyComponentLibrary.cylib\CapSense_CSD_P4_v2_10\PSoC4\Library\CapsenseP4Library_GCC.a(CSD_P4_SmartSense_v2_10.o)
                0x00002a14                TunePrescalers_P4_v2_10
 .text.TuneSensitivity_P4_v2_10
                0x00002a5c      0x100 D:\Program Files (x86)\Cypress\PSoC Creator\3.1\PSoC Creator\psoc\content\cycomponentlibrary\CyComponentLibrary.cylib\CapSense_CSD_P4_v2_10\PSoC4\Library\CapsenseP4Library_GCC.a(CSD_P4_SmartSense_v2_10.o)
                0x00002a5c                TuneSensitivity_P4_v2_10
 .text.MeasureNoiseEnvelope_P4_v2_10
                0x00002b5c      0x118 D:\Program Files (x86)\Cypress\PSoC Creator\3.1\PSoC Creator\psoc\content\cycomponentlibrary\CyComponentLibrary.cylib\CapSense_CSD_P4_v2_10\PSoC4\Library\CapsenseP4Library_GCC.a(CSD_P4_SmartSense_v2_10.o)
                0x00002b5c                MeasureNoiseEnvelope_P4_v2_10
 .text.CyBLE_Bless_LlRegWrite
                0x00002c74       0x1c .\CortexM0\ARM_GCC_484\Debug\BLE Lab 4.a(BLE_1_HAL_PVT.o)
                0x00002c74                CyBLE_Bless_LlRegWrite
 .text.CyBLE_Bless_RfRegWrite
                0x00002c90       0x1c .\CortexM0\ARM_GCC_484\Debug\BLE Lab 4.a(BLE_1_HAL_PVT.o)
                0x00002c90                CyBLE_Bless_RfRegWrite
 .text.CyBleHal_DelayUs
                0x00002cac       0x1c .\CortexM0\ARM_GCC_484\Debug\BLE Lab 4.a(BLE_1_HAL_PVT.o)
                0x00002cac                CyBleHal_DelayUs
 .text.CyBleHal_EnableGlobalInterrupts
                0x00002cc8        0xc .\CortexM0\ARM_GCC_484\Debug\BLE Lab 4.a(BLE_1_HAL_PVT.o)
                0x00002cc8                CyBleHal_EnableGlobalInterrupts
 .text.CyBleHal_DisableGlobalInterrupts
                0x00002cd4        0xc .\CortexM0\ARM_GCC_484\Debug\BLE Lab 4.a(BLE_1_HAL_PVT.o)
                0x00002cd4                CyBleHal_DisableGlobalInterrupts
 .text.CyBle_HalInit
                0x00002ce0       0x20 .\CortexM0\ARM_GCC_484\Debug\BLE Lab 4.a(BLE_1_HAL_PVT.o)
                0x00002ce0                CyBle_HalInit
 .text.CYBLE_BlessStart
                0x00002d00       0x14 .\CortexM0\ARM_GCC_484\Debug\BLE Lab 4.a(BLE_1_HAL_PVT.o)
                0x00002d00                CYBLE_BlessStart
 .text.BLE_1_bless_isr_StartEx
                0x00002d14       0x24 .\CortexM0\ARM_GCC_484\Debug\BLE Lab 4.a(BLE_1_bless_isr.o)
                0x00002d14                BLE_1_bless_isr_StartEx
 .text.BLE_1_bless_isr_SetVector
                0x00002d38       0x18 .\CortexM0\ARM_GCC_484\Debug\BLE Lab 4.a(BLE_1_bless_isr.o)
                0x00002d38                BLE_1_bless_isr_SetVector
 .text.BLE_1_bless_isr_SetPriority
                0x00002d50       0x50 .\CortexM0\ARM_GCC_484\Debug\BLE Lab 4.a(BLE_1_bless_isr.o)
                0x00002d50                BLE_1_bless_isr_SetPriority
 .text.BLE_1_bless_isr_Enable
                0x00002da0       0x14 .\CortexM0\ARM_GCC_484\Debug\BLE Lab 4.a(BLE_1_bless_isr.o)
                0x00002da0                BLE_1_bless_isr_Enable
 .text.BLE_1_bless_isr_Disable
                0x00002db4       0x14 .\CortexM0\ARM_GCC_484\Debug\BLE Lab 4.a(BLE_1_bless_isr.o)
                0x00002db4                BLE_1_bless_isr_Disable
 .text.CyBLE_Bless_Interrupt
                0x00002dc8        0xc .\CortexM0\ARM_GCC_484\Debug\BLE Lab 4.a(BLE_1_HAL_INT.o)
                0x00002dc8                CyBLE_Bless_Interrupt
 .text          0x00002dd4       0x9c d:/program files (x86)/cypress/psoc creator/3.1/psoc creator/import/gnu_cs/arm/4.8.4/bin/../lib/gcc/arm-none-eabi/4.8.4/armv6-m\libgcc.a(_udivsi3.o)
                0x00002dd4                __aeabi_uidiv
                0x00002dd4                __udivsi3
                0x00002e5c                __aeabi_uidivmod
 .text          0x00002e70       0xc0 d:/program files (x86)/cypress/psoc creator/3.1/psoc creator/import/gnu_cs/arm/4.8.4/bin/../lib/gcc/arm-none-eabi/4.8.4/armv6-m\libgcc.a(_divsi3.o)
                0x00002e70                __divsi3
                0x00002e70                __aeabi_idiv
                0x00002f1c                __aeabi_idivmod
 .text          0x00002f30        0x4 d:/program files (x86)/cypress/psoc creator/3.1/psoc creator/import/gnu_cs/arm/4.8.4/bin/../lib/gcc/arm-none-eabi/4.8.4/armv6-m\libgcc.a(_dvmd_tls.o)
                0x00002f30                __aeabi_idiv0
                0x00002f30                __aeabi_ldiv0
 .text.__libc_init_array
                0x00002f34       0x4c d:/program files (x86)/cypress/psoc creator/3.1/psoc creator/import/gnu_cs/arm/4.8.4/bin/../lib/gcc/arm-none-eabi/4.8.4/../../../../arm-none-eabi/lib/armv6-m\libg_s.a(lib_a-init.o)
                0x00002f34                __libc_init_array
 .text.memcmp   0x00002f80       0x1e d:/program files (x86)/cypress/psoc creator/3.1/psoc creator/import/gnu_cs/arm/4.8.4/bin/../lib/gcc/arm-none-eabi/4.8.4/../../../../arm-none-eabi/lib/armv6-m\libg_s.a(lib_a-memcmp.o)
                0x00002f80                memcmp
 .text.memcpy   0x00002f9e       0x12 d:/program files (x86)/cypress/psoc creator/3.1/psoc creator/import/gnu_cs/arm/4.8.4/bin/../lib/gcc/arm-none-eabi/4.8.4/../../../../arm-none-eabi/lib/armv6-m\libg_s.a(lib_a-memcpy-stub.o)
                0x00002f9e                memcpy
 .text.memset   0x00002fb0       0x10 d:/program files (x86)/cypress/psoc creator/3.1/psoc creator/import/gnu_cs/arm/4.8.4/bin/../lib/gcc/arm-none-eabi/4.8.4/../../../../arm-none-eabi/lib/armv6-m\libg_s.a(lib_a-memset.o)
                0x00002fb0                memset
 *(.plt)
 *(.gnu.warning)
 *(.glue_7t)
 .glue_7t       0x00000000        0x0 linker stubs
 *(.glue_7)
 .glue_7        0x00000000        0x0 linker stubs
 *(.vfp11_veneer)
 .vfp11_veneer  0x00000000        0x0 linker stubs
 *(.bootloader)
 *(.ARM.extab* .gnu.linkonce.armextab.*)
 *(.gcc_except_table)

.v4_bx          0x00002fc0        0x0
 .v4_bx         0x00000000        0x0 linker stubs

.iplt           0x00002fc0        0x0
 .iplt          0x00000000        0x0 d:/program files (x86)/cypress/psoc creator/3.1/psoc creator/import/gnu_cs/arm/4.8.4/bin/../lib/gcc/arm-none-eabi/4.8.4/armv6-m/crtbegin.o

i.CyBle_ExitLPM
                0x00002fc0        0x8
 i.CyBle_ExitLPM
                0x00002fc0        0x8 D:\Program Files (x86)\Cypress\PSoC Creator\3.1\PSoC Creator\psoc\content\cycomponentlibrary\CyComponentLibrary.cylib\BLE_v1_20\Library\gccCyBLEStack_BLE_SOC_PERIPHERAL.a(CyBle.o)
                0x00002fc0                CyBle_ExitLPM

i.CyBle_ProcessEvents
                0x00002fc8        0x8
 i.CyBle_ProcessEvents
                0x00002fc8        0x8 D:\Program Files (x86)\Cypress\PSoC Creator\3.1\PSoC Creator\psoc\content\cycomponentlibrary\CyComponentLibrary.cylib\BLE_v1_20\Library\gccCyBLEStack_BLE_SOC_PERIPHERAL.a(CyBle.o)
                0x00002fc8                CyBle_ProcessEvents

i.CyBle_SetDeviceAddress
                0x00002fd0       0x24
 i.CyBle_SetDeviceAddress
                0x00002fd0       0x24 D:\Program Files (x86)\Cypress\PSoC Creator\3.1\PSoC Creator\psoc\content\cycomponentlibrary\CyComponentLibrary.cylib\BLE_v1_20\Library\gccCyBLEStack_BLE_SOC_PERIPHERAL.a(CyBle.o)
                0x00002fd0                CyBle_SetDeviceAddress

i.CyBle_StackInit
                0x00002ff4       0x84
 i.CyBle_StackInit
                0x00002ff4       0x84 D:\Program Files (x86)\Cypress\PSoC Creator\3.1\PSoC Creator\psoc\content\cycomponentlibrary\CyComponentLibrary.cylib\BLE_v1_20\Library\gccCyBLEStack_BLE_SOC_PERIPHERAL.a(CyBle.o)
                0x00002ff4                CyBle_StackInit

i.CyBleStackMgr_BleGetConfigData
                0x00003078        0x4
 i.CyBleStackMgr_BleGetConfigData
                0x00003078        0x4 D:\Program Files (x86)\Cypress\PSoC Creator\3.1\PSoC Creator\psoc\content\cycomponentlibrary\CyComponentLibrary.cylib\BLE_v1_20\Library\gccCyBLEStack_BLE_SOC_PERIPHERAL.a(CyBleStackMgrIP_Interface.o)
                0x00003078                CyBleStackMgr_BleGetConfigData

i.CyBleStackMgr_BleSetConfigData
                0x0000307c        0x4
 i.CyBleStackMgr_BleSetConfigData
                0x0000307c        0x4 D:\Program Files (x86)\Cypress\PSoC Creator\3.1\PSoC Creator\psoc\content\cycomponentlibrary\CyComponentLibrary.cylib\BLE_v1_20\Library\gccCyBLEStack_BLE_SOC_PERIPHERAL.a(CyBleStackMgrIP_Interface.o)
                0x0000307c                CyBleStackMgr_BleSetConfigData

i.CyBleStackMgr_Init
                0x00003080      0x104
 i.CyBleStackMgr_Init
                0x00003080      0x104 D:\Program Files (x86)\Cypress\PSoC Creator\3.1\PSoC Creator\psoc\content\cycomponentlibrary\CyComponentLibrary.cylib\BLE_v1_20\Library\gccCyBLEStack_BLE_SOC_PERIPHERAL.a(CyBleStackMgrIP_Interface.o)
                0x00003080                CyBleStackMgr_Init

i.CyBleStackMgr_ProcessBleEvents
                0x00003184       0x14
 i.CyBleStackMgr_ProcessBleEvents
                0x00003184       0x14 D:\Program Files (x86)\Cypress\PSoC Creator\3.1\PSoC Creator\psoc\content\cycomponentlibrary\CyComponentLibrary.cylib\BLE_v1_20\Library\gccCyBLEStack_BLE_SOC_PERIPHERAL.a(CyBleStackMgrIP_Interface.o)
                0x00003184                CyBleStackMgr_ProcessBleEvents

i.ble_stack_idle_task_callback
                0x00003198        0x2
 i.ble_stack_idle_task_callback
                0x00003198        0x2 D:\Program Files (x86)\Cypress\PSoC Creator\3.1\PSoC Creator\psoc\content\cycomponentlibrary\CyComponentLibrary.cylib\BLE_v1_20\Library\gccCyBLEStack_BLE_SOC_PERIPHERAL.a(CyBleStackMgrIP_Interface.o)
                0x00003198                ble_stack_idle_task_callback

i.BT_OSFreeBuf  0x0000319c       0x18
 i.BT_OSFreeBuf
                0x0000319c       0x18 D:\Program Files (x86)\Cypress\PSoC Creator\3.1\PSoC Creator\psoc\content\cycomponentlibrary\CyComponentLibrary.cylib\BLE_v1_20\Library\gccCyBLEStack_BLE_SOC_PERIPHERAL.a(BT_os.o)
                0x0000319c                BT_OSFreeBuf

i.BT_OSGetBuF   0x000031b4       0x1c
 i.BT_OSGetBuF  0x000031b4       0x1c D:\Program Files (x86)\Cypress\PSoC Creator\3.1\PSoC Creator\psoc\content\cycomponentlibrary\CyComponentLibrary.cylib\BLE_v1_20\Library\gccCyBLEStack_BLE_SOC_PERIPHERAL.a(BT_os.o)
                0x000031b4                BT_OSGetBuF

i.BT_OSMemCreate
                0x000031d0       0x1c
 i.BT_OSMemCreate
                0x000031d0       0x1c D:\Program Files (x86)\Cypress\PSoC Creator\3.1\PSoC Creator\psoc\content\cycomponentlibrary\CyComponentLibrary.cylib\BLE_v1_20\Library\gccCyBLEStack_BLE_SOC_PERIPHERAL.a(BT_os.o)
                0x000031d0                BT_OSMemCreate

i.BT_alloc_mem_ext
                0x000031ec       0x34
 i.BT_alloc_mem_ext
                0x000031ec       0x34 D:\Program Files (x86)\Cypress\PSoC Creator\3.1\PSoC Creator\psoc\content\cycomponentlibrary\CyComponentLibrary.cylib\BLE_v1_20\Library\gccCyBLEStack_BLE_SOC_PERIPHERAL.a(BT_os.o)
                0x000031ec                BT_alloc_mem_ext

i.BT_free_mem   0x00003220        0xc
 i.BT_free_mem  0x00003220        0xc D:\Program Files (x86)\Cypress\PSoC Creator\3.1\PSoC Creator\psoc\content\cycomponentlibrary\CyComponentLibrary.cylib\BLE_v1_20\Library\gccCyBLEStack_BLE_SOC_PERIPHERAL.a(BT_os.o)
                0x00003220                BT_free_mem

i.bt_stack_init_os
                0x0000322c       0x34
 i.bt_stack_init_os
                0x0000322c       0x34 D:\Program Files (x86)\Cypress\PSoC Creator\3.1\PSoC Creator\psoc\content\cycomponentlibrary\CyComponentLibrary.cylib\BLE_v1_20\Library\gccCyBLEStack_BLE_SOC_PERIPHERAL.a(BT_os.o)
                0x0000322c                bt_stack_init_os

i.CyBle_CheckBleStackTaskStatus
                0x00003260        0x4
 i.CyBle_CheckBleStackTaskStatus
                0x00003260        0x4 D:\Program Files (x86)\Cypress\PSoC Creator\3.1\PSoC Creator\psoc\content\cycomponentlibrary\CyComponentLibrary.cylib\BLE_v1_20\Library\gccCyBLEStack_BLE_SOC_PERIPHERAL.a(CyBleStackMgr_StackTaskHandler.o)
                0x00003260                CyBle_CheckBleStackTaskStatus

i.CyBle_CreateBleStackTask
                0x00003264       0x2c
 i.CyBle_CreateBleStackTask
                0x00003264       0x2c D:\Program Files (x86)\Cypress\PSoC Creator\3.1\PSoC Creator\psoc\content\cycomponentlibrary\CyComponentLibrary.cylib\BLE_v1_20\Library\gccCyBLEStack_BLE_SOC_PERIPHERAL.a(CyBleStackMgr_StackTaskHandler.o)
                0x00003264                CyBle_CreateBleStackTask

i.CyBle_SignalBleStackTask
                0x00003290       0x50
 i.CyBle_SignalBleStackTask
                0x00003290       0x50 D:\Program Files (x86)\Cypress\PSoC Creator\3.1\PSoC Creator\psoc\content\cycomponentlibrary\CyComponentLibrary.cylib\BLE_v1_20\Library\gccCyBLEStack_BLE_SOC_PERIPHERAL.a(CyBleStackMgr_StackTaskHandler.o)
                0x00003290                CyBle_SignalBleStackTask

i.CyBle_StackTaskHandler
                0x000032e0       0x5c
 i.CyBle_StackTaskHandler
                0x000032e0       0x5c D:\Program Files (x86)\Cypress\PSoC Creator\3.1\PSoC Creator\psoc\content\cycomponentlibrary\CyComponentLibrary.cylib\BLE_v1_20\Library\gccCyBLEStack_BLE_SOC_PERIPHERAL.a(CyBleStackMgr_StackTaskHandler.o)
                0x000032e0                CyBle_StackTaskHandler

i.__ARM_common_switch8
                0x0000333c       0x1a
 i.__ARM_common_switch8
                0x0000333c       0x1a D:\Program Files (x86)\Cypress\PSoC Creator\3.1\PSoC Creator\psoc\content\cycomponentlibrary\CyComponentLibrary.cylib\BLE_v1_20\Library\gccCyBLEStack_BLE_SOC_PERIPHERAL.a(CyBleStackMgr_StackTaskHandler.o)
                0x0000333c                __ARM_common_switch8

i.hci_soft_transport_notify_data_received
                0x00003358        0xc
 i.hci_soft_transport_notify_data_received
                0x00003358        0xc D:\Program Files (x86)\Cypress\PSoC Creator\3.1\PSoC Creator\psoc\content\cycomponentlibrary\CyComponentLibrary.cylib\BLE_v1_20\Library\gccCyBLEStack_BLE_SOC_PERIPHERAL.a(transport_sf.o)
                0x00003358                hci_soft_transport_notify_data_received

i.hci_soft_transport_rx_data
                0x00003364       0x40
 i.hci_soft_transport_rx_data
                0x00003364       0x40 D:\Program Files (x86)\Cypress\PSoC Creator\3.1\PSoC Creator\psoc\content\cycomponentlibrary\CyComponentLibrary.cylib\BLE_v1_20\Library\gccCyBLEStack_BLE_SOC_PERIPHERAL.a(transport_sf.o)
                0x00003364                hci_soft_transport_rx_data

i.hci_transport_bt_init
                0x000033a4        0x2
 i.hci_transport_bt_init
                0x000033a4        0x2 D:\Program Files (x86)\Cypress\PSoC Creator\3.1\PSoC Creator\psoc\content\cycomponentlibrary\CyComponentLibrary.cylib\BLE_v1_20\Library\gccCyBLEStack_BLE_SOC_PERIPHERAL.a(transport_sf.o)
                0x000033a4                hci_transport_bt_init

i.hci_transport_init
                0x000033a8       0x10
 i.hci_transport_init
                0x000033a8       0x10 D:\Program Files (x86)\Cypress\PSoC Creator\3.1\PSoC Creator\psoc\content\cycomponentlibrary\CyComponentLibrary.cylib\BLE_v1_20\Library\gccCyBLEStack_BLE_SOC_PERIPHERAL.a(transport_sf.o)
                0x000033a8                hci_transport_init

i.hci_transport_write_data
                0x000033b8       0xd4
 i.hci_transport_write_data
                0x000033b8       0xd4 D:\Program Files (x86)\Cypress\PSoC Creator\3.1\PSoC Creator\psoc\content\cycomponentlibrary\CyComponentLibrary.cylib\BLE_v1_20\Library\gccCyBLEStack_BLE_SOC_PERIPHERAL.a(transport_sf.o)
                0x000033b8                hci_transport_write_data

i.pf_hci_soft_transport_write
                0x0000348c       0x44
 i.pf_hci_soft_transport_write
                0x0000348c       0x44 D:\Program Files (x86)\Cypress\PSoC Creator\3.1\PSoC Creator\psoc\content\cycomponentlibrary\CyComponentLibrary.cylib\BLE_v1_20\Library\gccCyBLEStack_BLE_SOC_PERIPHERAL.a(transport_sf.o)
                0x0000348c                pf_hci_soft_transport_write

i.pf_soft_hci_transport_init
                0x000034d0        0xc
 i.pf_soft_hci_transport_init
                0x000034d0        0xc D:\Program Files (x86)\Cypress\PSoC Creator\3.1\PSoC Creator\psoc\content\cycomponentlibrary\CyComponentLibrary.cylib\BLE_v1_20\Library\gccCyBLEStack_BLE_SOC_PERIPHERAL.a(transport_sf.o)
                0x000034d0                pf_soft_hci_transport_init

i.CyBleStackMgr_GetTime
                0x000034dc       0x14
 i.CyBleStackMgr_GetTime
                0x000034dc       0x14 D:\Program Files (x86)\Cypress\PSoC Creator\3.1\PSoC Creator\psoc\content\cycomponentlibrary\CyComponentLibrary.cylib\BLE_v1_20\Library\gccCyBLEStack_BLE_SOC_PERIPHERAL.a(CyBleStackMgr_PSoCHal.o)
                0x000034dc                CyBleStackMgr_GetTime

i.CyBleStackMgr_HalInit
                0x000034f0       0x24
 i.CyBleStackMgr_HalInit
                0x000034f0       0x24 D:\Program Files (x86)\Cypress\PSoC Creator\3.1\PSoC Creator\psoc\content\cycomponentlibrary\CyComponentLibrary.cylib\BLE_v1_20\Library\gccCyBLEStack_BLE_SOC_PERIPHERAL.a(CyBleStackMgr_PSoCHal.o)
                0x000034f0                CyBleStackMgr_HalInit

i.CyBleStackMgr_HalIntrEnable
                0x00003514        0x8
 i.CyBleStackMgr_HalIntrEnable
                0x00003514        0x8 D:\Program Files (x86)\Cypress\PSoC Creator\3.1\PSoC Creator\psoc\content\cycomponentlibrary\CyComponentLibrary.cylib\BLE_v1_20\Library\gccCyBLEStack_BLE_SOC_PERIPHERAL.a(CyBleStackMgr_PSoCHal.o)
                0x00003514                CyBleStackMgr_HalIntrEnable

i.CyBleStackMgr_HandleLinkLayerTick
                0x0000351c       0x5c
 i.CyBleStackMgr_HandleLinkLayerTick
                0x0000351c       0x5c D:\Program Files (x86)\Cypress\PSoC Creator\3.1\PSoC Creator\psoc\content\cycomponentlibrary\CyComponentLibrary.cylib\BLE_v1_20\Library\gccCyBLEStack_BLE_SOC_PERIPHERAL.a(CyBleStackMgr_PSoCHal.o)
                0x0000351c                CyBleStackMgr_HandleLinkLayerTick

i.CyBleStackMgr_HciPortInit
                0x00003578        0xc
 i.CyBleStackMgr_HciPortInit
                0x00003578        0xc D:\Program Files (x86)\Cypress\PSoC Creator\3.1\PSoC Creator\psoc\content\cycomponentlibrary\CyComponentLibrary.cylib\BLE_v1_20\Library\gccCyBLEStack_BLE_SOC_PERIPHERAL.a(CyBleStackMgr_PSoCHal.o)
                0x00003578                CyBleStackMgr_HciPortInit

i.CyBleStackMgr_HciPortReset
                0x00003584        0x2
 i.CyBleStackMgr_HciPortReset
                0x00003584        0x2 D:\Program Files (x86)\Cypress\PSoC Creator\3.1\PSoC Creator\psoc\content\cycomponentlibrary\CyComponentLibrary.cylib\BLE_v1_20\Library\gccCyBLEStack_BLE_SOC_PERIPHERAL.a(CyBleStackMgr_PSoCHal.o)
                0x00003584                CyBleStackMgr_HciPortReset

i.CyBleStackMgr_HciPortWrite
                0x00003586        0x8
 i.CyBleStackMgr_HciPortWrite
                0x00003586        0x8 D:\Program Files (x86)\Cypress\PSoC Creator\3.1\PSoC Creator\psoc\content\cycomponentlibrary\CyComponentLibrary.cylib\BLE_v1_20\Library\gccCyBLEStack_BLE_SOC_PERIPHERAL.a(CyBleStackMgr_PSoCHal.o)
                0x00003586                CyBleStackMgr_HciPortWrite

i.CyBleStackMgr_ResetLinkLayerTimerEntity
                0x00003590       0x14
 i.CyBleStackMgr_ResetLinkLayerTimerEntity
                0x00003590       0x14 D:\Program Files (x86)\Cypress\PSoC Creator\3.1\PSoC Creator\psoc\content\cycomponentlibrary\CyComponentLibrary.cylib\BLE_v1_20\Library\gccCyBLEStack_BLE_SOC_PERIPHERAL.a(CyBleStackMgr_PSoCHal.o)
                0x00003590                CyBleStackMgr_ResetLinkLayerTimerEntity

i.CyBleStackMgr_TimerStart
                0x000035a4       0x2c
 i.CyBleStackMgr_TimerStart
                0x000035a4       0x2c D:\Program Files (x86)\Cypress\PSoC Creator\3.1\PSoC Creator\psoc\content\cycomponentlibrary\CyComponentLibrary.cylib\BLE_v1_20\Library\gccCyBLEStack_BLE_SOC_PERIPHERAL.a(CyBleStackMgr_PSoCHal.o)
                0x000035a4                CyBleStackMgr_TimerStart

i.CyBleStackMgr_TimerStop
                0x000035d0       0x18
 i.CyBleStackMgr_TimerStop
                0x000035d0       0x18 D:\Program Files (x86)\Cypress\PSoC Creator\3.1\PSoC Creator\psoc\content\cycomponentlibrary\CyComponentLibrary.cylib\BLE_v1_20\Library\gccCyBLEStack_BLE_SOC_PERIPHERAL.a(CyBleStackMgr_PSoCHal.o)
                0x000035d0                CyBleStackMgr_TimerStop

i.CyBleStackMgr_isTimerRunning
                0x000035e8       0x10
 i.CyBleStackMgr_isTimerRunning
                0x000035e8       0x10 D:\Program Files (x86)\Cypress\PSoC Creator\3.1\PSoC Creator\psoc\content\cycomponentlibrary\CyComponentLibrary.cylib\BLE_v1_20\Library\gccCyBLEStack_BLE_SOC_PERIPHERAL.a(CyBleStackMgr_PSoCHal.o)
                0x000035e8                CyBleStackMgr_isTimerRunning

i.CyBleAtlantisRadioInit
                0x000035f8      0x1ac
 i.CyBleAtlantisRadioInit
                0x000035f8      0x1ac D:\Program Files (x86)\Cypress\PSoC Creator\3.1\PSoC Creator\psoc\content\cycomponentlibrary\CyComponentLibrary.cylib\BLE_v1_20\Library\gccCyBLEStack_BLE_SOC_PERIPHERAL.a(CyBleStackMgr_BleSSDriver.o)

i.CyBleStackMgr_BleSSFifoRead
                0x000037a4       0x38
 i.CyBleStackMgr_BleSSFifoRead
                0x000037a4       0x38 D:\Program Files (x86)\Cypress\PSoC Creator\3.1\PSoC Creator\psoc\content\cycomponentlibrary\CyComponentLibrary.cylib\BLE_v1_20\Library\gccCyBLEStack_BLE_SOC_PERIPHERAL.a(CyBleStackMgr_BleSSDriver.o)
                0x000037a4                CyBleStackMgr_BleSSFifoRead

i.CyBleStackMgr_BleSSFifoWrite
                0x000037dc       0x30
 i.CyBleStackMgr_BleSSFifoWrite
                0x000037dc       0x30 D:\Program Files (x86)\Cypress\PSoC Creator\3.1\PSoC Creator\psoc\content\cycomponentlibrary\CyComponentLibrary.cylib\BLE_v1_20\Library\gccCyBLEStack_BLE_SOC_PERIPHERAL.a(CyBleStackMgr_BleSSDriver.o)
                0x000037dc                CyBleStackMgr_BleSSFifoWrite

i.CyBleStackMgr_BleSSInit
                0x0000380c       0x50
 i.CyBleStackMgr_BleSSInit
                0x0000380c       0x50 D:\Program Files (x86)\Cypress\PSoC Creator\3.1\PSoC Creator\psoc\content\cycomponentlibrary\CyComponentLibrary.cylib\BLE_v1_20\Library\gccCyBLEStack_BLE_SOC_PERIPHERAL.a(CyBleStackMgr_BleSSDriver.o)
                0x0000380c                CyBleStackMgr_BleSSInit

i.CyBleStackMgr_BleSSMemRead
                0x0000385c       0x26
 i.CyBleStackMgr_BleSSMemRead
                0x0000385c       0x26 D:\Program Files (x86)\Cypress\PSoC Creator\3.1\PSoC Creator\psoc\content\cycomponentlibrary\CyComponentLibrary.cylib\BLE_v1_20\Library\gccCyBLEStack_BLE_SOC_PERIPHERAL.a(CyBleStackMgr_BleSSDriver.o)
                0x0000385c                CyBleStackMgr_BleSSMemRead

i.CyBleStackMgr_BleSSMemWrite
                0x00003884       0x34
 i.CyBleStackMgr_BleSSMemWrite
                0x00003884       0x34 D:\Program Files (x86)\Cypress\PSoC Creator\3.1\PSoC Creator\psoc\content\cycomponentlibrary\CyComponentLibrary.cylib\BLE_v1_20\Library\gccCyBLEStack_BLE_SOC_PERIPHERAL.a(CyBleStackMgr_BleSSDriver.o)
                0x00003884                CyBleStackMgr_BleSSMemWrite

i.CyBleStackMgr_BleSSRegRead
                0x000038b8        0xc
 i.CyBleStackMgr_BleSSRegRead
                0x000038b8        0xc D:\Program Files (x86)\Cypress\PSoC Creator\3.1\PSoC Creator\psoc\content\cycomponentlibrary\CyComponentLibrary.cylib\BLE_v1_20\Library\gccCyBLEStack_BLE_SOC_PERIPHERAL.a(CyBleStackMgr_BleSSDriver.o)
                0x000038b8                CyBleStackMgr_BleSSRegRead

i.CyBleStackMgr_BleSSRegWrite
                0x000038c4        0xc
 i.CyBleStackMgr_BleSSRegWrite
                0x000038c4        0xc D:\Program Files (x86)\Cypress\PSoC Creator\3.1\PSoC Creator\psoc\content\cycomponentlibrary\CyComponentLibrary.cylib\BLE_v1_20\Library\gccCyBLEStack_BLE_SOC_PERIPHERAL.a(CyBleStackMgr_BleSSDriver.o)
                0x000038c4                CyBleStackMgr_BleSSRegWrite

i.CyBleStackMgr_BleSSReset
                0x000038d0       0x38
 i.CyBleStackMgr_BleSSReset
                0x000038d0       0x38 D:\Program Files (x86)\Cypress\PSoC Creator\3.1\PSoC Creator\psoc\content\cycomponentlibrary\CyComponentLibrary.cylib\BLE_v1_20\Library\gccCyBLEStack_BLE_SOC_PERIPHERAL.a(CyBleStackMgr_BleSSDriver.o)
                0x000038d0                CyBleStackMgr_BleSSReset

i.CyBleStackMgr_GenericIface
                0x00003908       0x3c
 i.CyBleStackMgr_GenericIface
                0x00003908       0x3c D:\Program Files (x86)\Cypress\PSoC Creator\3.1\PSoC Creator\psoc\content\cycomponentlibrary\CyComponentLibrary.cylib\BLE_v1_20\Library\gccCyBLEStack_BLE_SOC_PERIPHERAL.a(CyBleStackMgr_BleSSDriver.o)
                0x00003908                CyBleStackMgr_GenericIface

i.CyBleStackMgr_HandleBleSSIntr
                0x00003944       0x90
 i.CyBleStackMgr_HandleBleSSIntr
                0x00003944       0x90 D:\Program Files (x86)\Cypress\PSoC Creator\3.1\PSoC Creator\psoc\content\cycomponentlibrary\CyComponentLibrary.cylib\BLE_v1_20\Library\gccCyBLEStack_BLE_SOC_PERIPHERAL.a(CyBleStackMgr_BleSSDriver.o)
                0x00003944                CyBleStackMgr_HandleBleSSIntr

i.CyBleStackMgr_SetClockParam
                0x000039d4       0xb4
 i.CyBleStackMgr_SetClockParam
                0x000039d4       0xb4 D:\Program Files (x86)\Cypress\PSoC Creator\3.1\PSoC Creator\psoc\content\cycomponentlibrary\CyComponentLibrary.cylib\BLE_v1_20\Library\gccCyBLEStack_BLE_SOC_PERIPHERAL.a(CyBleStackMgr_BleSSDriver.o)

i.CyBle_ExitDsmMode
                0x00003a88       0x2c
 i.CyBle_ExitDsmMode
                0x00003a88       0x2c D:\Program Files (x86)\Cypress\PSoC Creator\3.1\PSoC Creator\psoc\content\cycomponentlibrary\CyComponentLibrary.cylib\BLE_v1_20\Library\gccCyBLEStack_BLE_SOC_PERIPHERAL.a(CyBleStackMgr_BleSSDriver.o)
                0x00003a88                CyBle_ExitDsmMode

i.CyBle_GetBleSsOperationalMode
                0x00003ab4        0xc
 i.CyBle_GetBleSsOperationalMode
                0x00003ab4        0xc D:\Program Files (x86)\Cypress\PSoC Creator\3.1\PSoC Creator\psoc\content\cycomponentlibrary\CyComponentLibrary.cylib\BLE_v1_20\Library\gccCyBLEStack_BLE_SOC_PERIPHERAL.a(CyBleStackMgr_BleSSDriver.o)
                0x00003ab4                CyBle_GetBleSsOperationalMode

i.CyBle_GetLpMode
                0x00003ac0       0x26
 i.CyBle_GetLpMode
                0x00003ac0       0x26 D:\Program Files (x86)\Cypress\PSoC Creator\3.1\PSoC Creator\psoc\content\cycomponentlibrary\CyComponentLibrary.cylib\BLE_v1_20\Library\gccCyBLEStack_BLE_SOC_PERIPHERAL.a(CyBleStackMgr_BleSSDriver.o)
                0x00003ac0                CyBle_GetLpMode

i.CyBle_GetTxGainMode
                0x00003ae8       0x2c
 i.CyBle_GetTxGainMode
                0x00003ae8       0x2c D:\Program Files (x86)\Cypress\PSoC Creator\3.1\PSoC Creator\psoc\content\cycomponentlibrary\CyComponentLibrary.cylib\BLE_v1_20\Library\gccCyBLEStack_BLE_SOC_PERIPHERAL.a(CyBleStackMgr_BleSSDriver.o)
                0x00003ae8                CyBle_GetTxGainMode

i.CyBle_SetBleSsOperationalMode
                0x00003b14       0x20
 i.CyBle_SetBleSsOperationalMode
                0x00003b14       0x20 D:\Program Files (x86)\Cypress\PSoC Creator\3.1\PSoC Creator\psoc\content\cycomponentlibrary\CyComponentLibrary.cylib\BLE_v1_20\Library\gccCyBLEStack_BLE_SOC_PERIPHERAL.a(CyBleStackMgr_BleSSDriver.o)
                0x00003b14                CyBle_SetBleSsOperationalMode

i.CyBle_SetEventCloseState
                0x00003b34        0xc
 i.CyBle_SetEventCloseState
                0x00003b34        0xc D:\Program Files (x86)\Cypress\PSoC Creator\3.1\PSoC Creator\psoc\content\cycomponentlibrary\CyComponentLibrary.cylib\BLE_v1_20\Library\gccCyBLEStack_BLE_SOC_PERIPHERAL.a(CyBleStackMgr_BleSSDriver.o)
                0x00003b34                CyBle_SetEventCloseState

i.CyBle_SetRxGainMode
                0x00003b40       0x20
 i.CyBle_SetRxGainMode
                0x00003b40       0x20 D:\Program Files (x86)\Cypress\PSoC Creator\3.1\PSoC Creator\psoc\content\cycomponentlibrary\CyComponentLibrary.cylib\BLE_v1_20\Library\gccCyBLEStack_BLE_SOC_PERIPHERAL.a(CyBleStackMgr_BleSSDriver.o)
                0x00003b40                CyBle_SetRxGainMode

i.CyBle_SetTxGainMode
                0x00003b60       0x38
 i.CyBle_SetTxGainMode
                0x00003b60       0x38 D:\Program Files (x86)\Cypress\PSoC Creator\3.1\PSoC Creator\psoc\content\cycomponentlibrary\CyComponentLibrary.cylib\BLE_v1_20\Library\gccCyBLEStack_BLE_SOC_PERIPHERAL.a(CyBleStackMgr_BleSSDriver.o)
                0x00003b60                CyBle_SetTxGainMode

i.pf_rf_get_abs_rssi
                0x00003b98       0x24
 i.pf_rf_get_abs_rssi
                0x00003b98       0x24 D:\Program Files (x86)\Cypress\PSoC Creator\3.1\PSoC Creator\psoc\content\cycomponentlibrary\CyComponentLibrary.cylib\BLE_v1_20\Library\gccCyBLEStack_BLE_SOC_PERIPHERAL.a(CyBleStackMgr_BleSSDriver.o)
                0x00003b98                pf_rf_get_abs_rssi

i.OS_init       0x00003bbc       0x64
 i.OS_init      0x00003bbc       0x64 D:\Program Files (x86)\Cypress\PSoC Creator\3.1\PSoC Creator\psoc\content\cycomponentlibrary\CyComponentLibrary.cylib\BLE_v1_20\Library\gccCyBLEStack_BLE_SOC_PERIPHERAL.a(mint_os.o)
                0x00003bbc                OS_init

i.mintos_malloc
                0x00003c20       0x34
 i.mintos_malloc
                0x00003c20       0x34 D:\Program Files (x86)\Cypress\PSoC Creator\3.1\PSoC Creator\psoc\content\cycomponentlibrary\CyComponentLibrary.cylib\BLE_v1_20\Library\gccCyBLEStack_BLE_SOC_PERIPHERAL.a(mint_os.o)
                0x00003c20                mintos_malloc

i.OS_create_queue
                0x00003c54       0x64
 i.OS_create_queue
                0x00003c54       0x64 D:\Program Files (x86)\Cypress\PSoC Creator\3.1\PSoC Creator\psoc\content\cycomponentlibrary\CyComponentLibrary.cylib\BLE_v1_20\Library\gccCyBLEStack_BLE_SOC_PERIPHERAL.a(mint_os_queue.o)
                0x00003c54                OS_create_queue

i.OS_enqueue_item
                0x00003cb8       0x8c
 i.OS_enqueue_item
                0x00003cb8       0x8c D:\Program Files (x86)\Cypress\PSoC Creator\3.1\PSoC Creator\psoc\content\cycomponentlibrary\CyComponentLibrary.cylib\BLE_v1_20\Library\gccCyBLEStack_BLE_SOC_PERIPHERAL.a(mint_os_queue.o)
                0x00003cb8                OS_enqueue_item

i.OS_queue_get_num_of_items
                0x00003d44       0x28
 i.OS_queue_get_num_of_items
                0x00003d44       0x28 D:\Program Files (x86)\Cypress\PSoC Creator\3.1\PSoC Creator\psoc\content\cycomponentlibrary\CyComponentLibrary.cylib\BLE_v1_20\Library\gccCyBLEStack_BLE_SOC_PERIPHERAL.a(mint_os_queue.o)
                0x00003d44                OS_queue_get_num_of_items

i.OS_queue_mgmt_init
                0x00003d6c       0x40
 i.OS_queue_mgmt_init
                0x00003d6c       0x40 D:\Program Files (x86)\Cypress\PSoC Creator\3.1\PSoC Creator\psoc\content\cycomponentlibrary\CyComponentLibrary.cylib\BLE_v1_20\Library\gccCyBLEStack_BLE_SOC_PERIPHERAL.a(mint_os_queue.o)
                0x00003d6c                OS_queue_mgmt_init

i.OS_remove_item
                0x00003dac       0xa0
 i.OS_remove_item
                0x00003dac       0xa0 D:\Program Files (x86)\Cypress\PSoC Creator\3.1\PSoC Creator\psoc\content\cycomponentlibrary\CyComponentLibrary.cylib\BLE_v1_20\Library\gccCyBLEStack_BLE_SOC_PERIPHERAL.a(mint_os_queue.o)
                0x00003dac                OS_remove_item

i.OS_create_task
                0x00003e4c       0x88
 i.OS_create_task
                0x00003e4c       0x88 D:\Program Files (x86)\Cypress\PSoC Creator\3.1\PSoC Creator\psoc\content\cycomponentlibrary\CyComponentLibrary.cylib\BLE_v1_20\Library\gccCyBLEStack_BLE_SOC_PERIPHERAL.a(mint_os_task.o)
                0x00003e4c                OS_create_task

i.OS_isr_send_signal_to_task
                0x00003ed4        0xc
 i.OS_isr_send_signal_to_task
                0x00003ed4        0xc D:\Program Files (x86)\Cypress\PSoC Creator\3.1\PSoC Creator\psoc\content\cycomponentlibrary\CyComponentLibrary.cylib\BLE_v1_20\Library\gccCyBLEStack_BLE_SOC_PERIPHERAL.a(mint_os_task.o)
                0x00003ed4                OS_isr_send_signal_to_task

i.OS_scheduler  0x00003ee0       0x64
 i.OS_scheduler
                0x00003ee0       0x64 D:\Program Files (x86)\Cypress\PSoC Creator\3.1\PSoC Creator\psoc\content\cycomponentlibrary\CyComponentLibrary.cylib\BLE_v1_20\Library\gccCyBLEStack_BLE_SOC_PERIPHERAL.a(mint_os_task.o)
                0x00003ee0                OS_scheduler

i.OS_send_signal_to_task
                0x00003f44        0xc
 i.OS_send_signal_to_task
                0x00003f44        0xc D:\Program Files (x86)\Cypress\PSoC Creator\3.1\PSoC Creator\psoc\content\cycomponentlibrary\CyComponentLibrary.cylib\BLE_v1_20\Library\gccCyBLEStack_BLE_SOC_PERIPHERAL.a(mint_os_task.o)
                0x00003f44                OS_send_signal_to_task

i.OS_send_signal_to_task_context
                0x00003f50       0x3c
 i.OS_send_signal_to_task_context
                0x00003f50       0x3c D:\Program Files (x86)\Cypress\PSoC Creator\3.1\PSoC Creator\psoc\content\cycomponentlibrary\CyComponentLibrary.cylib\BLE_v1_20\Library\gccCyBLEStack_BLE_SOC_PERIPHERAL.a(mint_os_task.o)

i.OS_task_mgmt_init
                0x00003f8c       0x50
 i.OS_task_mgmt_init
                0x00003f8c       0x50 D:\Program Files (x86)\Cypress\PSoC Creator\3.1\PSoC Creator\psoc\content\cycomponentlibrary\CyComponentLibrary.cylib\BLE_v1_20\Library\gccCyBLEStack_BLE_SOC_PERIPHERAL.a(mint_os_task.o)
                0x00003f8c                OS_task_mgmt_init

i.mint_buf_mgmt_allocate_buffer
                0x00003fdc       0x4c
 i.mint_buf_mgmt_allocate_buffer
                0x00003fdc       0x4c D:\Program Files (x86)\Cypress\PSoC Creator\3.1\PSoC Creator\psoc\content\cycomponentlibrary\CyComponentLibrary.cylib\BLE_v1_20\Library\gccCyBLEStack_BLE_SOC_PERIPHERAL.a(mint_buf_mgmt.o)
                0x00003fdc                mint_buf_mgmt_allocate_buffer

i.mint_buf_mgmt_create_pool
                0x00004028       0xd8
 i.mint_buf_mgmt_create_pool
                0x00004028       0xd8 D:\Program Files (x86)\Cypress\PSoC Creator\3.1\PSoC Creator\psoc\content\cycomponentlibrary\CyComponentLibrary.cylib\BLE_v1_20\Library\gccCyBLEStack_BLE_SOC_PERIPHERAL.a(mint_buf_mgmt.o)
                0x00004028                mint_buf_mgmt_create_pool

i.mint_buf_mgmt_free_buffer
                0x00004100       0xa4
 i.mint_buf_mgmt_free_buffer
                0x00004100       0xa4 D:\Program Files (x86)\Cypress\PSoC Creator\3.1\PSoC Creator\psoc\content\cycomponentlibrary\CyComponentLibrary.cylib\BLE_v1_20\Library\gccCyBLEStack_BLE_SOC_PERIPHERAL.a(mint_buf_mgmt.o)
                0x00004100                mint_buf_mgmt_free_buffer

i.mint_buf_mgmt_get_free_heap
                0x000041a4       0x1c
 i.mint_buf_mgmt_get_free_heap
                0x000041a4       0x1c D:\Program Files (x86)\Cypress\PSoC Creator\3.1\PSoC Creator\psoc\content\cycomponentlibrary\CyComponentLibrary.cylib\BLE_v1_20\Library\gccCyBLEStack_BLE_SOC_PERIPHERAL.a(mint_buf_mgmt.o)
                0x000041a4                mint_buf_mgmt_get_free_heap

i.mint_buf_mgmt_init
                0x000041c0       0x44
 i.mint_buf_mgmt_init
                0x000041c0       0x44 D:\Program Files (x86)\Cypress\PSoC Creator\3.1\PSoC Creator\psoc\content\cycomponentlibrary\CyComponentLibrary.cylib\BLE_v1_20\Library\gccCyBLEStack_BLE_SOC_PERIPHERAL.a(mint_buf_mgmt.o)
                0x000041c0                mint_buf_mgmt_init

i.mint_buf_mgmt_malloc
                0x00004204       0x2c
 i.mint_buf_mgmt_malloc
                0x00004204       0x2c D:\Program Files (x86)\Cypress\PSoC Creator\3.1\PSoC Creator\psoc\content\cycomponentlibrary\CyComponentLibrary.cylib\BLE_v1_20\Library\gccCyBLEStack_BLE_SOC_PERIPHERAL.a(mint_buf_mgmt.o)
                0x00004204                mint_buf_mgmt_malloc

i.mint_buf_mgmt_reset_pool
                0x00004230       0x70
 i.mint_buf_mgmt_reset_pool
                0x00004230       0x70 D:\Program Files (x86)\Cypress\PSoC Creator\3.1\PSoC Creator\psoc\content\cycomponentlibrary\CyComponentLibrary.cylib\BLE_v1_20\Library\gccCyBLEStack_BLE_SOC_PERIPHERAL.a(mint_buf_mgmt.o)
                0x00004230                mint_buf_mgmt_reset_pool

i.mint_buf_mgmt_stack_init
                0x000042a0       0x24
 i.mint_buf_mgmt_stack_init
                0x000042a0       0x24 D:\Program Files (x86)\Cypress\PSoC Creator\3.1\PSoC Creator\psoc\content\cycomponentlibrary\CyComponentLibrary.cylib\BLE_v1_20\Library\gccCyBLEStack_BLE_SOC_PERIPHERAL.a(mint_buf_mgmt.o)
                0x000042a0                mint_buf_mgmt_stack_init

i.mint_buf_mgmt_stack_pop
                0x000042c4       0x36
 i.mint_buf_mgmt_stack_pop
                0x000042c4       0x36 D:\Program Files (x86)\Cypress\PSoC Creator\3.1\PSoC Creator\psoc\content\cycomponentlibrary\CyComponentLibrary.cylib\BLE_v1_20\Library\gccCyBLEStack_BLE_SOC_PERIPHERAL.a(mint_buf_mgmt.o)
                0x000042c4                mint_buf_mgmt_stack_pop

i.mint_buf_mgmt_stack_push
                0x000042fa       0x36
 i.mint_buf_mgmt_stack_push
                0x000042fa       0x36 D:\Program Files (x86)\Cypress\PSoC Creator\3.1\PSoC Creator\psoc\content\cycomponentlibrary\CyComponentLibrary.cylib\BLE_v1_20\Library\gccCyBLEStack_BLE_SOC_PERIPHERAL.a(mint_buf_mgmt.o)
                0x000042fa                mint_buf_mgmt_stack_push

i.mint_buf_mgmt_stack_reset
                0x00004330       0x1e
 i.mint_buf_mgmt_stack_reset
                0x00004330       0x1e D:\Program Files (x86)\Cypress\PSoC Creator\3.1\PSoC Creator\psoc\content\cycomponentlibrary\CyComponentLibrary.cylib\BLE_v1_20\Library\gccCyBLEStack_BLE_SOC_PERIPHERAL.a(mint_buf_mgmt.o)
                0x00004330                mint_buf_mgmt_stack_reset

i.mint_buf_mgmt_stack_search_item
                0x0000434e       0x30
 i.mint_buf_mgmt_stack_search_item
                0x0000434e       0x30 D:\Program Files (x86)\Cypress\PSoC Creator\3.1\PSoC Creator\psoc\content\cycomponentlibrary\CyComponentLibrary.cylib\BLE_v1_20\Library\gccCyBLEStack_BLE_SOC_PERIPHERAL.a(mint_buf_mgmt.o)
                0x0000434e                mint_buf_mgmt_stack_search_item

i.mint_buf_mgmt_pl_init
                0x00004380       0x2c
 i.mint_buf_mgmt_pl_init
                0x00004380       0x2c D:\Program Files (x86)\Cypress\PSoC Creator\3.1\PSoC Creator\psoc\content\cycomponentlibrary\CyComponentLibrary.cylib\BLE_v1_20\Library\gccCyBLEStack_BLE_SOC_PERIPHERAL.a(mint_buf_mgmt_pl.o)
                0x00004380                mint_buf_mgmt_pl_init

i.CyBleControllerIP_GetPingState
                0x000043ac        0xc
 i.CyBleControllerIP_GetPingState
                0x000043ac        0xc D:\Program Files (x86)\Cypress\PSoC Creator\3.1\PSoC Creator\psoc\content\cycomponentlibrary\CyComponentLibrary.cylib\BLE_v1_20\Library\gccCyBLEStack_BLE_SOC_PERIPHERAL.a(CyBleControllerIP_Interface.o)
                0x000043ac                CyBleControllerIP_GetPingState

i.CyBleController_AddDeviceToWhiteList
                0x000043b8       0x40
 i.CyBleController_AddDeviceToWhiteList
                0x000043b8       0x40 D:\Program Files (x86)\Cypress\PSoC Creator\3.1\PSoC Creator\psoc\content\cycomponentlibrary\CyComponentLibrary.cylib\BLE_v1_20\Library\gccCyBLEStack_BLE_SOC_PERIPHERAL.a(CyBleControllerIP_Interface.o)
                0x000043b8                CyBleController_AddDeviceToWhiteList

i.CyBleController_ExitLowPowerMode
                0x000043f8       0x10
 i.CyBleController_ExitLowPowerMode
                0x000043f8       0x10 D:\Program Files (x86)\Cypress\PSoC Creator\3.1\PSoC Creator\psoc\content\cycomponentlibrary\CyComponentLibrary.cylib\BLE_v1_20\Library\gccCyBLEStack_BLE_SOC_PERIPHERAL.a(CyBleControllerIP_Interface.o)
                0x000043f8                CyBleController_ExitLowPowerMode

i.CyBleController_Init
                0x00004408       0x3c
 i.CyBleController_Init
                0x00004408       0x3c D:\Program Files (x86)\Cypress\PSoC Creator\3.1\PSoC Creator\psoc\content\cycomponentlibrary\CyComponentLibrary.cylib\BLE_v1_20\Library\gccCyBLEStack_BLE_SOC_PERIPHERAL.a(CyBleControllerIP_Interface.o)
                0x00004408                CyBleController_Init

i.CyBleController_SetDeviceAddress
                0x00004444       0x2e
 i.CyBleController_SetDeviceAddress
                0x00004444       0x2e D:\Program Files (x86)\Cypress\PSoC Creator\3.1\PSoC Creator\psoc\content\cycomponentlibrary\CyComponentLibrary.cylib\BLE_v1_20\Library\gccCyBLEStack_BLE_SOC_PERIPHERAL.a(CyBleControllerIP_Interface.o)
                0x00004444                CyBleController_SetDeviceAddress

i.CyBle_GetTxPowerLevel
                0x00004472       0x4e
 i.CyBle_GetTxPowerLevel
                0x00004472       0x4e D:\Program Files (x86)\Cypress\PSoC Creator\3.1\PSoC Creator\psoc\content\cycomponentlibrary\CyComponentLibrary.cylib\BLE_v1_20\Library\gccCyBLEStack_BLE_SOC_PERIPHERAL.a(CyBleControllerIP_Interface.o)
                0x00004472                CyBle_GetTxPowerLevel

i.CyBle_SetTxPowerLevel
                0x000044c0       0x56
 i.CyBle_SetTxPowerLevel
                0x000044c0       0x56 D:\Program Files (x86)\Cypress\PSoC Creator\3.1\PSoC Creator\psoc\content\cycomponentlibrary\CyComponentLibrary.cylib\BLE_v1_20\Library\gccCyBLEStack_BLE_SOC_PERIPHERAL.a(CyBleControllerIP_Interface.o)
                0x000044c0                CyBle_SetTxPowerLevel

i.ll_check_and_mark_packet_ready_for_transmission
                0x00004518       0x28
 i.ll_check_and_mark_packet_ready_for_transmission
                0x00004518       0x28 D:\Program Files (x86)\Cypress\PSoC Creator\3.1\PSoC Creator\psoc\content\cycomponentlibrary\CyComponentLibrary.cylib\BLE_v1_20\Library\gccCyBLEStack_BLE_SOC_PERIPHERAL.a(ll.o)
                0x00004518                ll_check_and_mark_packet_ready_for_transmission

i.ll_cleanup_pending_data_pdu
                0x00004540       0x38
 i.ll_cleanup_pending_data_pdu
                0x00004540       0x38 D:\Program Files (x86)\Cypress\PSoC Creator\3.1\PSoC Creator\psoc\content\cycomponentlibrary\CyComponentLibrary.cylib\BLE_v1_20\Library\gccCyBLEStack_BLE_SOC_PERIPHERAL.a(ll.o)
                0x00004540                ll_cleanup_pending_data_pdu

i.ll_exit_low_power_mode
                0x00004578       0xac
 i.ll_exit_low_power_mode
                0x00004578       0xac D:\Program Files (x86)\Cypress\PSoC Creator\3.1\PSoC Creator\psoc\content\cycomponentlibrary\CyComponentLibrary.cylib\BLE_v1_20\Library\gccCyBLEStack_BLE_SOC_PERIPHERAL.a(ll.o)
                0x00004578                ll_exit_low_power_mode

i.ll_get_ack_status
                0x00004624       0x3c
 i.ll_get_ack_status
                0x00004624       0x3c D:\Program Files (x86)\Cypress\PSoC Creator\3.1\PSoC Creator\psoc\content\cycomponentlibrary\CyComponentLibrary.cylib\BLE_v1_20\Library\gccCyBLEStack_BLE_SOC_PERIPHERAL.a(ll.o)
                0x00004624                ll_get_ack_status

i.ll_get_adv_ch_tx_power
                0x00004660       0x20
 i.ll_get_adv_ch_tx_power
                0x00004660       0x20 D:\Program Files (x86)\Cypress\PSoC Creator\3.1\PSoC Creator\psoc\content\cycomponentlibrary\CyComponentLibrary.cylib\BLE_v1_20\Library\gccCyBLEStack_BLE_SOC_PERIPHERAL.a(ll.o)
                0x00004660                ll_get_adv_ch_tx_power

i.ll_get_data_channel_map
                0x00004680       0x24
 i.ll_get_data_channel_map
                0x00004680       0x24 D:\Program Files (x86)\Cypress\PSoC Creator\3.1\PSoC Creator\psoc\content\cycomponentlibrary\CyComponentLibrary.cylib\BLE_v1_20\Library\gccCyBLEStack_BLE_SOC_PERIPHERAL.a(ll.o)
                0x00004680                ll_get_data_channel_map

i.ll_get_max_white_list_size
                0x000046a4        0xc
 i.ll_get_max_white_list_size
                0x000046a4        0xc D:\Program Files (x86)\Cypress\PSoC Creator\3.1\PSoC Creator\psoc\content\cycomponentlibrary\CyComponentLibrary.cylib\BLE_v1_20\Library\gccCyBLEStack_BLE_SOC_PERIPHERAL.a(ll.o)
                0x000046a4                ll_get_max_white_list_size

i.ll_get_my_role
                0x000046b0        0xc
 i.ll_get_my_role
                0x000046b0        0xc D:\Program Files (x86)\Cypress\PSoC Creator\3.1\PSoC Creator\psoc\content\cycomponentlibrary\CyComponentLibrary.cylib\BLE_v1_20\Library\gccCyBLEStack_BLE_SOC_PERIPHERAL.a(ll.o)
                0x000046b0                ll_get_my_role

i.ll_get_next_available_fifo_for_data_pdu
                0x000046bc        0x8
 i.ll_get_next_available_fifo_for_data_pdu
                0x000046bc        0x8 D:\Program Files (x86)\Cypress\PSoC Creator\3.1\PSoC Creator\psoc\content\cycomponentlibrary\CyComponentLibrary.cylib\BLE_v1_20\Library\gccCyBLEStack_BLE_SOC_PERIPHERAL.a(ll.o)
                0x000046bc                ll_get_next_available_fifo_for_data_pdu

i.ll_get_next_available_fifo_for_ll_pdu
                0x000046c4       0x24
 i.ll_get_next_available_fifo_for_ll_pdu
                0x000046c4       0x24 D:\Program Files (x86)\Cypress\PSoC Creator\3.1\PSoC Creator\psoc\content\cycomponentlibrary\CyComponentLibrary.cylib\BLE_v1_20\Library\gccCyBLEStack_BLE_SOC_PERIPHERAL.a(ll.o)
                0x000046c4                ll_get_next_available_fifo_for_ll_pdu

i.ll_get_rssi_value
                0x000046e8       0x26
 i.ll_get_rssi_value
                0x000046e8       0x26 D:\Program Files (x86)\Cypress\PSoC Creator\3.1\PSoC Creator\psoc\content\cycomponentlibrary\CyComponentLibrary.cylib\BLE_v1_20\Library\gccCyBLEStack_BLE_SOC_PERIPHERAL.a(ll.o)
                0x000046e8                ll_get_rssi_value

i.ll_get_transmit_power_level
                0x00004710       0x2c
 i.ll_get_transmit_power_level
                0x00004710       0x2c D:\Program Files (x86)\Cypress\PSoC Creator\3.1\PSoC Creator\psoc\content\cycomponentlibrary\CyComponentLibrary.cylib\BLE_v1_20\Library\gccCyBLEStack_BLE_SOC_PERIPHERAL.a(ll.o)
                0x00004710                ll_get_transmit_power_level

i.ll_handle_ack_received
                0x0000473c       0x74
 i.ll_handle_ack_received
                0x0000473c       0x74 D:\Program Files (x86)\Cypress\PSoC Creator\3.1\PSoC Creator\psoc\content\cycomponentlibrary\CyComponentLibrary.cylib\BLE_v1_20\Library\gccCyBLEStack_BLE_SOC_PERIPHERAL.a(ll.o)
                0x0000473c                ll_handle_ack_received

i.ll_handle_add_device_in_whitelist
                0x000047b0       0x3a
 i.ll_handle_add_device_in_whitelist
                0x000047b0       0x3a D:\Program Files (x86)\Cypress\PSoC Creator\3.1\PSoC Creator\psoc\content\cycomponentlibrary\CyComponentLibrary.cylib\BLE_v1_20\Library\gccCyBLEStack_BLE_SOC_PERIPHERAL.a(ll.o)
                0x000047b0                ll_handle_add_device_in_whitelist

i.ll_handle_clear_whitelist
                0x000047ea       0x16
 i.ll_handle_clear_whitelist
                0x000047ea       0x16 D:\Program Files (x86)\Cypress\PSoC Creator\3.1\PSoC Creator\psoc\content\cycomponentlibrary\CyComponentLibrary.cylib\BLE_v1_20\Library\gccCyBLEStack_BLE_SOC_PERIPHERAL.a(ll.o)
                0x000047ea                ll_handle_clear_whitelist

i.ll_handle_encrypt_host_data
                0x00004800       0x36
 i.ll_handle_encrypt_host_data
                0x00004800       0x36 D:\Program Files (x86)\Cypress\PSoC Creator\3.1\PSoC Creator\psoc\content\cycomponentlibrary\CyComponentLibrary.cylib\BLE_v1_20\Library\gccCyBLEStack_BLE_SOC_PERIPHERAL.a(ll.o)
                0x00004800                ll_handle_encrypt_host_data

i.ll_handle_host_data_packet
                0x00004836       0x54
 i.ll_handle_host_data_packet
                0x00004836       0x54 D:\Program Files (x86)\Cypress\PSoC Creator\3.1\PSoC Creator\psoc\content\cycomponentlibrary\CyComponentLibrary.cylib\BLE_v1_20\Library\gccCyBLEStack_BLE_SOC_PERIPHERAL.a(ll.o)
                0x00004836                ll_handle_host_data_packet

i.ll_handle_read_host_channel_map
                0x0000488a        0x4
 i.ll_handle_read_host_channel_map
                0x0000488a        0x4 D:\Program Files (x86)\Cypress\PSoC Creator\3.1\PSoC Creator\psoc\content\cycomponentlibrary\CyComponentLibrary.cylib\BLE_v1_20\Library\gccCyBLEStack_BLE_SOC_PERIPHERAL.a(ll.o)
                0x0000488a                ll_handle_read_host_channel_map

i.ll_handle_remove_device_in_whitelist
                0x0000488e       0x2a
 i.ll_handle_remove_device_in_whitelist
                0x0000488e       0x2a D:\Program Files (x86)\Cypress\PSoC Creator\3.1\PSoC Creator\psoc\content\cycomponentlibrary\CyComponentLibrary.cylib\BLE_v1_20\Library\gccCyBLEStack_BLE_SOC_PERIPHERAL.a(ll.o)
                0x0000488e                ll_handle_remove_device_in_whitelist

i.ll_handle_reset
                0x000048b8        0xe
 i.ll_handle_reset
                0x000048b8        0xe D:\Program Files (x86)\Cypress\PSoC Creator\3.1\PSoC Creator\psoc\content\cycomponentlibrary\CyComponentLibrary.cylib\BLE_v1_20\Library\gccCyBLEStack_BLE_SOC_PERIPHERAL.a(ll.o)
                0x000048b8                ll_handle_reset

i.ll_handle_set_random_address
                0x000048c6       0x36
 i.ll_handle_set_random_address
                0x000048c6       0x36 D:\Program Files (x86)\Cypress\PSoC Creator\3.1\PSoC Creator\psoc\content\cycomponentlibrary\CyComponentLibrary.cylib\BLE_v1_20\Library\gccCyBLEStack_BLE_SOC_PERIPHERAL.a(ll.o)
                0x000048c6                ll_handle_set_random_address

i.ll_init       0x000048fc       0x18
 i.ll_init      0x000048fc       0x18 D:\Program Files (x86)\Cypress\PSoC Creator\3.1\PSoC Creator\psoc\content\cycomponentlibrary\CyComponentLibrary.cylib\BLE_v1_20\Library\gccCyBLEStack_BLE_SOC_PERIPHERAL.a(ll.o)
                0x000048fc                ll_init

i.ll_initialize_device_attributes
                0x00004914       0x4c
 i.ll_initialize_device_attributes
                0x00004914       0x4c D:\Program Files (x86)\Cypress\PSoC Creator\3.1\PSoC Creator\psoc\content\cycomponentlibrary\CyComponentLibrary.cylib\BLE_v1_20\Library\gccCyBLEStack_BLE_SOC_PERIPHERAL.a(ll.o)
                0x00004914                ll_initialize_device_attributes

i.ll_is_pkt_pending
                0x00004960       0x2a
 i.ll_is_pkt_pending
                0x00004960       0x2a D:\Program Files (x86)\Cypress\PSoC Creator\3.1\PSoC Creator\psoc\content\cycomponentlibrary\CyComponentLibrary.cylib\BLE_v1_20\Library\gccCyBLEStack_BLE_SOC_PERIPHERAL.a(ll.o)
                0x00004960                ll_is_pkt_pending

i.ll_is_sent_pkt_pending
                0x0000498a       0x1a
 i.ll_is_sent_pkt_pending
                0x0000498a       0x1a D:\Program Files (x86)\Cypress\PSoC Creator\3.1\PSoC Creator\psoc\content\cycomponentlibrary\CyComponentLibrary.cylib\BLE_v1_20\Library\gccCyBLEStack_BLE_SOC_PERIPHERAL.a(ll.o)
                0x0000498a                ll_is_sent_pkt_pending

i.ll_isr_exit_low_power_mode
                0x000049a4       0x16
 i.ll_isr_exit_low_power_mode
                0x000049a4       0x16 D:\Program Files (x86)\Cypress\PSoC Creator\3.1\PSoC Creator\psoc\content\cycomponentlibrary\CyComponentLibrary.cylib\BLE_v1_20\Library\gccCyBLEStack_BLE_SOC_PERIPHERAL.a(ll.o)
                0x000049a4                ll_isr_exit_low_power_mode

i.ll_load_host_data_packet
                0x000049ba       0x4a
 i.ll_load_host_data_packet
                0x000049ba       0x4a D:\Program Files (x86)\Cypress\PSoC Creator\3.1\PSoC Creator\psoc\content\cycomponentlibrary\CyComponentLibrary.cylib\BLE_v1_20\Library\gccCyBLEStack_BLE_SOC_PERIPHERAL.a(ll.o)
                0x000049ba                ll_load_host_data_packet

i.ll_load_packet_to_fifo
                0x00004a04       0x6e
 i.ll_load_packet_to_fifo
                0x00004a04       0x6e D:\Program Files (x86)\Cypress\PSoC Creator\3.1\PSoC Creator\psoc\content\cycomponentlibrary\CyComponentLibrary.cylib\BLE_v1_20\Library\gccCyBLEStack_BLE_SOC_PERIPHERAL.a(ll.o)
                0x00004a04                ll_load_packet_to_fifo

i.ll_process_acks
                0x00004a72       0x3c
 i.ll_process_acks
                0x00004a72       0x3c D:\Program Files (x86)\Cypress\PSoC Creator\3.1\PSoC Creator\psoc\content\cycomponentlibrary\CyComponentLibrary.cylib\BLE_v1_20\Library\gccCyBLEStack_BLE_SOC_PERIPHERAL.a(ll.o)
                0x00004a72                ll_process_acks

i.ll_reset      0x00004aae       0x12
 i.ll_reset     0x00004aae       0x12 D:\Program Files (x86)\Cypress\PSoC Creator\3.1\PSoC Creator\psoc\content\cycomponentlibrary\CyComponentLibrary.cylib\BLE_v1_20\Library\gccCyBLEStack_BLE_SOC_PERIPHERAL.a(ll.o)
                0x00004aae                ll_reset

i.ll_update_active_features
                0x00004ac0       0x58
 i.ll_update_active_features
                0x00004ac0       0x58 D:\Program Files (x86)\Cypress\PSoC Creator\3.1\PSoC Creator\psoc\content\cycomponentlibrary\CyComponentLibrary.cylib\BLE_v1_20\Library\gccCyBLEStack_BLE_SOC_PERIPHERAL.a(ll.o)
                0x00004ac0                ll_update_active_features

i.ll_update_device_fsm
                0x00004b18        0x8
 i.ll_update_device_fsm
                0x00004b18        0x8 D:\Program Files (x86)\Cypress\PSoC Creator\3.1\PSoC Creator\psoc\content\cycomponentlibrary\CyComponentLibrary.cylib\BLE_v1_20\Library\gccCyBLEStack_BLE_SOC_PERIPHERAL.a(ll.o)
                0x00004b18                ll_update_device_fsm

i.pf_le_start_timer
                0x00004b20       0x16
 i.pf_le_start_timer
                0x00004b20       0x16 D:\Program Files (x86)\Cypress\PSoC Creator\3.1\PSoC Creator\psoc\content\cycomponentlibrary\CyComponentLibrary.cylib\BLE_v1_20\Library\gccCyBLEStack_BLE_SOC_PERIPHERAL.a(ll.o)
                0x00004b20                pf_le_start_timer

i.pf_le_stop_timer
                0x00004b36       0x12
 i.pf_le_stop_timer
                0x00004b36       0x12 D:\Program Files (x86)\Cypress\PSoC Creator\3.1\PSoC Creator\psoc\content\cycomponentlibrary\CyComponentLibrary.cylib\BLE_v1_20\Library\gccCyBLEStack_BLE_SOC_PERIPHERAL.a(ll.o)
                0x00004b36                pf_le_stop_timer

i.CyBleControllerIP_TuneAdvEventInterPktSlots
                0x00004b48       0x44
 i.CyBleControllerIP_TuneAdvEventInterPktSlots
                0x00004b48       0x44 D:\Program Files (x86)\Cypress\PSoC Creator\3.1\PSoC Creator\psoc\content\cycomponentlibrary\CyComponentLibrary.cylib\BLE_v1_20\Library\gccCyBLEStack_BLE_SOC_PERIPHERAL.a(ll_advertiser.o)
                0x00004b48                CyBleControllerIP_TuneAdvEventInterPktSlots

i.ll_adv_is_configured_connection_adv
                0x00004b8c       0x1e
 i.ll_adv_is_configured_connection_adv
                0x00004b8c       0x1e D:\Program Files (x86)\Cypress\PSoC Creator\3.1\PSoC Creator\psoc\content\cycomponentlibrary\CyComponentLibrary.cylib\BLE_v1_20\Library\gccCyBLEStack_BLE_SOC_PERIPHERAL.a(ll_advertiser.o)
                0x00004b8c                ll_adv_is_configured_connection_adv

i.ll_check_random_address_in_use_by_advertiser
                0x00004baa       0x10
 i.ll_check_random_address_in_use_by_advertiser
                0x00004baa       0x10 D:\Program Files (x86)\Cypress\PSoC Creator\3.1\PSoC Creator\psoc\content\cycomponentlibrary\CyComponentLibrary.cylib\BLE_v1_20\Library\gccCyBLEStack_BLE_SOC_PERIPHERAL.a(ll_advertiser.o)
                0x00004baa                ll_check_random_address_in_use_by_advertiser

i.ll_check_whitelist_in_use_by_advertiser
                0x00004bba       0x10
 i.ll_check_whitelist_in_use_by_advertiser
                0x00004bba       0x10 D:\Program Files (x86)\Cypress\PSoC Creator\3.1\PSoC Creator\psoc\content\cycomponentlibrary\CyComponentLibrary.cylib\BLE_v1_20\Library\gccCyBLEStack_BLE_SOC_PERIPHERAL.a(ll_advertiser.o)
                0x00004bba                ll_check_whitelist_in_use_by_advertiser

i.ll_get_adv_status
                0x00004bca        0xc
 i.ll_get_adv_status
                0x00004bca        0xc D:\Program Files (x86)\Cypress\PSoC Creator\3.1\PSoC Creator\psoc\content\cycomponentlibrary\CyComponentLibrary.cylib\BLE_v1_20\Library\gccCyBLEStack_BLE_SOC_PERIPHERAL.a(ll_advertiser.o)
                0x00004bca                ll_get_adv_status

i.ll_get_adv_type
                0x00004bd6       0x16
 i.ll_get_adv_type
                0x00004bd6       0x16 D:\Program Files (x86)\Cypress\PSoC Creator\3.1\PSoC Creator\psoc\content\cycomponentlibrary\CyComponentLibrary.cylib\BLE_v1_20\Library\gccCyBLEStack_BLE_SOC_PERIPHERAL.a(ll_advertiser.o)
                0x00004bd6                ll_get_adv_type

i.ll_handle_adv_intr
                0x00004bec       0x50
 i.ll_handle_adv_intr
                0x00004bec       0x50 D:\Program Files (x86)\Cypress\PSoC Creator\3.1\PSoC Creator\psoc\content\cycomponentlibrary\CyComponentLibrary.cylib\BLE_v1_20\Library\gccCyBLEStack_BLE_SOC_PERIPHERAL.a(ll_advertiser.o)
                0x00004bec                ll_handle_adv_intr

i.ll_handle_set_adv_data
                0x00004c3c       0x14
 i.ll_handle_set_adv_data
                0x00004c3c       0x14 D:\Program Files (x86)\Cypress\PSoC Creator\3.1\PSoC Creator\psoc\content\cycomponentlibrary\CyComponentLibrary.cylib\BLE_v1_20\Library\gccCyBLEStack_BLE_SOC_PERIPHERAL.a(ll_advertiser.o)
                0x00004c3c                ll_handle_set_adv_data

i.ll_handle_set_adv_parameters
                0x00004c50       0x84
 i.ll_handle_set_adv_parameters
                0x00004c50       0x84 D:\Program Files (x86)\Cypress\PSoC Creator\3.1\PSoC Creator\psoc\content\cycomponentlibrary\CyComponentLibrary.cylib\BLE_v1_20\Library\gccCyBLEStack_BLE_SOC_PERIPHERAL.a(ll_advertiser.o)
                0x00004c50                ll_handle_set_adv_parameters

i.ll_handle_set_advertise_enable
                0x00004cd4       0x70
 i.ll_handle_set_advertise_enable
                0x00004cd4       0x70 D:\Program Files (x86)\Cypress\PSoC Creator\3.1\PSoC Creator\psoc\content\cycomponentlibrary\CyComponentLibrary.cylib\BLE_v1_20\Library\gccCyBLEStack_BLE_SOC_PERIPHERAL.a(ll_advertiser.o)
                0x00004cd4                ll_handle_set_advertise_enable

i.ll_handle_set_scan_resp_data
                0x00004d44       0x14
 i.ll_handle_set_scan_resp_data
                0x00004d44       0x14 D:\Program Files (x86)\Cypress\PSoC Creator\3.1\PSoC Creator\psoc\content\cycomponentlibrary\CyComponentLibrary.cylib\BLE_v1_20\Library\gccCyBLEStack_BLE_SOC_PERIPHERAL.a(ll_advertiser.o)
                0x00004d44                ll_handle_set_scan_resp_data

i.ll_init_advertiser
                0x00004d58       0x68
 i.ll_init_advertiser
                0x00004d58       0x68 D:\Program Files (x86)\Cypress\PSoC Creator\3.1\PSoC Creator\psoc\content\cycomponentlibrary\CyComponentLibrary.cylib\BLE_v1_20\Library\gccCyBLEStack_BLE_SOC_PERIPHERAL.a(ll_advertiser.o)
                0x00004d58                ll_init_advertiser

i.is_le_connection_handle
                0x00004dc0       0x28
 i.is_le_connection_handle
                0x00004dc0       0x28 D:\Program Files (x86)\Cypress\PSoC Creator\3.1\PSoC Creator\psoc\content\cycomponentlibrary\CyComponentLibrary.cylib\BLE_v1_20\Library\gccCyBLEStack_BLE_SOC_PERIPHERAL.a(ll_connection.o)
                0x00004dc0                is_le_connection_handle

i.le_assign_connection_handle
                0x00004de8       0x28
 i.le_assign_connection_handle
                0x00004de8       0x28 D:\Program Files (x86)\Cypress\PSoC Creator\3.1\PSoC Creator\psoc\content\cycomponentlibrary\CyComponentLibrary.cylib\BLE_v1_20\Library\gccCyBLEStack_BLE_SOC_PERIPHERAL.a(ll_connection.o)
                0x00004de8                le_assign_connection_handle

i.le_get_connection_index
                0x00004e10        0x6
 i.le_get_connection_index
                0x00004e10        0x6 D:\Program Files (x86)\Cypress\PSoC Creator\3.1\PSoC Creator\psoc\content\cycomponentlibrary\CyComponentLibrary.cylib\BLE_v1_20\Library\gccCyBLEStack_BLE_SOC_PERIPHERAL.a(ll_connection.o)
                0x00004e10                le_get_connection_index

i.ll_allocate_connection
                0x00004e18       0x44
 i.ll_allocate_connection
                0x00004e18       0x44 D:\Program Files (x86)\Cypress\PSoC Creator\3.1\PSoC Creator\psoc\content\cycomponentlibrary\CyComponentLibrary.cylib\BLE_v1_20\Library\gccCyBLEStack_BLE_SOC_PERIPHERAL.a(ll_connection.o)
                0x00004e18                ll_allocate_connection

i.ll_calculate_and_program_def_win_widen_drift
                0x00004e5c       0x14
 i.ll_calculate_and_program_def_win_widen_drift
                0x00004e5c       0x14 D:\Program Files (x86)\Cypress\PSoC Creator\3.1\PSoC Creator\psoc\content\cycomponentlibrary\CyComponentLibrary.cylib\BLE_v1_20\Library\gccCyBLEStack_BLE_SOC_PERIPHERAL.a(ll_connection.o)
                0x00004e5c                ll_calculate_and_program_def_win_widen_drift

i.ll_calculate_drift
                0x00004e70       0x2c
 i.ll_calculate_drift
                0x00004e70       0x2c D:\Program Files (x86)\Cypress\PSoC Creator\3.1\PSoC Creator\psoc\content\cycomponentlibrary\CyComponentLibrary.cylib\BLE_v1_20\Library\gccCyBLEStack_BLE_SOC_PERIPHERAL.a(ll_connection.o)
                0x00004e70                ll_calculate_drift

i.ll_check_and_decrypt_ll_pdu
                0x00004e9c       0x68
 i.ll_check_and_decrypt_ll_pdu
                0x00004e9c       0x68 D:\Program Files (x86)\Cypress\PSoC Creator\3.1\PSoC Creator\psoc\content\cycomponentlibrary\CyComponentLibrary.cylib\BLE_v1_20\Library\gccCyBLEStack_BLE_SOC_PERIPHERAL.a(ll_connection.o)
                0x00004e9c                ll_check_and_decrypt_ll_pdu

i.ll_check_and_decrypt_packet
                0x00004f04       0x6a
 i.ll_check_and_decrypt_packet
                0x00004f04       0x6a D:\Program Files (x86)\Cypress\PSoC Creator\3.1\PSoC Creator\psoc\content\cycomponentlibrary\CyComponentLibrary.cylib\BLE_v1_20\Library\gccCyBLEStack_BLE_SOC_PERIPHERAL.a(ll_connection.o)
                0x00004f04                ll_check_and_decrypt_packet

i.ll_check_and_encrypt_ll_pdu
                0x00004f6e       0x72
 i.ll_check_and_encrypt_ll_pdu
                0x00004f6e       0x72 D:\Program Files (x86)\Cypress\PSoC Creator\3.1\PSoC Creator\psoc\content\cycomponentlibrary\CyComponentLibrary.cylib\BLE_v1_20\Library\gccCyBLEStack_BLE_SOC_PERIPHERAL.a(ll_connection.o)
                0x00004f6e                ll_check_and_encrypt_ll_pdu

i.ll_check_and_encrypt_packet
                0x00004fe0       0x8a
 i.ll_check_and_encrypt_packet
                0x00004fe0       0x8a D:\Program Files (x86)\Cypress\PSoC Creator\3.1\PSoC Creator\psoc\content\cycomponentlibrary\CyComponentLibrary.cylib\BLE_v1_20\Library\gccCyBLEStack_BLE_SOC_PERIPHERAL.a(ll_connection.o)
                0x00004fe0                ll_check_and_encrypt_packet

i.ll_check_for_allowing_incoming_connection_update
                0x0000506a       0x42
 i.ll_check_for_allowing_incoming_connection_update
                0x0000506a       0x42 D:\Program Files (x86)\Cypress\PSoC Creator\3.1\PSoC Creator\psoc\content\cycomponentlibrary\CyComponentLibrary.cylib\BLE_v1_20\Library\gccCyBLEStack_BLE_SOC_PERIPHERAL.a(ll_connection.o)
                0x0000506a                ll_check_for_allowing_incoming_connection_update

i.ll_check_if_pdu_is_loaded_to_hardware
                0x000050ac       0x1c
 i.ll_check_if_pdu_is_loaded_to_hardware
                0x000050ac       0x1c D:\Program Files (x86)\Cypress\PSoC Creator\3.1\PSoC Creator\psoc\content\cycomponentlibrary\CyComponentLibrary.cylib\BLE_v1_20\Library\gccCyBLEStack_BLE_SOC_PERIPHERAL.a(ll_connection.o)
                0x000050ac                ll_check_if_pdu_is_loaded_to_hardware

i.ll_check_random_address_in_use_by_initiator
                0x000050c8       0x30
 i.ll_check_random_address_in_use_by_initiator
                0x000050c8       0x30 D:\Program Files (x86)\Cypress\PSoC Creator\3.1\PSoC Creator\psoc\content\cycomponentlibrary\CyComponentLibrary.cylib\BLE_v1_20\Library\gccCyBLEStack_BLE_SOC_PERIPHERAL.a(ll_connection.o)
                0x000050c8                ll_check_random_address_in_use_by_initiator

i.ll_check_white_list_in_use_by_initiator
                0x000050f8       0x30
 i.ll_check_white_list_in_use_by_initiator
                0x000050f8       0x30 D:\Program Files (x86)\Cypress\PSoC Creator\3.1\PSoC Creator\psoc\content\cycomponentlibrary\CyComponentLibrary.cylib\BLE_v1_20\Library\gccCyBLEStack_BLE_SOC_PERIPHERAL.a(ll_connection.o)
                0x000050f8                ll_check_white_list_in_use_by_initiator

i.ll_conn_free_enc_txn_buffer
                0x00005128       0x16
 i.ll_conn_free_enc_txn_buffer
                0x00005128       0x16 D:\Program Files (x86)\Cypress\PSoC Creator\3.1\PSoC Creator\psoc\content\cycomponentlibrary\CyComponentLibrary.cylib\BLE_v1_20\Library\gccCyBLEStack_BLE_SOC_PERIPHERAL.a(ll_connection.o)
                0x00005128                ll_conn_free_enc_txn_buffer

i.ll_conn_fsm_update_channel_state
                0x0000513e        0x6
 i.ll_conn_fsm_update_channel_state
                0x0000513e        0x6 D:\Program Files (x86)\Cypress\PSoC Creator\3.1\PSoC Creator\psoc\content\cycomponentlibrary\CyComponentLibrary.cylib\BLE_v1_20\Library\gccCyBLEStack_BLE_SOC_PERIPHERAL.a(ll_connection.o)
                0x0000513e                ll_conn_fsm_update_channel_state

i.ll_conn_fsm_update_conn_update_state
                0x00005144        0x6
 i.ll_conn_fsm_update_conn_update_state
                0x00005144        0x6 D:\Program Files (x86)\Cypress\PSoC Creator\3.1\PSoC Creator\psoc\content\cycomponentlibrary\CyComponentLibrary.cylib\BLE_v1_20\Library\gccCyBLEStack_BLE_SOC_PERIPHERAL.a(ll_connection.o)
                0x00005144                ll_conn_fsm_update_conn_update_state

i.ll_conn_fsm_update_enc_state
                0x0000514a        0x6
 i.ll_conn_fsm_update_enc_state
                0x0000514a        0x6 D:\Program Files (x86)\Cypress\PSoC Creator\3.1\PSoC Creator\psoc\content\cycomponentlibrary\CyComponentLibrary.cylib\BLE_v1_20\Library\gccCyBLEStack_BLE_SOC_PERIPHERAL.a(ll_connection.o)
                0x0000514a                ll_conn_fsm_update_enc_state

i.ll_conn_fsm_update_state
                0x00005150        0x4
 i.ll_conn_fsm_update_state
                0x00005150        0x4 D:\Program Files (x86)\Cypress\PSoC Creator\3.1\PSoC Creator\psoc\content\cycomponentlibrary\CyComponentLibrary.cylib\BLE_v1_20\Library\gccCyBLEStack_BLE_SOC_PERIPHERAL.a(ll_connection.o)
                0x00005150                ll_conn_fsm_update_state

i.ll_conn_handle_data_pdu_from_host_when_data_paused
                0x00005154        0x8
 i.ll_conn_handle_data_pdu_from_host_when_data_paused
                0x00005154        0x8 D:\Program Files (x86)\Cypress\PSoC Creator\3.1\PSoC Creator\psoc\content\cycomponentlibrary\CyComponentLibrary.cylib\BLE_v1_20\Library\gccCyBLEStack_BLE_SOC_PERIPHERAL.a(ll_connection.o)
                0x00005154                ll_conn_handle_data_pdu_from_host_when_data_paused

i.ll_conn_handle_direct_adv_timeout
                0x0000515c       0x2a
 i.ll_conn_handle_direct_adv_timeout
                0x0000515c       0x2a D:\Program Files (x86)\Cypress\PSoC Creator\3.1\PSoC Creator\psoc\content\cycomponentlibrary\CyComponentLibrary.cylib\BLE_v1_20\Library\gccCyBLEStack_BLE_SOC_PERIPHERAL.a(ll_connection.o)
                0x0000515c                ll_conn_handle_direct_adv_timeout

i.ll_conn_handle_ping_timer_expired_interrupt
                0x00005188       0x1c
 i.ll_conn_handle_ping_timer_expired_interrupt
                0x00005188       0x1c D:\Program Files (x86)\Cypress\PSoC Creator\3.1\PSoC Creator\psoc\content\cycomponentlibrary\CyComponentLibrary.cylib\BLE_v1_20\Library\gccCyBLEStack_BLE_SOC_PERIPHERAL.a(ll_connection.o)
                0x00005188                ll_conn_handle_ping_timer_expired_interrupt

i.ll_conn_handle_ping_timer_nearly_expired_interrupt
                0x000051a4       0x20
 i.ll_conn_handle_ping_timer_nearly_expired_interrupt
                0x000051a4       0x20 D:\Program Files (x86)\Cypress\PSoC Creator\3.1\PSoC Creator\psoc\content\cycomponentlibrary\CyComponentLibrary.cylib\BLE_v1_20\Library\gccCyBLEStack_BLE_SOC_PERIPHERAL.a(ll_connection.o)
                0x000051a4                ll_conn_handle_ping_timer_nearly_expired_interrupt

i.ll_conn_handle_stop_connectable_adv
                0x000051c4       0x12
 i.ll_conn_handle_stop_connectable_adv
                0x000051c4       0x12 D:\Program Files (x86)\Cypress\PSoC Creator\3.1\PSoC Creator\psoc\content\cycomponentlibrary\CyComponentLibrary.cylib\BLE_v1_20\Library\gccCyBLEStack_BLE_SOC_PERIPHERAL.a(ll_connection.o)
                0x000051c4                ll_conn_handle_stop_connectable_adv

i.ll_conn_process_pending_transactions
                0x000051d6        0x4
 i.ll_conn_process_pending_transactions
                0x000051d6        0x4 D:\Program Files (x86)\Cypress\PSoC Creator\3.1\PSoC Creator\psoc\content\cycomponentlibrary\CyComponentLibrary.cylib\BLE_v1_20\Library\gccCyBLEStack_BLE_SOC_PERIPHERAL.a(ll_connection.o)